2026-07-16 18:25:23,000 [INFO] [VERIFY-FULFILLMENT] 丛雪薇.mood: 50 → 43 (-7)
2026-07-16 18:25:23,000 [INFO] [VERIFY-FULFILLMENT] 丛雪薇.material: 50 → 50 (-0)
2026-07-16 18:25:23,000 [INFO] [VERIFY-FULFILLMENT] 丛雪薇.social: 50 → 43 (-7)
2026-07-16 18:25:23,000 [INFO] [VERIFY-FULFILLMENT] 丛雪薇.esteem: 50 → 43 (-7)
2026-07-16 18:25:23,000 [INFO] [VERIFY-FULFILLMENT] 何敏.mood: 50 → 43 (-7)
2026-07-16 18:25:23,000 [INFO] [VERIFY-FULFILLMENT] 何敏.material: 50 → 50 (-0)
2026-07-16 18:25:23,000 [INFO] [VERIFY-FULFILLMENT] 何敏.social: 50 → 43 (-7)
2026-07-16 18:25:23,000 [INFO] [VERIFY-FULFILLMENT] 何敏.esteem: 50 → 43 (-7)
2026-07-16 18:25:23,001 [INFO] [VERIFY-FULFILLMENT] 刘世刚.mood: 50 → 43 (-7)
2026-07-16 18:25:23,001 [INFO] [VERIFY-FULFILLMENT] 刘世刚.material: 50 → 50 (-0)
2026-07-16 18:25:23,001 [INFO] [VERIFY-FULFILLMENT] 刘世刚.social: 50 → 43 (-7)
2026-07-16 18:25:23,001 [INFO] [VERIFY-FULFILLMENT] 刘世刚.esteem: 50 → 43 (-7)
2026-07-16 18:25:23,001 [INFO] [VERIFY-FULFILLMENT] 刘凡.mood: 50 → 43 (-7)
2026-07-16 18:25:23,001 [INFO] [VERIFY-FULFILLMENT] 刘凡.material: 50 → 50 (-0)
2026-07-16 18:25:23,001 [INFO] [VERIFY-FULFILLMENT] 刘凡.social: 50 → 43 (-7)
2026-07-16 18:25:23,001 [INFO] [VERIFY-FULFILLMENT] 刘凡.esteem: 50 → 43 (-7)
2026-07-16 18:25:23,002 [INFO] [VERIFY-FULFILLMENT] 刘铭.mood: 50 → 43 (-7)
2026-07-16 18:25:23,002 [INFO] [VERIFY-FULFILLMENT] 刘铭.material: 50 → 50 (-0)
2026-07-16 18:25:23,002 [INFO] [VERIFY-FULFILLMENT] 刘铭.social: 50 → 43 (-7)
2026-07-16 18:25:23,002 [INFO] [VERIFY-FULFILLMENT] 刘铭.esteem: 50 → 43 (-7)
