2026-07-16 18:25:22,994 [INFO] [POSITION_APPLICATION] Designed 10 positions for 5 agents
2026-07-16 18:36:57,929 [INFO] [POSITION_APPLICATION] ========== POSITION APPLICATION SEASON START ========== Y2020-W01-settle
2026-07-16 18:36:57,931 [INFO] [POSITION_APPLICATION] 5 agents, 15 positions available
2026-07-16 18:36:57,931 [INFO] [POSITION_APPLICATION] === COLLECT WISHES START === 5 agents, 15 positions available
2026-07-16 18:36:57,931 [INFO] [POSITION_APPLICATION] Position: 京海中学/夜间自习巡查志愿者 (capacity=6, income=30)
2026-07-16 18:36:57,931 [INFO] [POSITION_APPLICATION] Position: 京海中学/心理辅导助理 (capacity=1, income=180)
2026-07-16 18:36:57,931 [INFO] [POSITION_APPLICATION] Position: 京海中学化学教研组/高中化学教师 (capacity=1, income=350)
2026-07-16 18:36:57,931 [INFO] [POSITION_APPLICATION] Position: 京海中学后勤处/学校食堂负责人 (capacity=1, income=200)
2026-07-16 18:36:57,931 [INFO] [POSITION_APPLICATION] Position: 京海中学后勤处/食堂食材质检协理 (capacity=1, income=200)
2026-07-16 18:36:57,931 [INFO] [POSITION_APPLICATION] Position: 京海中学学生会/权益联络员 (capacity=12, income=60)
2026-07-16 18:36:57,931 [INFO] [POSITION_APPLICATION] Position: 京海中学实验室/化学实验助管 (capacity=1, income=220)
2026-07-16 18:36:57,931 [INFO] [POSITION_APPLICATION] Position: 京海中学广播站/校园广播主持人 (capacity=2, income=80)
2026-07-16 18:36:57,931 [INFO] [POSITION_APPLICATION] Position: 京海中学文学社/原创歌词编辑 (capacity=1, income=40)
2026-07-16 18:36:57,931 [INFO] [POSITION_APPLICATION] Position: 京海中学物化生竞赛组/物理实验数据录入员 (capacity=2, income=70)
2026-07-16 18:36:57,931 [INFO] [POSITION_APPLICATION] Position: 京海中学高二年级/高中生 (capacity=1, income=45)
2026-07-16 18:36:57,931 [INFO] [POSITION_APPLICATION] Position: 京海中学高二年级张老师班/高中生 (capacity=1, income=0)
2026-07-16 18:36:57,931 [INFO] [POSITION_APPLICATION] Position: 京海中学高二（6）班/高中生 (capacity=1, income=50)
2026-07-16 18:36:57,931 [INFO] [POSITION_APPLICATION] Position: 京海市少年宫/公益吉他启蒙助教 (capacity=1, income=233)
2026-07-16 18:36:57,931 [INFO] [POSITION_APPLICATION] Position: 京海社区青少年服务中心/课后托管辅导员 (capacity=1, income=160)
2026-07-16 18:36:57,931 [INFO] [POSITION_APPLICATION] 丛雪薇 express_wishes INPUT: current_position=京海中学高二（6）班/高中生, n_positions=15
2026-07-16 18:37:08,123 [INFO] [POSITION_APPLICATION] 丛雪薇 express_wishes OUTPUT: wishes=['京海中学学生会/权益联络员', '京海中学文学社/原创歌词编辑', '京海中学高二（6）班/高中生'], response_preview='（指尖停在笔记本边缘，轻轻摩挲着那根暗红色棉绳——不是无意识的习惯，而是像在确认某个坐标）  心理辅导助理……观察与共情164，达标。   但“协助心理教师开展轻度疏导记录”——我连自己都还没疏导明白，怎么去记别人的沉默？要是看到珂的名字出现在情绪观察表上，我还能写得出“状态平稳”四个字吗？不行。太近了，近得会烫伤。  夜间自习巡查志愿者……30块太少，但“巡查空置教室与走廊照明”——二楼西头，辅...'
2026-07-16 18:37:08,123 [INFO] [POSITION_APPLICATION] 何敏 express_wishes INPUT: current_position=京海中学高二年级张老师班/高中生, n_positions=15
2026-07-16 18:37:19,675 [INFO] [POSITION_APPLICATION] 何敏 express_wishes OUTPUT: wishes=['京海中学/心理辅导助理', '京海中学/夜间自习巡查志愿者', '京海中学学生会/权益联络员'], response_preview='我低头看着自己摊在桌上的手——右手食指外侧那层浅茧，左手腕上褪色的红绳，校服袖口被我无意识攥着的褶皱。  这一年，我坐在最后一排，看了太多：君后脑勺的角度、她反复整理头发的手势、课本上不属于她的字迹、按灭手机时泛红的耳尖……还有那声被吞掉的哭。  我不是想当英雄。我只是不想再做一个“刚好坐在那里”的人。  **心理辅导助理**——这个职位要求观察与共情≥140，而我的观察力是166，共情是85。虽...'
2026-07-16 18:37:19,675 [INFO] [POSITION_APPLICATION] 刘世刚 express_wishes INPUT: current_position=京海中学后勤处/学校食堂负责人, n_positions=14
2026-07-16 18:37:31,759 [INFO] [POSITION_APPLICATION] 刘世刚 express_wishes OUTPUT: wishes=['京海中学后勤处/学校食堂负责人', '京海中学后勤处/食堂食材质检协理'], response_preview='（掏出裤兜里那包红双喜，捏在手里转了两圈，烟盒边角磨得发毛。抬头看了眼后厨墙上那张2012年的奖状——“全市学校食堂评比二等奖”，玻璃蒙了层薄灰，可金字还亮。他伸手抹了把，没擦干净，就停了手）  这十五年，我刘世刚就干了一件事：把京海中学的饭，烧熟、烧香、烧得让人愿意来吃第二碗。  不是不想换换样儿，可这食堂，是我拿命盯出来的——凌晨四点蹲菜市场挑肉，夏天后厨四十度汗流进眼睛不敢揉，三年前那次食安...'
2026-07-16 18:37:31,759 [INFO] [POSITION_APPLICATION] 刘凡 express_wishes INPUT: current_position=京海中学化学教研组/高中化学教师, n_positions=14
2026-07-16 18:37:40,320 [INFO] [POSITION_APPLICATION] 刘凡 express_wishes OUTPUT: wishes=['京海中学化学教研组/高中化学教师', '京海中学实验室/化学实验助管'], response_preview='（翻开旧笔记本，指尖停在“化学实验助管”那行字上——这职位描述像实验室里一张熟悉的试剂标签，清晰、具体、不带多余修饰）  我教了十二年化学，最踏实的地方从来不是讲台，是实验室。器材的编号、试剂的有效期、酒精灯芯的长度……这些数字和刻度，比人际关系更懂我的节奏。这个岗位要求实验操作≥120，我有290；化学≥90，我有251——不是勉强达标，是远远超出。每周多70收入，能补上房租上涨的缺口，还不用改...'
2026-07-16 18:37:40,320 [INFO] [POSITION_APPLICATION] 刘铭 express_wishes INPUT: current_position=京海中学高二年级/高中生, n_positions=15
2026-07-16 18:37:58,043 [INFO] [POSITION_APPLICATION] 刘铭 express_wishes OUTPUT: wishes=['京海中学/夜间自习巡查志愿者', '京海中学物化生竞赛组/物理实验数据录入员', '京海中学高二年级/高中生'], response_preview='(右手无意识地摩挲着迷彩书包带子上那道被缝过两次的裂口，指腹蹭过粗粝的线头。喉结动了动，没咽唾沫，只是把呼吸压得更沉了些。)  留校——不是因为懒，是知道现在跳出去，容易摔断腿。  食堂帮工这活儿，我干得踏实。刘世刚不把我当可怜虫，只当我是个能扛事的人。他教我怎么看油温、怎么记账、怎么在凌晨三点冷库门漏风时第一时间发现——这些不是课本上的字，是能攥在手心的实东西。可质检协理要十七岁，我差三个月。而...'
2026-07-16 18:37:58,043 [INFO] [POSITION_APPLICATION] --- Per-Agent Wishes ---
2026-07-16 18:37:58,043 [INFO] [POSITION_APPLICATION] 丛雪薇 INPUT: original=京海中学高二（6）班/高中生, wishes=['京海中学学生会/权益联络员', '京海中学文学社/原创歌词编辑', '京海中学高二（6）班/高中生']
2026-07-16 18:37:58,043 [INFO] [POSITION_APPLICATION] 何敏 INPUT: original=京海中学高二年级张老师班/高中生, wishes=['京海中学/心理辅导助理', '京海中学/夜间自习巡查志愿者', '京海中学学生会/权益联络员']
2026-07-16 18:37:58,043 [INFO] [POSITION_APPLICATION] 刘世刚 INPUT: original=京海中学后勤处/学校食堂负责人, wishes=['京海中学后勤处/学校食堂负责人', '京海中学后勤处/食堂食材质检协理']
2026-07-16 18:37:58,043 [INFO] [POSITION_APPLICATION] 刘凡 INPUT: original=京海中学化学教研组/高中化学教师, wishes=['京海中学化学教研组/高中化学教师', '京海中学实验室/化学实验助管']
2026-07-16 18:37:58,043 [INFO] [POSITION_APPLICATION] 刘铭 INPUT: original=京海中学高二年级/高中生, wishes=['京海中学/夜间自习巡查志愿者', '京海中学物化生竞赛组/物理实验数据录入员', '京海中学高二年级/高中生']
2026-07-16 18:37:58,043 [INFO] [POSITION_APPLICATION] === COLLECT WISHES COMPLETE === 5 agents collected
2026-07-16 18:37:58,043 [INFO] [POSITION_APPLICATION] === Round 1: Wish Round ===
2026-07-16 18:37:58,043 [INFO] [POSITION_APPLICATION] --- Sub-round 1 ---
2026-07-16 18:37:58,044 [INFO] [POSITION_APPLICATION] Sub-round 1: 3 positions, 1 batches
2026-07-16 18:37:58,044 [INFO] [POSITION_APPLICATION] _process_batch_round1 sub1: positions=['京海中学/心理辅导助理', '京海中学学生会/权益联络员', '京海中学/夜间自习巡查志愿者'], applicants=['何敏', '丛雪薇', '刘铭']
2026-07-16 18:37:58,047 [INFO] [POSITION_APPLICATION] god_evaluate_position_application INPUT: round=1, sub_round=1, positions=[('京海中学/心理辅导助理', 1), ('京海中学学生会/权益联络员', 12), ('京海中学/夜间自习巡查志愿者', 6)], candidates=['丛雪薇', '刘铭', '何敏']
2026-07-16 18:37:59,688 [INFO] [POSITION_APPLICATION] Round 1 Sub-1 - Positions: ['京海中学/心理辅导助理', '京海中学学生会/权益联络员', '京海中学/夜间自习巡查志愿者'], Candidates: 3, Results: {'京海中学/心理辅导助理': ['何敏'], '京海中学学生会/权益联络员': ['丛雪薇'], '京海中学/夜间自习巡查志愿者': ['刘铭']}
2026-07-16 18:37:59,688 [INFO] [POSITION_APPLICATION] God Model results: {'京海中学/心理辅导助理': ['何敏'], '京海中学学生会/权益联络员': ['丛雪薇'], '京海中学/夜间自习巡查志愿者': ['刘铭']}
2026-07-16 18:37:59,688 [INFO] [POSITION_APPLICATION] ACCEPTED: 何敏 → 京海中学/心理辅导助理 (sub_round=1)
2026-07-16 18:37:59,688 [INFO] [POSITION_APPLICATION] ACCEPTED: 丛雪薇 → 京海中学学生会/权益联络员 (sub_round=1)
2026-07-16 18:37:59,688 [INFO] [POSITION_APPLICATION] ACCEPTED: 刘铭 → 京海中学/夜间自习巡查志愿者 (sub_round=1)
2026-07-16 18:37:59,688 [INFO] [POSITION_APPLICATION] --- Sub-round 2 ---
2026-07-16 18:37:59,689 [INFO] [POSITION_APPLICATION] Sub-round 2: no wishes to process
2026-07-16 18:37:59,689 [INFO] [POSITION_APPLICATION] --- Sub-round 3 ---
2026-07-16 18:37:59,689 [INFO] [POSITION_APPLICATION] Sub-round 3: no wishes to process
2026-07-16 18:37:59,689 [INFO] [POSITION_APPLICATION] Round 1 complete: 5 matched
2026-07-16 18:37:59,689 [INFO] [POSITION_APPLICATION] === FINALIZE START ===
2026-07-16 18:37:59,691 [INFO] [POSITION_APPLICATION] --- Per-Agent Results ---
2026-07-16 18:37:59,691 [INFO] [POSITION_APPLICATION] 丛雪薇 OUTPUT: CHANGED original=京海中学高二（6）班/高中生, new=京海中学学生会/权益联络员, wishes=['京海中学学生会/权益联络员', '京海中学文学社/原创歌词编辑', '京海中学高二（6）班/高中生']
2026-07-16 18:37:59,691 [INFO] [POSITION_APPLICATION] 何敏 OUTPUT: CHANGED original=京海中学高二年级张老师班/高中生, new=京海中学/心理辅导助理, wishes=['京海中学/心理辅导助理', '京海中学/夜间自习巡查志愿者', '京海中学学生会/权益联络员']
2026-07-16 18:37:59,691 [INFO] [POSITION_APPLICATION] 刘世刚 OUTPUT: STAYED original=京海中学后勤处/学校食堂负责人, new=京海中学后勤处/学校食堂负责人, wishes=['京海中学后勤处/学校食堂负责人', '京海中学后勤处/食堂食材质检协理']
2026-07-16 18:37:59,691 [INFO] [POSITION_APPLICATION] 刘凡 OUTPUT: STAYED original=京海中学化学教研组/高中化学教师, new=京海中学化学教研组/高中化学教师, wishes=['京海中学化学教研组/高中化学教师', '京海中学实验室/化学实验助管']
2026-07-16 18:37:59,691 [INFO] [POSITION_APPLICATION] 刘铭 OUTPUT: CHANGED original=京海中学高二年级/高中生, new=京海中学/夜间自习巡查志愿者, wishes=['京海中学/夜间自习巡查志愿者', '京海中学物化生竞赛组/物理实验数据录入员', '京海中学高二年级/高中生']
2026-07-16 18:37:59,691 [INFO] [POSITION_APPLICATION] === FINALIZE COMPLETE === 5 accepted (2 stayed, 3 changed, 0 fallback)
2026-07-16 18:37:59,691 [INFO] [POSITION_APPLICATION] Updating colleague relationships
2026-07-16 18:37:59,692 [INFO] [ACHIEVEMENT] 5 agents. Top3: [('何敏', 140, '100.0'), ('丛雪薇', 120, '75.0'), ('刘世刚', 0, '50.0')], Bottom3: [('刘世刚', 0, '50.0'), ('刘凡', 0, '25.0'), ('刘铭', 0, '0.0')]
2026-07-16 18:37:59,693 [INFO] [POSITION_APPLICATION] ========== POSITION APPLICATION SEASON COMPLETE ========== 5 agents processed
