2026-07-16 14:50:57,790 [INFO] [POSITION_APPLICATION] Designed 10 positions for 5 agents
2026-07-16 15:24:51,348 [INFO] [POSITION_APPLICATION] ========== POSITION APPLICATION SEASON START ========== Y2020-W01-settle
2026-07-16 15:24:51,350 [INFO] [POSITION_APPLICATION] 5 agents, 15 positions available
2026-07-16 15:24:51,350 [INFO] [POSITION_APPLICATION] === COLLECT WISHES START === 5 agents, 15 positions available
2026-07-16 15:24:51,350 [INFO] [POSITION_APPLICATION] Position: 京海中学/夜间自习巡查志愿者 (capacity=6, income=30)
2026-07-16 15:24:51,350 [INFO] [POSITION_APPLICATION] Position: 京海中学/心理辅导助理 (capacity=1, income=180)
2026-07-16 15:24:51,350 [INFO] [POSITION_APPLICATION] Position: 京海中学化学教研组/高中化学教师 (capacity=1, income=350)
2026-07-16 15:24:51,350 [INFO] [POSITION_APPLICATION] Position: 京海中学后勤处/学校食堂负责人 (capacity=1, income=200)
2026-07-16 15:24:51,350 [INFO] [POSITION_APPLICATION] Position: 京海中学后勤处/食堂食材质检协理 (capacity=1, income=200)
2026-07-16 15:24:51,350 [INFO] [POSITION_APPLICATION] Position: 京海中学学生会/权益联络员 (capacity=12, income=60)
2026-07-16 15:24:51,350 [INFO] [POSITION_APPLICATION] Position: 京海中学实验室/化学实验助管 (capacity=1, income=220)
2026-07-16 15:24:51,350 [INFO] [POSITION_APPLICATION] Position: 京海中学广播站/校园广播主持人 (capacity=2, income=80)
2026-07-16 15:24:51,350 [INFO] [POSITION_APPLICATION] Position: 京海中学文学社/原创歌词编辑 (capacity=1, income=40)
2026-07-16 15:24:51,350 [INFO] [POSITION_APPLICATION] Position: 京海中学物化生竞赛组/物理实验数据录入员 (capacity=2, income=70)
2026-07-16 15:24:51,350 [INFO] [POSITION_APPLICATION] Position: 京海中学高二年级/高中生 (capacity=1, income=45)
2026-07-16 15:24:51,350 [INFO] [POSITION_APPLICATION] Position: 京海中学高二年级张老师班/高中生 (capacity=1, income=0)
2026-07-16 15:24:51,350 [INFO] [POSITION_APPLICATION] Position: 京海中学高二（6）班/高中生 (capacity=1, income=50)
2026-07-16 15:24:51,350 [INFO] [POSITION_APPLICATION] Position: 京海市少年宫/公益吉他启蒙助教 (capacity=1, income=233)
2026-07-16 15:24:51,350 [INFO] [POSITION_APPLICATION] Position: 京海社区青少年服务中心/课后托管辅导员 (capacity=1, income=160)
2026-07-16 15:24:51,351 [INFO] [POSITION_APPLICATION] 丛雪薇 express_wishes INPUT: current_position=京海中学高二（6）班/高中生, n_positions=15
2026-07-16 15:24:51,352 [INFO] [POSITION_APPLICATION] 何敏 express_wishes INPUT: current_position=京海中学高二年级张老师班/高中生, n_positions=15
2026-07-16 15:24:51,352 [INFO] [POSITION_APPLICATION] 刘世刚 express_wishes INPUT: current_position=京海中学后勤处/学校食堂负责人, n_positions=14
2026-07-16 15:24:51,352 [INFO] [POSITION_APPLICATION] 刘铭 express_wishes INPUT: current_position=京海中学高二年级/高中生, n_positions=15
2026-07-16 15:24:51,352 [INFO] [POSITION_APPLICATION] 刘凡 express_wishes INPUT: current_position=京海中学化学教研组/高中化学教师, n_positions=14
2026-07-16 15:25:05,690 [INFO] [POSITION_APPLICATION] 刘世刚 express_wishes OUTPUT: wishes=['京海中学后勤处/学校食堂负责人'], response_preview='我今年五十二，干食堂管了十五年，手上的茧子比菜单上的油星还厚，心里的谱儿比灶火大小还准。这位置不是铁饭碗，是烫手的铜锅——得时时擦，日日烧，稍一松懈就糊底。  我不想挪窝。不是不敢，是没必要。食堂就是我的地盘，从菜市场挑菜到后厨㸆肉，从学生刘铭切菜的手势到杰老师空着的座位，这一摊子事，我闭着眼都能摸清脉络。换别的活？夜里查教室？我连自己家楼道灯坏了都懒得爬六楼去修；心理辅导助理？我连“共情”俩字写...'
2026-07-16 15:25:05,761 [INFO] [POSITION_APPLICATION] 刘铭 express_wishes OUTPUT: wishes=['京海中学学生会/权益联络员', '京海中学物化生竞赛组/物理实验数据录入员', '京海中学高二年级/高中生'], response_preview='(右手拇指缓慢摩挲下巴那道浅疤，目光低垂，落在旧迷彩书包磨损的背带上。呼吸沉而缓，像在等一口面团醒发——不急，但得准。)  心理辅导助理？工资高，180块一周……可要求“观察与共情≥140”，我只有60。不是不够，是这数字背后要听人哭、陪人熬、把别人的苦往自己心里揣——我不行。我妈在厂里累到咳血都不说，我连她手心裂开的口子都不敢多看一眼，怎么去接别人的泪？  食堂质检协理？200块，跟刘世刚一起干...'
2026-07-16 15:25:05,823 [INFO] [POSITION_APPLICATION] 刘凡 express_wishes OUTPUT: wishes=['京海中学化学教研组/高中化学教师'], response_preview='（指尖停在旧公文包带子的毛边处，慢慢捻着那点粗糙）  继续当化学老师……是当然的。十二年了，实验室每支滴定管放哪儿、哪瓶试剂快过期、哪个学生做焰色反应时手抖——这些都刻在我手上，像试剂痕一样洗不掉。350块一周，够付房租、买试剂、偶尔给母亲寄点茶叶。这不是最好的选择，但它是我的地基。如果连这个都丢了，我真不知道自己还能站哪儿。  （翻了翻备课笔记，停在上周画的“厨房里的化学”PPT草稿旁）  心理...'
2026-07-16 15:25:10,049 [INFO] [POSITION_APPLICATION] 丛雪薇 express_wishes OUTPUT: wishes=['京海中学/心理辅导助理', '京海中学文学社/原创歌词编辑', '京海中学高二（6）班/高中生'], response_preview='（指尖停在笔记本边缘，轻轻敲了两下——像在试音）  心理辅导助理。   观察与共情160，达标。   不是想当救世主，是……我想学怎么把“看见”变成一种不惊扰人的动作。珂最近低着头走路的样子，秋在走廊尽头攥紧又松开的拳头，甚至我自己在镜子里不敢多看三秒的眼神——这些都太重了，光靠写歌词接不住。如果我能学着用专业的方式去听、去记、去守口如瓶……也许下次珂再沉默的时候，我不至于只能盯着她袖口发呆。  ...'
2026-07-16 15:25:10,331 [INFO] [POSITION_APPLICATION] 何敏 express_wishes OUTPUT: wishes=['京海中学/心理辅导助理', '京海中学/夜间自习巡查志愿者', '京海中学学生会/权益联络员'], response_preview='我坐在书桌前，台灯的光圈刚好罩住摊开的日记本。扉页上，蓝黑墨水写的十七行观察记录压着外婆拍的红绳照片，再底下是那封没寄出去的信——“削苹果时刀要斜着走，红绳结要拧两圈再压紧，粥熬到第七分钟最香。”  这三样东西，像三枚钉子，把我最近摇晃的心，一点点钉回原处。  我想申请的职位，不是为了钱，也不是为了看起来“厉害”。是想把那些我一直在做的事，变成一件可以光明正大继续做的事。  第一个，**京海中学/...'
2026-07-16 15:25:10,332 [INFO] [POSITION_APPLICATION] --- Per-Agent Wishes ---
2026-07-16 15:25:10,332 [INFO] [POSITION_APPLICATION] 丛雪薇 INPUT: original=京海中学高二（6）班/高中生, wishes=['京海中学/心理辅导助理', '京海中学文学社/原创歌词编辑', '京海中学高二（6）班/高中生']
2026-07-16 15:25:10,332 [INFO] [POSITION_APPLICATION] 何敏 INPUT: original=京海中学高二年级张老师班/高中生, wishes=['京海中学/心理辅导助理', '京海中学/夜间自习巡查志愿者', '京海中学学生会/权益联络员']
2026-07-16 15:25:10,332 [INFO] [POSITION_APPLICATION] 刘世刚 INPUT: original=京海中学后勤处/学校食堂负责人, wishes=['京海中学后勤处/学校食堂负责人']
2026-07-16 15:25:10,332 [INFO] [POSITION_APPLICATION] 刘凡 INPUT: original=京海中学化学教研组/高中化学教师, wishes=['京海中学化学教研组/高中化学教师']
2026-07-16 15:25:10,332 [INFO] [POSITION_APPLICATION] 刘铭 INPUT: original=京海中学高二年级/高中生, wishes=['京海中学学生会/权益联络员', '京海中学物化生竞赛组/物理实验数据录入员', '京海中学高二年级/高中生']
2026-07-16 15:25:10,332 [INFO] [POSITION_APPLICATION] === COLLECT WISHES COMPLETE === 5 agents collected
2026-07-16 15:25:10,332 [INFO] [POSITION_APPLICATION] === Round 1: Wish Round ===
2026-07-16 15:25:10,332 [INFO] [POSITION_APPLICATION] --- Sub-round 1 ---
2026-07-16 15:25:10,332 [INFO] [POSITION_APPLICATION] Sub-round 1: 2 positions, 1 batches
2026-07-16 15:25:10,332 [INFO] [POSITION_APPLICATION] _process_batch_round1 sub1: positions=['京海中学/心理辅导助理', '京海中学学生会/权益联络员'], applicants=['丛雪薇', '何敏', '刘铭']
2026-07-16 15:25:10,333 [INFO] [POSITION_APPLICATION] god_evaluate_position_application INPUT: round=1, sub_round=1, positions=[('京海中学/心理辅导助理', 1), ('京海中学学生会/权益联络员', 12)], candidates=['丛雪薇', '刘铭', '何敏']
2026-07-16 15:25:12,690 [INFO] [POSITION_APPLICATION] Round 1 Sub-1 - Positions: ['京海中学/心理辅导助理', '京海中学学生会/权益联络员'], Candidates: 3, Results: {'京海中学/心理辅导助理': ['丛雪薇'], '京海中学学生会/权益联络员': ['何敏']}
2026-07-16 15:25:12,690 [INFO] [POSITION_APPLICATION] God Model results: {'京海中学/心理辅导助理': ['丛雪薇'], '京海中学学生会/权益联络员': ['何敏']}
2026-07-16 15:25:12,690 [INFO] [POSITION_APPLICATION] ACCEPTED: 丛雪薇 → 京海中学/心理辅导助理 (sub_round=1)
2026-07-16 15:25:12,690 [INFO] [POSITION_APPLICATION] ACCEPTED: 何敏 → 京海中学学生会/权益联络员 (sub_round=1)
2026-07-16 15:25:12,690 [INFO] [POSITION_APPLICATION] --- Sub-round 2 ---
2026-07-16 15:25:12,690 [INFO] [POSITION_APPLICATION] Sub-round 2: 1 positions, 1 batches
2026-07-16 15:25:12,690 [INFO] [POSITION_APPLICATION] _process_batch_round1 sub2: positions=['京海中学物化生竞赛组/物理实验数据录入员'], applicants=['刘铭']
2026-07-16 15:25:12,691 [INFO] [POSITION_APPLICATION] god_evaluate_position_application INPUT: round=1, sub_round=2, positions=[('京海中学物化生竞赛组/物理实验数据录入员', 2)], candidates=['刘铭']
2026-07-16 15:25:15,360 [INFO] [POSITION_APPLICATION] Round 1 Sub-2 - Positions: ['京海中学物化生竞赛组/物理实验数据录入员'], Candidates: 1, Results: {'京海中学物化生竞赛组/物理实验数据录入员': ['刘铭']}
2026-07-16 15:25:15,360 [INFO] [POSITION_APPLICATION] God Model results: {'京海中学物化生竞赛组/物理实验数据录入员': ['刘铭']}
2026-07-16 15:25:15,360 [INFO] [POSITION_APPLICATION] ACCEPTED: 刘铭 → 京海中学物化生竞赛组/物理实验数据录入员 (sub_round=2)
2026-07-16 15:25:15,360 [INFO] [POSITION_APPLICATION] --- Sub-round 3 ---
2026-07-16 15:25:15,360 [INFO] [POSITION_APPLICATION] Sub-round 3: no wishes to process
2026-07-16 15:25:15,360 [INFO] [POSITION_APPLICATION] Round 1 complete: 5 matched
2026-07-16 15:25:15,360 [INFO] [POSITION_APPLICATION] === FINALIZE START ===
2026-07-16 15:25:15,362 [INFO] [POSITION_APPLICATION] --- Per-Agent Results ---
2026-07-16 15:25:15,362 [INFO] [POSITION_APPLICATION] 丛雪薇 OUTPUT: CHANGED original=京海中学高二（6）班/高中生, new=京海中学/心理辅导助理, wishes=['京海中学/心理辅导助理', '京海中学文学社/原创歌词编辑', '京海中学高二（6）班/高中生']
2026-07-16 15:25:15,362 [INFO] [POSITION_APPLICATION] 何敏 OUTPUT: CHANGED original=京海中学高二年级张老师班/高中生, new=京海中学学生会/权益联络员, wishes=['京海中学/心理辅导助理', '京海中学/夜间自习巡查志愿者', '京海中学学生会/权益联络员']
2026-07-16 15:25:15,363 [INFO] [POSITION_APPLICATION] 刘世刚 OUTPUT: STAYED original=京海中学后勤处/学校食堂负责人, new=京海中学后勤处/学校食堂负责人, wishes=['京海中学后勤处/学校食堂负责人']
2026-07-16 15:25:15,363 [INFO] [POSITION_APPLICATION] 刘凡 OUTPUT: STAYED original=京海中学化学教研组/高中化学教师, new=京海中学化学教研组/高中化学教师, wishes=['京海中学化学教研组/高中化学教师']
2026-07-16 15:25:15,363 [INFO] [POSITION_APPLICATION] 刘铭 OUTPUT: CHANGED original=京海中学高二年级/高中生, new=京海中学物化生竞赛组/物理实验数据录入员, wishes=['京海中学学生会/权益联络员', '京海中学物化生竞赛组/物理实验数据录入员', '京海中学高二年级/高中生']
2026-07-16 15:25:15,363 [INFO] [POSITION_APPLICATION] === FINALIZE COMPLETE === 5 accepted (2 stayed, 3 changed, 0 fallback)
2026-07-16 15:25:15,363 [INFO] [POSITION_APPLICATION] Updating colleague relationships
2026-07-16 15:25:15,363 [INFO] [ACHIEVEMENT] 5 agents. Top3: [('刘铭', 240, '100.0'), ('丛雪薇', 140, '75.0'), ('何敏', 120, '50.0')], Bottom3: [('何敏', 120, '50.0'), ('刘世刚', 0, '25.0'), ('刘凡', 0, '0.0')]
2026-07-16 15:25:15,363 [INFO] [POSITION_APPLICATION] ========== POSITION APPLICATION SEASON COMPLETE ========== 5 agents processed
