2026-07-17 09:06:48,836 [INFO] [VERIFY-ECONOMY] Distributing weekly_income to all agents
2026-07-17 09:06:48,836 [INFO] [VERIFY-ECONOMY] 丛雪薇: total_income=120 (position=50, extra=70), deposit 200 → 320
2026-07-17 09:06:48,836 [INFO] [VERIFY-ECONOMY] 何敏: total_income=120 (position=0, extra=120), deposit 200 → 320
2026-07-17 09:06:48,837 [INFO] [VERIFY-ECONOMY] 刘世刚: total_income=200 (position=200, extra=0), deposit 4000 → 4200
2026-07-17 09:06:48,837 [INFO] [VERIFY-ECONOMY] 刘凡: total_income=350 (position=350, extra=0), deposit 10000 → 10350
2026-07-17 09:06:48,837 [INFO] [VERIFY-ECONOMY] 刘铭: total_income=105 (position=45, extra=60), deposit 150 → 255
2026-07-17 09:06:48,838 [INFO] [VERIFY-ECONOMY] 叶: total_income=115 (position=21, extra=94), deposit 300 → 415
2026-07-17 09:06:48,838 [INFO] [VERIFY-ECONOMY] 吕谦: total_income=167 (position=167, extra=0), deposit 2800 → 2967
2026-07-17 09:06:48,838 [INFO] [VERIFY-ECONOMY] 君: total_income=150 (position=0, extra=150), deposit 800 → 950
2026-07-17 09:06:48,839 [INFO] [VERIFY-ECONOMY] 周原: total_income=115 (position=25, extra=90), deposit 300 → 415
2026-07-17 09:06:48,840 [INFO] [VERIFY-ECONOMY] 周悠: total_income=118 (position=25, extra=93), deposit 300 → 418
2026-07-17 09:06:48,840 [INFO] [VERIFY-ECONOMY] 周知远: total_income=110 (position=0, extra=110), deposit 300 → 410
2026-07-17 09:06:48,841 [INFO] [VERIFY-ECONOMY] 堀北: total_income=112 (position=0, extra=112), deposit 200 → 312
2026-07-17 09:06:48,841 [INFO] [VERIFY-ECONOMY] 堀川凛: total_income=180 (position=0, extra=180), deposit 800 → 980
2026-07-17 09:06:48,842 [INFO] [VERIFY-ECONOMY] 姜鑫: total_income=125 (position=50, extra=75), deposit 300 → 425
2026-07-17 09:06:48,842 [INFO] [VERIFY-ECONOMY] 孙静: total_income=192 (position=192, extra=0), deposit 800 → 992
2026-07-17 09:06:48,842 [INFO] [VERIFY-ECONOMY] 宁颂: total_income=125 (position=0, extra=125), deposit 300 → 425
2026-07-17 09:06:48,843 [INFO] [VERIFY-ECONOMY] 宋慧平: total_income=389 (position=389, extra=0), deposit 10000 → 10389
2026-07-17 09:06:48,843 [INFO] [VERIFY-ECONOMY] 宋瑶: total_income=215 (position=83, extra=132), deposit 800 → 1015
2026-07-17 09:06:48,844 [INFO] [VERIFY-ECONOMY] 岑旭: total_income=108 (position=0, extra=108), deposit 150 → 258
2026-07-17 09:06:48,844 [INFO] [VERIFY-ECONOMY] 峰: total_income=105 (position=25, extra=80), deposit 200 → 305
2026-07-17 09:06:48,844 [INFO] [VERIFY-ECONOMY] 张: total_income=133 (position=106, extra=27), deposit 8000 → 8133
2026-07-17 09:06:48,845 [INFO] [VERIFY-ECONOMY] 律: total_income=500 (position=500, extra=0), deposit 10000 → 10500
2026-07-17 09:06:48,845 [INFO] [VERIFY-ECONOMY] 方序: total_income=120 (position=0, extra=120), deposit 600 → 720
2026-07-17 09:06:48,845 [INFO] [VERIFY-ECONOMY] 方开来: total_income=125 (position=42, extra=83), deposit 600 → 725
2026-07-17 09:06:48,846 [INFO] [VERIFY-ECONOMY] 朴: total_income=110 (position=50, extra=60), deposit 150 → 260
2026-07-17 09:06:48,846 [INFO] [VERIFY-ECONOMY] 朴正浩: total_income=160 (position=0, extra=160), deposit 800 → 960
2026-07-17 09:06:48,847 [INFO] [VERIFY-ECONOMY] 李健: total_income=250 (position=250, extra=0), deposit 5000 → 5250
2026-07-17 09:06:48,847 [INFO] [VERIFY-ECONOMY] 李峥: total_income=140 (position=42, extra=98), deposit 600 → 740
2026-07-17 09:06:48,849 [INFO] [VERIFY-ECONOMY] 杰: total_income=133 (position=106, extra=27), deposit 8000 → 8133
2026-07-17 09:06:48,850 [INFO] [VERIFY-ECONOMY] 林嘉禾: total_income=109 (position=109, extra=0), deposit 5600 → 5709
2026-07-17 09:06:48,850 [INFO] [VERIFY-ECONOMY] 林屿: total_income=120 (position=0, extra=120), deposit 200 → 320
2026-07-17 09:06:48,850 [INFO] [VERIFY-ECONOMY] 林澜: total_income=175 (position=42, extra=133), deposit 800 → 975
2026-07-17 09:06:48,851 [INFO] [VERIFY-ECONOMY] 林珈: total_income=125 (position=0, extra=125), deposit 300 → 425
2026-07-17 09:06:48,851 [INFO] [VERIFY-ECONOMY] 林颂: total_income=120 (position=42, extra=78), deposit 600 → 720
2026-07-17 09:06:48,851 [INFO] [VERIFY-ECONOMY] 柳波: total_income=100 (position=100, extra=0), deposit 1200 → 1300
2026-07-17 09:06:48,852 [INFO] [VERIFY-ECONOMY] 江哲远: total_income=100 (position=100, extra=0), deposit 12000 → 12100
2026-07-17 09:06:48,852 [INFO] [VERIFY-ECONOMY] 江若晚: total_income=500 (position=500, extra=0), deposit 10000 → 10500
2026-07-17 09:06:48,852 [INFO] [VERIFY-ECONOMY] 汤瑶: total_income=250 (position=200, extra=50), deposit 2000 → 2250
2026-07-17 09:06:48,853 [INFO] [VERIFY-ECONOMY] 沈吟: total_income=100 (position=100, extra=0), deposit 8000 → 8100
2026-07-17 09:06:48,853 [INFO] [VERIFY-ECONOMY] 沈弦: total_income=165 (position=0, extra=165), deposit 800 → 965
2026-07-17 09:06:48,854 [INFO] [VERIFY-ECONOMY] 沈敏: total_income=250 (position=250, extra=0), deposit 7000 → 7250
2026-07-17 09:06:48,854 [INFO] [VERIFY-ECONOMY] 沈珩: total_income=155 (position=0, extra=155), deposit 2800 → 2955
2026-07-17 09:06:48,854 [INFO] [VERIFY-ECONOMY] 沈阑: total_income=105 (position=0, extra=105), deposit 150 → 255
2026-07-17 09:06:48,855 [INFO] [VERIFY-ECONOMY] 沐澈: total_income=120 (position=0, extra=120), deposit 300 → 420
2026-07-17 09:06:48,855 [INFO] [VERIFY-ECONOMY] 海: total_income=220 (position=139, extra=81), deposit 3500 → 3720
2026-07-17 09:06:48,855 [INFO] [VERIFY-ECONOMY] 温霁: total_income=115 (position=0, extra=115), deposit 200 → 315
2026-07-17 09:06:48,856 [INFO] [VERIFY-ECONOMY] 潇: total_income=120 (position=0, extra=120), deposit 300 → 420
2026-07-17 09:06:48,856 [INFO] [VERIFY-ECONOMY] 牛广原: total_income=322 (position=322, extra=0), deposit 10000 → 10322
2026-07-17 09:06:48,856 [INFO] [VERIFY-ECONOMY] 牛淑芬: total_income=100 (position=100, extra=0), deposit 85000 → 85100
2026-07-17 09:06:48,857 [INFO] [VERIFY-ECONOMY] 珂: total_income=145 (position=0, extra=145), deposit 600 → 745
2026-07-17 09:06:48,857 [INFO] [VERIFY-ECONOMY] 白凪: total_income=118 (position=0, extra=118), deposit 150 → 268
2026-07-17 09:06:48,858 [INFO] [VERIFY-ECONOMY] 白惟庸: total_income=211 (position=211, extra=0), deposit 10000 → 10211
2026-07-17 09:06:48,858 [INFO] [VERIFY-ECONOMY] 瞿泽安: total_income=115 (position=50, extra=65), deposit 300 → 415
2026-07-17 09:06:48,861 [INFO] [VERIFY-ECONOMY] 祁望舒: total_income=155 (position=0, extra=155), deposit 200 → 355
2026-07-17 09:06:48,861 [INFO] [VERIFY-ECONOMY] 秋: total_income=128 (position=42, extra=86), deposit 800 → 928
2026-07-17 09:06:48,862 [INFO] [VERIFY-ECONOMY] 程吟: total_income=155 (position=0, extra=155), deposit 800 → 955
2026-07-17 09:06:48,862 [INFO] [VERIFY-ECONOMY] 程汐: total_income=112 (position=0, extra=112), deposit 200 → 312
2026-07-17 09:06:48,863 [INFO] [VERIFY-ECONOMY] 程羲: total_income=155 (position=0, extra=155), deposit 800 → 955
2026-07-17 09:06:48,863 [INFO] [VERIFY-ECONOMY] 程遥: total_income=135 (position=0, extra=135), deposit 200 → 335
2026-07-17 09:06:48,863 [INFO] [VERIFY-ECONOMY] 罗守正: total_income=122 (position=122, extra=0), deposit 8000 → 8122
