2026-07-17 09:21:09,893 [INFO] [VERIFY-ENCOUNTER] Created encounter on D1: 刘世刚 meets 孙静 at 食堂打饭窗口区
2026-07-17 09:21:09,893 [INFO]   Scene: Both stand at adjacent windows during the late-lunch overflow; steam from the rice steamer briefly obscures their view just as the line surges forward, forcing them to step sideways into shared space.
2026-07-17 09:21:09,894 [INFO] [VERIFY-ENCOUNTER] Created encounter on D1: 刘凡 meets 程汐 at 化学准备室
2026-07-17 09:21:09,894 [INFO]   Scene: Both enter the prep room at the same moment to retrieve labeled reagent bottles—Erlenmeyer flasks marked 'NaOH (0.1M)' and 'HCl (0.1M)' sit side-by-side on the central counter, unclaimed.
2026-07-17 09:21:09,895 [INFO] [VERIFY-ENCOUNTER] Created encounter on D1: 吕谦 meets 峰 at 体育馆器材室
2026-07-17 09:21:09,895 [INFO]   Scene: Both open the器材室 door at the same time—one holding a clipboard with maintenance logs, the other balancing three disassembled basketball hoops; a loose net coil rolls between them toward the threshold.
2026-07-17 09:21:09,895 [INFO] [VERIFY-ENCOUNTER] Created encounter on D1: 周悠 meets 白凪 at 心理咨询室
2026-07-17 09:21:09,895 [INFO]   Scene: Both pause outside the closed door—the sign reads ‘In Session’ but no light glows beneath it; white noise hums faintly through the frame, and both hold identical insulated mugs emitting thin wisps of herbal steam.
2026-07-17 09:21:09,896 [INFO] [VERIFY-ENCOUNTER] Created encounter on D1: 周知远 meets 程遥 at 图书馆古籍修复角
2026-07-17 09:21:09,896 [INFO]   Scene: Both kneel beside opposite ends of the long restoration table; a single torn folio from a 17th-century county gazetteer lies centered under the lamp, held down by two separate weights—a brass paperweight and a smooth river stone.
2026-07-17 09:21:09,896 [INFO] [VERIFY-ENCOUNTER] Created encounter on D1: 宋慧平 meets 林嘉禾 at 教师办公室(高二年级)
2026-07-17 09:21:09,896 [INFO]   Scene: Both approach the office door holding identical red-marked student essays; the overhead light blinks once as they turn the handle, illuminating stacked folders labeled ‘Q3 English Diagnostic’ on the nearest desk.
2026-07-17 09:21:09,897 [INFO] [VERIFY-ENCOUNTER] Created encounter on D1: 沈敏 meets 牛淑芬 at 医务室候诊区
2026-07-17 09:21:09,897 [INFO]   Scene: Both sit on opposing vinyl chairs facing the nurse’s station; a digital clock above the sink reads 16:47, and the automatic dispenser dispenses a single cotton swab—then jams mid-cycle.
2026-07-17 09:21:09,898 [INFO] [VERIFY-ENCOUNTER] Created encounter on D2: 何敏 meets 叶 at 地理地质角
2026-07-17 09:21:09,898 [INFO]   Scene: Both examine the rotating globe display;叶’s finger traces the equator while何敏’s rests on the cracked marble base where a tiny fissure runs parallel to the Prime Meridian engraving.
2026-07-17 09:21:09,898 [INFO] [VERIFY-ENCOUNTER] Created encounter on D2: 君 meets 堀北 at 二楼西段走廊
2026-07-17 09:21:09,898 [INFO]   Scene: Both exit classrooms directly across from each other—君 closes her physics textbook while堀北 slides a worn index card into her pencil case; neither looks up, but their footsteps sync for three strides before diverging.
2026-07-17 09:21:09,899 [INFO] [VERIFY-ENCOUNTER] Created encounter on D2: 堀川凛 meets 沐澈 at 美术教室陶艺区
2026-07-17 09:21:09,899 [INFO]   Scene: Both work at adjacent pottery wheels; one centers a wet clay slab while the other trims excess from a nearly finished vase—both pieces bear subtle impressions of interlocking circles near their bases.
2026-07-17 09:21:09,899 [INFO] [VERIFY-ENCOUNTER] Created encounter on D2: 周原 meets 姜鑫 at 物理创新实验室
2026-07-17 09:21:09,899 [INFO]   Scene: Both adjust settings on adjacent oscilloscopes; the screen grids flash identical sine-wave patterns, then stutter simultaneously when the lab’s emergency power switch emits a low buzz.
2026-07-17 09:21:09,900 [INFO] [VERIFY-ENCOUNTER] Created encounter on D2: 孙静 meets 程羲 at 食堂打饭窗口区
2026-07-17 09:21:09,900 [INFO]   Scene: Both wait in line behind the same tray-return conveyor belt;程羲 places her empty bento box just as孙静 reaches to wipe condensation from the stainless-steel rail—her cloth catches the edge of the box lid.
2026-07-17 09:21:09,900 [INFO] [VERIFY-ENCOUNTER] Created encounter on D2: 宁颂 meets 牛广原 at 心理咨询室
2026-07-17 09:21:09,900 [INFO]   Scene: Both stand outside the closed door marked ‘Session in Progress’;宁颂 holds a crumpled flyer for ‘Peer Listening Training’, while牛广原’s hand rests lightly on the doorknob—his wristwatch shows 15:59.
2026-07-17 09:21:09,900 [INFO] [VERIFY-ENCOUNTER] Created encounter on D2: 宋瑶 meets 沈珩 at 校内快递代收点
2026-07-17 09:21:09,901 [INFO]   Scene: Both scan QR codes at adjacent kiosks;宋瑶’s package notification flashes ‘DELIVERED’, while沈珩’s displays ‘PICKUP REQUIRED’—both tracking numbers begin with ‘JX-202001’.
2026-07-17 09:21:09,901 [INFO] [VERIFY-ENCOUNTER] Created encounter on D2: 岑旭 meets 林珈 at 心理社团活动室
2026-07-17 09:21:09,901 [INFO]   Scene: Both arrange folding chairs in concentric circles;林珈 places a stack of laminated empathy cards on the central table while岑旭 aligns the last chair so its leg overlaps the taped outline of a prior session’s seating chart.
2026-07-17 09:21:09,901 [INFO] [VERIFY-ENCOUNTER] Created encounter on D2: 峰 meets 朴 at 体育馆器材室
2026-07-17 09:21:09,901 [INFO]   Scene: Both inventory basketballs under the fluorescent lights; one records serial numbers in a ledger while the other tests air pressure with a gauge—both stop when the needle trembles precisely at 8.5 psi.
2026-07-17 09:21:09,902 [INFO] [VERIFY-ENCOUNTER] Created encounter on D2: 张 meets 律 at 教师办公室(高二年级)
2026-07-17 09:21:09,902 [INFO]   Scene: Both review printed rosters placed side-by-side on the conference table;张’s copy bears circled names including ‘君’, while律’s highlights ‘杰’ in red pen beside the tutoring schedule annex.
2026-07-17 09:21:09,902 [INFO] [VERIFY-ENCOUNTER] Created encounter on D2: 方开来 meets 海 at 广播站播音室
2026-07-17 09:21:09,902 [INFO]   Scene: Both enter the soundproofed room carrying USB drives; the monitor displays a paused audio waveform—identical timestamps (14:32:17) blink on both devices’ screens.
2026-07-17 09:21:09,903 [INFO] [VERIFY-ENCOUNTER] Created encounter on D2: 朴正浩 meets 潇 at 宿舍楼公共洗衣房
2026-07-17 09:21:09,903 [INFO]   Scene: Both load detergent pods into adjacent dryers;潇 drops hers first, and朴正浩’s pod tumbles out of its foil wrapper just as the dryer cycle initiates with a chime.
2026-07-17 09:21:09,903 [INFO] [VERIFY-ENCOUNTER] Created encounter on D2: 李健 meets 李峥 at 田径场看台东侧阶梯
2026-07-17 09:21:09,903 [INFO]   Scene: Both lean against the railing overlooking the track;李健’s coaching whistle dangles untouched, while李峥’s phone vibrates silently in his pocket—screen lit with a message preview reading ‘…not normal. Watch Room 204.’
2026-07-17 09:21:09,903 [INFO] [VERIFY-ENCOUNTER] Created encounter on D2: 杰 meets 江若晚 at 校内小花园凉亭
2026-07-17 09:21:09,903 [INFO]   Scene: Both sit on opposite benches beneath the wisteria arbor;杰’s tote bag rests on the seat beside him, partially unzipped to reveal a dog-eared poetry anthology, while江若晚’s hand lingers near a sealed envelope addressed in familiar handwriting.
2026-07-17 09:21:09,904 [INFO] [VERIFY-ENCOUNTER] Created encounter on D2: 周悠 meets 林屿 at 心理咨询室
2026-07-17 09:21:09,904 [INFO]   Scene: Both wait in silence on plastic chairs flanking the doorway;林屿’s sketchbook lies flat on her lap, pages subtly warped by humidity, while周悠’s fingers rest on the spine of a paperback titled *When the Body Says No*.
2026-07-17 09:21:09,904 [INFO] [VERIFY-ENCOUNTER] Created encounter on D2: 林澜 meets 珂 at 校史陈列室
2026-07-17 09:21:09,904 [INFO]   Scene: Both study the timeline mural depicting faculty appointments;林澜’s finger hovers over ‘2017–Present: Jie, English Dept.’, while珂’s thumb presses gently on the photo of ‘Class of 2020 Valedictorian — Qiu’ embedded in the adjacent plaque.
2026-07-17 09:21:09,905 [INFO] [VERIFY-ENCOUNTER] Created encounter on D2: 林颂 meets 秋 at 宿舍楼公共洗衣房
2026-07-17 09:21:09,905 [INFO]   Scene: Both fold damp towels at the long counter;秋’s motions are precise and repetitive, while林颂 pauses each time a laundry cart rattles past the open door—its wheels squeaking in the same rhythm as秋’s breath.
2026-07-17 09:21:09,905 [INFO] [VERIFY-ENCOUNTER] Created encounter on D2: 柳波 meets 沈吟 at 音乐教室钢琴角
2026-07-17 09:21:09,905 [INFO]   Scene: Both stand beside the upright piano;沈吟’s palm rests on the closed lid while柳波’s fingers brush the keys—producing no sound, yet the sustain pedal depresses slightly under unseen weight.
2026-07-17 09:21:09,905 [INFO] [VERIFY-ENCOUNTER] Created encounter on D2: 宋慧平 meets 江哲远 at 语文教研组办公室
2026-07-17 09:21:09,905 [INFO]   Scene: Both review annotated curriculum documents spread across the oak table; a marginal note in江哲远’s hand reads ‘See ethics advisory §3.2’, mirrored verbatim in宋慧平’s draft memo header.
2026-07-17 09:21:09,906 [INFO] [VERIFY-ENCOUNTER] Created encounter on D2: 沈弦 meets 程吟 at 图书馆报刊阅览区
2026-07-17 09:21:09,906 [INFO]   Scene: Both pull copies of *The New Yorker* from the same shelf slot;程吟’s issue features ‘The Silence Between Notes’ on the cover, while沈弦’s opens to a letter-to-the-editor about ethical boundaries in mentorship.
2026-07-17 09:21:09,906 [INFO] [VERIFY-ENCOUNTER] Created encounter on D2: 白凪 meets 程遥 at 图书馆报刊阅览区
2026-07-17 09:21:09,906 [INFO]   Scene: Both read the same article in *Health Today*—‘Secondary Trauma in Caregivers’—with bookmarks placed at identical paragraphs;程遥’s is a train ticket stub, 白凪’s a tea-stained receipt for ‘Mother’s Tonic #7’.
2026-07-17 09:21:09,906 [INFO] [VERIFY-ENCOUNTER] Created encounter on D2: 刘世刚 meets 刘铭 at 食堂打饭窗口区
2026-07-17 09:21:09,906 [INFO]   Scene: Both receive identical meal vouchers stamped ‘Staff Auxiliary Support’;刘铭’s voucher is clipped to his apron,刘世刚’s rests atop a stack of lunch tickets bound with twine.
