2026-07-17 09:06:48,821 [INFO] [VERIFY-FULFILLMENT] 丛雪薇.mood: 50 → 43 (-7)
2026-07-17 09:06:48,821 [INFO] [VERIFY-FULFILLMENT] 丛雪薇.material: 50 → 50 (-0)
2026-07-17 09:06:48,821 [INFO] [VERIFY-FULFILLMENT] 丛雪薇.social: 50 → 43 (-7)
2026-07-17 09:06:48,821 [INFO] [VERIFY-FULFILLMENT] 丛雪薇.esteem: 50 → 43 (-7)
2026-07-17 09:06:48,821 [INFO] [VERIFY-FULFILLMENT] 何敏.mood: 50 → 43 (-7)
2026-07-17 09:06:48,821 [INFO] [VERIFY-FULFILLMENT] 何敏.material: 50 → 50 (-0)
2026-07-17 09:06:48,821 [INFO] [VERIFY-FULFILLMENT] 何敏.social: 50 → 43 (-7)
2026-07-17 09:06:48,821 [INFO] [VERIFY-FULFILLMENT] 何敏.esteem: 50 → 43 (-7)
2026-07-17 09:06:48,821 [INFO] [VERIFY-FULFILLMENT] 刘世刚.mood: 50 → 43 (-7)
2026-07-17 09:06:48,821 [INFO] [VERIFY-FULFILLMENT] 刘世刚.material: 50 → 50 (-0)
2026-07-17 09:06:48,821 [INFO] [VERIFY-FULFILLMENT] 刘世刚.social: 50 → 43 (-7)
2026-07-17 09:06:48,821 [INFO] [VERIFY-FULFILLMENT] 刘世刚.esteem: 50 → 43 (-7)
2026-07-17 09:06:48,821 [INFO] [VERIFY-FULFILLMENT] 刘凡.mood: 50 → 43 (-7)
2026-07-17 09:06:48,821 [INFO] [VERIFY-FULFILLMENT] 刘凡.material: 50 → 50 (-0)
2026-07-17 09:06:48,821 [INFO] [VERIFY-FULFILLMENT] 刘凡.social: 50 → 43 (-7)
2026-07-17 09:06:48,821 [INFO] [VERIFY-FULFILLMENT] 刘凡.esteem: 50 → 43 (-7)
2026-07-17 09:06:48,822 [INFO] [VERIFY-FULFILLMENT] 刘铭.mood: 50 → 43 (-7)
2026-07-17 09:06:48,822 [INFO] [VERIFY-FULFILLMENT] 刘铭.material: 50 → 50 (-0)
2026-07-17 09:06:48,822 [INFO] [VERIFY-FULFILLMENT] 刘铭.social: 50 → 43 (-7)
2026-07-17 09:06:48,822 [INFO] [VERIFY-FULFILLMENT] 刘铭.esteem: 50 → 43 (-7)
2026-07-17 09:06:48,822 [INFO] [VERIFY-FULFILLMENT] 叶.mood: 50 → 43 (-7)
2026-07-17 09:06:48,822 [INFO] [VERIFY-FULFILLMENT] 叶.material: 50 → 50 (-0)
2026-07-17 09:06:48,822 [INFO] [VERIFY-FULFILLMENT] 叶.social: 50 → 43 (-7)
2026-07-17 09:06:48,822 [INFO] [VERIFY-FULFILLMENT] 叶.esteem: 50 → 43 (-7)
2026-07-17 09:06:48,822 [INFO] [VERIFY-FULFILLMENT] 吕谦.mood: 50 → 43 (-7)
2026-07-17 09:06:48,822 [INFO] [VERIFY-FULFILLMENT] 吕谦.material: 50 → 50 (-0)
2026-07-17 09:06:48,822 [INFO] [VERIFY-FULFILLMENT] 吕谦.social: 50 → 43 (-7)
2026-07-17 09:06:48,822 [INFO] [VERIFY-FULFILLMENT] 吕谦.esteem: 50 → 43 (-7)
2026-07-17 09:06:48,822 [INFO] [VERIFY-FULFILLMENT] 君.mood: 50 → 43 (-7)
2026-07-17 09:06:48,822 [INFO] [VERIFY-FULFILLMENT] 君.material: 50 → 50 (-0)
2026-07-17 09:06:48,822 [INFO] [VERIFY-FULFILLMENT] 君.social: 50 → 43 (-7)
2026-07-17 09:06:48,822 [INFO] [VERIFY-FULFILLMENT] 君.esteem: 50 → 43 (-7)
2026-07-17 09:06:48,823 [INFO] [VERIFY-FULFILLMENT] 周原.mood: 50 → 43 (-7)
2026-07-17 09:06:48,823 [INFO] [VERIFY-FULFILLMENT] 周原.material: 50 → 50 (-0)
2026-07-17 09:06:48,823 [INFO] [VERIFY-FULFILLMENT] 周原.social: 50 → 43 (-7)
2026-07-17 09:06:48,823 [INFO] [VERIFY-FULFILLMENT] 周原.esteem: 50 → 43 (-7)
2026-07-17 09:06:48,823 [INFO] [VERIFY-FULFILLMENT] 周悠.mood: 50 → 43 (-7)
2026-07-17 09:06:48,823 [INFO] [VERIFY-FULFILLMENT] 周悠.material: 50 → 50 (-0)
2026-07-17 09:06:48,823 [INFO] [VERIFY-FULFILLMENT] 周悠.social: 50 → 43 (-7)
2026-07-17 09:06:48,823 [INFO] [VERIFY-FULFILLMENT] 周悠.esteem: 50 → 43 (-7)
2026-07-17 09:06:48,823 [INFO] [VERIFY-FULFILLMENT] 周知远.mood: 50 → 43 (-7)
2026-07-17 09:06:48,823 [INFO] [VERIFY-FULFILLMENT] 周知远.material: 50 → 50 (-0)
2026-07-17 09:06:48,823 [INFO] [VERIFY-FULFILLMENT] 周知远.social: 50 → 43 (-7)
2026-07-17 09:06:48,823 [INFO] [VERIFY-FULFILLMENT] 周知远.esteem: 50 → 43 (-7)
2026-07-17 09:06:48,823 [INFO] [VERIFY-FULFILLMENT] 堀北.mood: 50 → 43 (-7)
2026-07-17 09:06:48,824 [INFO] [VERIFY-FULFILLMENT] 堀北.material: 50 → 50 (-0)
2026-07-17 09:06:48,824 [INFO] [VERIFY-FULFILLMENT] 堀北.social: 50 → 43 (-7)
2026-07-17 09:06:48,824 [INFO] [VERIFY-FULFILLMENT] 堀北.esteem: 50 → 43 (-7)
2026-07-17 09:06:48,824 [INFO] [VERIFY-FULFILLMENT] 堀川凛.mood: 50 → 43 (-7)
2026-07-17 09:06:48,824 [INFO] [VERIFY-FULFILLMENT] 堀川凛.material: 50 → 50 (-0)
2026-07-17 09:06:48,824 [INFO] [VERIFY-FULFILLMENT] 堀川凛.social: 50 → 43 (-7)
2026-07-17 09:06:48,824 [INFO] [VERIFY-FULFILLMENT] 堀川凛.esteem: 50 → 43 (-7)
2026-07-17 09:06:48,824 [INFO] [VERIFY-FULFILLMENT] 姜鑫.mood: 50 → 43 (-7)
2026-07-17 09:06:48,824 [INFO] [VERIFY-FULFILLMENT] 姜鑫.material: 50 → 50 (-0)
2026-07-17 09:06:48,824 [INFO] [VERIFY-FULFILLMENT] 姜鑫.social: 50 → 43 (-7)
2026-07-17 09:06:48,824 [INFO] [VERIFY-FULFILLMENT] 姜鑫.esteem: 50 → 43 (-7)
2026-07-17 09:06:48,824 [INFO] [VERIFY-FULFILLMENT] 孙静.mood: 50 → 43 (-7)
2026-07-17 09:06:48,824 [INFO] [VERIFY-FULFILLMENT] 孙静.material: 50 → 50 (-0)
2026-07-17 09:06:48,824 [INFO] [VERIFY-FULFILLMENT] 孙静.social: 50 → 43 (-7)
2026-07-17 09:06:48,824 [INFO] [VERIFY-FULFILLMENT] 孙静.esteem: 50 → 43 (-7)
2026-07-17 09:06:48,825 [INFO] [VERIFY-FULFILLMENT] 宁颂.mood: 50 → 43 (-7)
2026-07-17 09:06:48,825 [INFO] [VERIFY-FULFILLMENT] 宁颂.material: 50 → 50 (-0)
2026-07-17 09:06:48,825 [INFO] [VERIFY-FULFILLMENT] 宁颂.social: 50 → 43 (-7)
2026-07-17 09:06:48,825 [INFO] [VERIFY-FULFILLMENT] 宁颂.esteem: 50 → 43 (-7)
2026-07-17 09:06:48,825 [INFO] [VERIFY-FULFILLMENT] 宋慧平.mood: 50 → 43 (-7)
2026-07-17 09:06:48,825 [INFO] [VERIFY-FULFILLMENT] 宋慧平.material: 50 → 50 (-0)
2026-07-17 09:06:48,825 [INFO] [VERIFY-FULFILLMENT] 宋慧平.social: 50 → 43 (-7)
2026-07-17 09:06:48,825 [INFO] [VERIFY-FULFILLMENT] 宋慧平.esteem: 50 → 43 (-7)
2026-07-17 09:06:48,825 [INFO] [VERIFY-FULFILLMENT] 宋瑶.mood: 50 → 43 (-7)
2026-07-17 09:06:48,825 [INFO] [VERIFY-FULFILLMENT] 宋瑶.material: 50 → 50 (-0)
2026-07-17 09:06:48,825 [INFO] [VERIFY-FULFILLMENT] 宋瑶.social: 50 → 43 (-7)
2026-07-17 09:06:48,825 [INFO] [VERIFY-FULFILLMENT] 宋瑶.esteem: 50 → 43 (-7)
2026-07-17 09:06:48,825 [INFO] [VERIFY-FULFILLMENT] 岑旭.mood: 50 → 43 (-7)
2026-07-17 09:06:48,825 [INFO] [VERIFY-FULFILLMENT] 岑旭.material: 50 → 50 (-0)
2026-07-17 09:06:48,825 [INFO] [VERIFY-FULFILLMENT] 岑旭.social: 50 → 43 (-7)
2026-07-17 09:06:48,825 [INFO] [VERIFY-FULFILLMENT] 岑旭.esteem: 50 → 43 (-7)
2026-07-17 09:06:48,826 [INFO] [VERIFY-FULFILLMENT] 峰.mood: 50 → 43 (-7)
2026-07-17 09:06:48,826 [INFO] [VERIFY-FULFILLMENT] 峰.material: 50 → 50 (-0)
2026-07-17 09:06:48,826 [INFO] [VERIFY-FULFILLMENT] 峰.social: 50 → 43 (-7)
2026-07-17 09:06:48,826 [INFO] [VERIFY-FULFILLMENT] 峰.esteem: 50 → 43 (-7)
2026-07-17 09:06:48,826 [INFO] [VERIFY-FULFILLMENT] 张.mood: 50 → 43 (-7)
2026-07-17 09:06:48,826 [INFO] [VERIFY-FULFILLMENT] 张.material: 50 → 50 (-0)
2026-07-17 09:06:48,826 [INFO] [VERIFY-FULFILLMENT] 张.social: 50 → 43 (-7)
2026-07-17 09:06:48,826 [INFO] [VERIFY-FULFILLMENT] 张.esteem: 50 → 43 (-7)
2026-07-17 09:06:48,826 [INFO] [VERIFY-FULFILLMENT] 律.mood: 50 → 43 (-7)
2026-07-17 09:06:48,826 [INFO] [VERIFY-FULFILLMENT] 律.material: 50 → 50 (-0)
2026-07-17 09:06:48,826 [INFO] [VERIFY-FULFILLMENT] 律.social: 50 → 43 (-7)
2026-07-17 09:06:48,826 [INFO] [VERIFY-FULFILLMENT] 律.esteem: 50 → 43 (-7)
2026-07-17 09:06:48,826 [INFO] [VERIFY-FULFILLMENT] 方序.mood: 50 → 43 (-7)
2026-07-17 09:06:48,826 [INFO] [VERIFY-FULFILLMENT] 方序.material: 50 → 50 (-0)
2026-07-17 09:06:48,826 [INFO] [VERIFY-FULFILLMENT] 方序.social: 50 → 43 (-7)
2026-07-17 09:06:48,826 [INFO] [VERIFY-FULFILLMENT] 方序.esteem: 50 → 43 (-7)
2026-07-17 09:06:48,826 [INFO] [VERIFY-FULFILLMENT] 方开来.mood: 50 → 43 (-7)
2026-07-17 09:06:48,826 [INFO] [VERIFY-FULFILLMENT] 方开来.material: 50 → 50 (-0)
2026-07-17 09:06:48,826 [INFO] [VERIFY-FULFILLMENT] 方开来.social: 50 → 43 (-7)
2026-07-17 09:06:48,826 [INFO] [VERIFY-FULFILLMENT] 方开来.esteem: 50 → 43 (-7)
2026-07-17 09:06:48,827 [INFO] [VERIFY-FULFILLMENT] 朴.mood: 50 → 43 (-7)
2026-07-17 09:06:48,827 [INFO] [VERIFY-FULFILLMENT] 朴.material: 50 → 50 (-0)
2026-07-17 09:06:48,827 [INFO] [VERIFY-FULFILLMENT] 朴.social: 50 → 43 (-7)
2026-07-17 09:06:48,827 [INFO] [VERIFY-FULFILLMENT] 朴.esteem: 50 → 43 (-7)
2026-07-17 09:06:48,827 [INFO] [VERIFY-FULFILLMENT] 朴正浩.mood: 50 → 43 (-7)
2026-07-17 09:06:48,827 [INFO] [VERIFY-FULFILLMENT] 朴正浩.material: 50 → 50 (-0)
2026-07-17 09:06:48,827 [INFO] [VERIFY-FULFILLMENT] 朴正浩.social: 50 → 43 (-7)
2026-07-17 09:06:48,827 [INFO] [VERIFY-FULFILLMENT] 朴正浩.esteem: 50 → 43 (-7)
2026-07-17 09:06:48,827 [INFO] [VERIFY-FULFILLMENT] 李健.mood: 50 → 43 (-7)
2026-07-17 09:06:48,827 [INFO] [VERIFY-FULFILLMENT] 李健.material: 50 → 50 (-0)
2026-07-17 09:06:48,827 [INFO] [VERIFY-FULFILLMENT] 李健.social: 50 → 43 (-7)
2026-07-17 09:06:48,827 [INFO] [VERIFY-FULFILLMENT] 李健.esteem: 50 → 43 (-7)
2026-07-17 09:06:48,827 [INFO] [VERIFY-FULFILLMENT] 李峥.mood: 50 → 43 (-7)
2026-07-17 09:06:48,827 [INFO] [VERIFY-FULFILLMENT] 李峥.material: 50 → 50 (-0)
2026-07-17 09:06:48,827 [INFO] [VERIFY-FULFILLMENT] 李峥.social: 50 → 43 (-7)
2026-07-17 09:06:48,827 [INFO] [VERIFY-FULFILLMENT] 李峥.esteem: 50 → 43 (-7)
2026-07-17 09:06:48,828 [INFO] [VERIFY-FULFILLMENT] 杰.mood: 50 → 43 (-7)
2026-07-17 09:06:48,828 [INFO] [VERIFY-FULFILLMENT] 杰.material: 50 → 50 (-0)
2026-07-17 09:06:48,828 [INFO] [VERIFY-FULFILLMENT] 杰.social: 50 → 43 (-7)
2026-07-17 09:06:48,828 [INFO] [VERIFY-FULFILLMENT] 杰.esteem: 50 → 43 (-7)
2026-07-17 09:06:48,828 [INFO] [VERIFY-FULFILLMENT] 林嘉禾.mood: 50 → 43 (-7)
2026-07-17 09:06:48,828 [INFO] [VERIFY-FULFILLMENT] 林嘉禾.material: 50 → 50 (-0)
2026-07-17 09:06:48,828 [INFO] [VERIFY-FULFILLMENT] 林嘉禾.social: 50 → 43 (-7)
2026-07-17 09:06:48,828 [INFO] [VERIFY-FULFILLMENT] 林嘉禾.esteem: 50 → 43 (-7)
2026-07-17 09:06:48,828 [INFO] [VERIFY-FULFILLMENT] 林屿.mood: 50 → 43 (-7)
2026-07-17 09:06:48,828 [INFO] [VERIFY-FULFILLMENT] 林屿.material: 50 → 50 (-0)
2026-07-17 09:06:48,828 [INFO] [VERIFY-FULFILLMENT] 林屿.social: 50 → 43 (-7)
2026-07-17 09:06:48,828 [INFO] [VERIFY-FULFILLMENT] 林屿.esteem: 50 → 43 (-7)
2026-07-17 09:06:48,828 [INFO] [VERIFY-FULFILLMENT] 林澜.mood: 50 → 43 (-7)
2026-07-17 09:06:48,828 [INFO] [VERIFY-FULFILLMENT] 林澜.material: 50 → 50 (-0)
2026-07-17 09:06:48,828 [INFO] [VERIFY-FULFILLMENT] 林澜.social: 50 → 43 (-7)
2026-07-17 09:06:48,828 [INFO] [VERIFY-FULFILLMENT] 林澜.esteem: 50 → 43 (-7)
2026-07-17 09:06:48,829 [INFO] [VERIFY-FULFILLMENT] 林珈.mood: 50 → 43 (-7)
2026-07-17 09:06:48,829 [INFO] [VERIFY-FULFILLMENT] 林珈.material: 50 → 50 (-0)
2026-07-17 09:06:48,829 [INFO] [VERIFY-FULFILLMENT] 林珈.social: 50 → 43 (-7)
2026-07-17 09:06:48,829 [INFO] [VERIFY-FULFILLMENT] 林珈.esteem: 50 → 43 (-7)
2026-07-17 09:06:48,829 [INFO] [VERIFY-FULFILLMENT] 林颂.mood: 50 → 43 (-7)
2026-07-17 09:06:48,829 [INFO] [VERIFY-FULFILLMENT] 林颂.material: 50 → 50 (-0)
2026-07-17 09:06:48,829 [INFO] [VERIFY-FULFILLMENT] 林颂.social: 50 → 43 (-7)
2026-07-17 09:06:48,829 [INFO] [VERIFY-FULFILLMENT] 林颂.esteem: 50 → 43 (-7)
2026-07-17 09:06:48,829 [INFO] [VERIFY-FULFILLMENT] 柳波.mood: 50 → 43 (-7)
2026-07-17 09:06:48,829 [INFO] [VERIFY-FULFILLMENT] 柳波.material: 50 → 50 (-0)
2026-07-17 09:06:48,829 [INFO] [VERIFY-FULFILLMENT] 柳波.social: 50 → 43 (-7)
2026-07-17 09:06:48,829 [INFO] [VERIFY-FULFILLMENT] 柳波.esteem: 50 → 43 (-7)
2026-07-17 09:06:48,829 [INFO] [VERIFY-FULFILLMENT] 江哲远.mood: 50 → 43 (-7)
2026-07-17 09:06:48,829 [INFO] [VERIFY-FULFILLMENT] 江哲远.material: 50 → 50 (-0)
2026-07-17 09:06:48,829 [INFO] [VERIFY-FULFILLMENT] 江哲远.social: 50 → 43 (-7)
2026-07-17 09:06:48,829 [INFO] [VERIFY-FULFILLMENT] 江哲远.esteem: 50 → 43 (-7)
2026-07-17 09:06:48,830 [INFO] [VERIFY-FULFILLMENT] 江若晚.mood: 50 → 43 (-7)
2026-07-17 09:06:48,830 [INFO] [VERIFY-FULFILLMENT] 江若晚.material: 50 → 50 (-0)
2026-07-17 09:06:48,830 [INFO] [VERIFY-FULFILLMENT] 江若晚.social: 50 → 43 (-7)
2026-07-17 09:06:48,830 [INFO] [VERIFY-FULFILLMENT] 江若晚.esteem: 50 → 43 (-7)
2026-07-17 09:06:48,830 [INFO] [VERIFY-FULFILLMENT] 汤瑶.mood: 50 → 43 (-7)
2026-07-17 09:06:48,830 [INFO] [VERIFY-FULFILLMENT] 汤瑶.material: 50 → 50 (-0)
2026-07-17 09:06:48,830 [INFO] [VERIFY-FULFILLMENT] 汤瑶.social: 50 → 43 (-7)
2026-07-17 09:06:48,830 [INFO] [VERIFY-FULFILLMENT] 汤瑶.esteem: 50 → 43 (-7)
2026-07-17 09:06:48,830 [INFO] [VERIFY-FULFILLMENT] 沈吟.mood: 50 → 43 (-7)
2026-07-17 09:06:48,830 [INFO] [VERIFY-FULFILLMENT] 沈吟.material: 50 → 50 (-0)
2026-07-17 09:06:48,830 [INFO] [VERIFY-FULFILLMENT] 沈吟.social: 50 → 43 (-7)
2026-07-17 09:06:48,830 [INFO] [VERIFY-FULFILLMENT] 沈吟.esteem: 50 → 43 (-7)
2026-07-17 09:06:48,830 [INFO] [VERIFY-FULFILLMENT] 沈弦.mood: 50 → 43 (-7)
2026-07-17 09:06:48,830 [INFO] [VERIFY-FULFILLMENT] 沈弦.material: 50 → 50 (-0)
2026-07-17 09:06:48,830 [INFO] [VERIFY-FULFILLMENT] 沈弦.social: 50 → 43 (-7)
2026-07-17 09:06:48,830 [INFO] [VERIFY-FULFILLMENT] 沈弦.esteem: 50 → 43 (-7)
2026-07-17 09:06:48,830 [INFO] [VERIFY-FULFILLMENT] 沈敏.mood: 50 → 43 (-7)
2026-07-17 09:06:48,830 [INFO] [VERIFY-FULFILLMENT] 沈敏.material: 50 → 50 (-0)
2026-07-17 09:06:48,830 [INFO] [VERIFY-FULFILLMENT] 沈敏.social: 50 → 43 (-7)
2026-07-17 09:06:48,830 [INFO] [VERIFY-FULFILLMENT] 沈敏.esteem: 50 → 43 (-7)
2026-07-17 09:06:48,831 [INFO] [VERIFY-FULFILLMENT] 沈珩.mood: 50 → 43 (-7)
2026-07-17 09:06:48,831 [INFO] [VERIFY-FULFILLMENT] 沈珩.material: 50 → 50 (-0)
2026-07-17 09:06:48,831 [INFO] [VERIFY-FULFILLMENT] 沈珩.social: 50 → 43 (-7)
2026-07-17 09:06:48,831 [INFO] [VERIFY-FULFILLMENT] 沈珩.esteem: 50 → 43 (-7)
2026-07-17 09:06:48,831 [INFO] [VERIFY-FULFILLMENT] 沈阑.mood: 50 → 43 (-7)
2026-07-17 09:06:48,831 [INFO] [VERIFY-FULFILLMENT] 沈阑.material: 50 → 50 (-0)
2026-07-17 09:06:48,831 [INFO] [VERIFY-FULFILLMENT] 沈阑.social: 50 → 43 (-7)
2026-07-17 09:06:48,831 [INFO] [VERIFY-FULFILLMENT] 沈阑.esteem: 50 → 43 (-7)
2026-07-17 09:06:48,831 [INFO] [VERIFY-FULFILLMENT] 沐澈.mood: 50 → 43 (-7)
2026-07-17 09:06:48,831 [INFO] [VERIFY-FULFILLMENT] 沐澈.material: 50 → 50 (-0)
2026-07-17 09:06:48,831 [INFO] [VERIFY-FULFILLMENT] 沐澈.social: 50 → 43 (-7)
2026-07-17 09:06:48,831 [INFO] [VERIFY-FULFILLMENT] 沐澈.esteem: 50 → 43 (-7)
2026-07-17 09:06:48,831 [INFO] [VERIFY-FULFILLMENT] 海.mood: 50 → 43 (-7)
2026-07-17 09:06:48,831 [INFO] [VERIFY-FULFILLMENT] 海.material: 50 → 50 (-0)
2026-07-17 09:06:48,831 [INFO] [VERIFY-FULFILLMENT] 海.social: 50 → 43 (-7)
2026-07-17 09:06:48,831 [INFO] [VERIFY-FULFILLMENT] 海.esteem: 50 → 43 (-7)
2026-07-17 09:06:48,831 [INFO] [VERIFY-FULFILLMENT] 温霁.mood: 50 → 43 (-7)
2026-07-17 09:06:48,831 [INFO] [VERIFY-FULFILLMENT] 温霁.material: 50 → 50 (-0)
2026-07-17 09:06:48,831 [INFO] [VERIFY-FULFILLMENT] 温霁.social: 50 → 43 (-7)
2026-07-17 09:06:48,831 [INFO] [VERIFY-FULFILLMENT] 温霁.esteem: 50 → 43 (-7)
2026-07-17 09:06:48,832 [INFO] [VERIFY-FULFILLMENT] 潇.mood: 50 → 43 (-7)
2026-07-17 09:06:48,832 [INFO] [VERIFY-FULFILLMENT] 潇.material: 50 → 50 (-0)
2026-07-17 09:06:48,832 [INFO] [VERIFY-FULFILLMENT] 潇.social: 50 → 43 (-7)
2026-07-17 09:06:48,832 [INFO] [VERIFY-FULFILLMENT] 潇.esteem: 50 → 43 (-7)
2026-07-17 09:06:48,832 [INFO] [VERIFY-FULFILLMENT] 牛广原.mood: 50 → 43 (-7)
2026-07-17 09:06:48,832 [INFO] [VERIFY-FULFILLMENT] 牛广原.material: 50 → 50 (-0)
2026-07-17 09:06:48,832 [INFO] [VERIFY-FULFILLMENT] 牛广原.social: 50 → 43 (-7)
2026-07-17 09:06:48,832 [INFO] [VERIFY-FULFILLMENT] 牛广原.esteem: 50 → 43 (-7)
2026-07-17 09:06:48,832 [INFO] [VERIFY-FULFILLMENT] 牛淑芬.mood: 50 → 43 (-7)
2026-07-17 09:06:48,832 [INFO] [VERIFY-FULFILLMENT] 牛淑芬.material: 50 → 50 (-0)
2026-07-17 09:06:48,832 [INFO] [VERIFY-FULFILLMENT] 牛淑芬.social: 50 → 43 (-7)
2026-07-17 09:06:48,832 [INFO] [VERIFY-FULFILLMENT] 牛淑芬.esteem: 50 → 43 (-7)
2026-07-17 09:06:48,832 [INFO] [VERIFY-FULFILLMENT] 珂.mood: 50 → 43 (-7)
2026-07-17 09:06:48,832 [INFO] [VERIFY-FULFILLMENT] 珂.material: 50 → 50 (-0)
2026-07-17 09:06:48,832 [INFO] [VERIFY-FULFILLMENT] 珂.social: 50 → 43 (-7)
2026-07-17 09:06:48,832 [INFO] [VERIFY-FULFILLMENT] 珂.esteem: 50 → 43 (-7)
2026-07-17 09:06:48,833 [INFO] [VERIFY-FULFILLMENT] 白凪.mood: 50 → 43 (-7)
2026-07-17 09:06:48,833 [INFO] [VERIFY-FULFILLMENT] 白凪.material: 50 → 50 (-0)
2026-07-17 09:06:48,833 [INFO] [VERIFY-FULFILLMENT] 白凪.social: 50 → 43 (-7)
2026-07-17 09:06:48,833 [INFO] [VERIFY-FULFILLMENT] 白凪.esteem: 50 → 43 (-7)
2026-07-17 09:06:48,833 [INFO] [VERIFY-FULFILLMENT] 白惟庸.mood: 50 → 43 (-7)
2026-07-17 09:06:48,833 [INFO] [VERIFY-FULFILLMENT] 白惟庸.material: 50 → 50 (-0)
2026-07-17 09:06:48,833 [INFO] [VERIFY-FULFILLMENT] 白惟庸.social: 50 → 43 (-7)
2026-07-17 09:06:48,833 [INFO] [VERIFY-FULFILLMENT] 白惟庸.esteem: 50 → 43 (-7)
2026-07-17 09:06:48,834 [INFO] [VERIFY-FULFILLMENT] 瞿泽安.mood: 50 → 43 (-7)
2026-07-17 09:06:48,834 [INFO] [VERIFY-FULFILLMENT] 瞿泽安.material: 50 → 50 (-0)
2026-07-17 09:06:48,834 [INFO] [VERIFY-FULFILLMENT] 瞿泽安.social: 50 → 43 (-7)
2026-07-17 09:06:48,834 [INFO] [VERIFY-FULFILLMENT] 瞿泽安.esteem: 50 → 43 (-7)
2026-07-17 09:06:48,834 [INFO] [VERIFY-FULFILLMENT] 祁望舒.mood: 50 → 43 (-7)
2026-07-17 09:06:48,834 [INFO] [VERIFY-FULFILLMENT] 祁望舒.material: 50 → 50 (-0)
2026-07-17 09:06:48,834 [INFO] [VERIFY-FULFILLMENT] 祁望舒.social: 50 → 43 (-7)
2026-07-17 09:06:48,834 [INFO] [VERIFY-FULFILLMENT] 祁望舒.esteem: 50 → 43 (-7)
2026-07-17 09:06:48,834 [INFO] [VERIFY-FULFILLMENT] 秋.mood: 50 → 43 (-7)
2026-07-17 09:06:48,834 [INFO] [VERIFY-FULFILLMENT] 秋.material: 50 → 50 (-0)
2026-07-17 09:06:48,834 [INFO] [VERIFY-FULFILLMENT] 秋.social: 50 → 43 (-7)
2026-07-17 09:06:48,834 [INFO] [VERIFY-FULFILLMENT] 秋.esteem: 50 → 43 (-7)
2026-07-17 09:06:48,835 [INFO] [VERIFY-FULFILLMENT] 程吟.mood: 50 → 43 (-7)
2026-07-17 09:06:48,835 [INFO] [VERIFY-FULFILLMENT] 程吟.material: 50 → 50 (-0)
2026-07-17 09:06:48,835 [INFO] [VERIFY-FULFILLMENT] 程吟.social: 50 → 43 (-7)
2026-07-17 09:06:48,835 [INFO] [VERIFY-FULFILLMENT] 程吟.esteem: 50 → 43 (-7)
2026-07-17 09:06:48,835 [INFO] [VERIFY-FULFILLMENT] 程汐.mood: 50 → 43 (-7)
2026-07-17 09:06:48,835 [INFO] [VERIFY-FULFILLMENT] 程汐.material: 50 → 50 (-0)
2026-07-17 09:06:48,835 [INFO] [VERIFY-FULFILLMENT] 程汐.social: 50 → 43 (-7)
2026-07-17 09:06:48,835 [INFO] [VERIFY-FULFILLMENT] 程汐.esteem: 50 → 43 (-7)
2026-07-17 09:06:48,835 [INFO] [VERIFY-FULFILLMENT] 程羲.mood: 50 → 43 (-7)
2026-07-17 09:06:48,835 [INFO] [VERIFY-FULFILLMENT] 程羲.material: 50 → 50 (-0)
2026-07-17 09:06:48,835 [INFO] [VERIFY-FULFILLMENT] 程羲.social: 50 → 43 (-7)
2026-07-17 09:06:48,835 [INFO] [VERIFY-FULFILLMENT] 程羲.esteem: 50 → 43 (-7)
2026-07-17 09:06:48,835 [INFO] [VERIFY-FULFILLMENT] 程遥.mood: 50 → 43 (-7)
2026-07-17 09:06:48,835 [INFO] [VERIFY-FULFILLMENT] 程遥.material: 50 → 50 (-0)
2026-07-17 09:06:48,835 [INFO] [VERIFY-FULFILLMENT] 程遥.social: 50 → 43 (-7)
2026-07-17 09:06:48,835 [INFO] [VERIFY-FULFILLMENT] 程遥.esteem: 50 → 43 (-7)
2026-07-17 09:06:48,835 [INFO] [VERIFY-FULFILLMENT] 罗守正.mood: 50 → 43 (-7)
2026-07-17 09:06:48,835 [INFO] [VERIFY-FULFILLMENT] 罗守正.material: 50 → 50 (-0)
2026-07-17 09:06:48,835 [INFO] [VERIFY-FULFILLMENT] 罗守正.social: 50 → 43 (-7)
2026-07-17 09:06:48,835 [INFO] [VERIFY-FULFILLMENT] 罗守正.esteem: 50 → 43 (-7)
