2026-07-17 09:06:59,383 [INFO] [VERIFY-ECONOMY] 刘铭: standard=frugal, deposit 255 → 155, material -5
2026-07-17 09:07:00,746 [INFO] [VERIFY-ECONOMY] 周悠: standard=moderate, deposit 418 → 218, material +0
2026-07-17 09:07:01,426 [INFO] [VERIFY-ECONOMY] 叶: standard=comfortable, deposit 415 → 115, material +5
2026-07-17 09:07:02,547 [INFO] [VERIFY-ECONOMY] 丛雪薇: standard=moderate, deposit 320 → 120, material +0
2026-07-17 09:07:02,597 [INFO] [VERIFY-ECONOMY] 周原: standard=moderate, deposit 415 → 215, material +0
2026-07-17 09:07:02,892 [INFO] [VERIFY-ECONOMY] 君: standard=moderate, deposit 950 → 750, material +0
2026-07-17 09:07:04,466 [INFO] [VERIFY-ECONOMY] 何敏: standard=moderate, deposit 320 → 120, material +0
2026-07-17 09:07:05,438 [INFO] [VERIFY-ECONOMY] 刘凡: standard=moderate, deposit 10350 → 10150, material +0
2026-07-17 09:07:10,856 [INFO] [VERIFY-ECONOMY] 堀北: standard=frugal, deposit 312 → 212, material -5
2026-07-17 09:07:13,174 [INFO] [VERIFY-ECONOMY] 刘世刚: standard=moderate, deposit 4200 → 4000, material +0
2026-07-17 09:07:13,579 [INFO] [VERIFY-ECONOMY] 周知远: standard=moderate, deposit 410 → 210, material +0
2026-07-17 09:07:13,823 [INFO] [VERIFY-ECONOMY] 姜鑫: standard=moderate, deposit 425 → 225, material +0
2026-07-17 09:07:17,685 [INFO] [VERIFY-ECONOMY] 吕谦: standard=moderate, deposit 2967 → 2767, material +0
2026-07-17 09:07:18,683 [INFO] [VERIFY-ECONOMY] 宋慧平: standard=moderate, deposit 10389 → 10189, material +0
2026-07-17 09:07:21,434 [INFO] [VERIFY-ECONOMY] 堀川凛: standard=moderate, deposit 980 → 780, material +0
2026-07-17 09:07:21,518 [INFO] [VERIFY-ECONOMY] 宋瑶: standard=moderate, deposit 1015 → 815, material +0
2026-07-17 09:07:21,539 [INFO] [VERIFY-ECONOMY] 孙静: standard=moderate, deposit 992 → 792, material +0
2026-07-17 09:07:24,747 [INFO] [VERIFY-ECONOMY] 岑旭: standard=frugal, deposit 258 → 158, material -5
2026-07-17 09:07:30,049 [INFO] [VERIFY-ECONOMY] 律: standard=moderate, deposit 10500 → 10300, material +0
2026-07-17 09:07:30,458 [INFO] [VERIFY-ECONOMY] 峰: standard=frugal, deposit 305 → 205, material -5
2026-07-17 09:07:34,270 [INFO] [VERIFY-ECONOMY] 方序: standard=moderate, deposit 720 → 520, material +0
2026-07-17 09:07:34,642 [INFO] [VERIFY-ECONOMY] 张: standard=moderate, deposit 8133 → 7933, material +0
2026-07-17 09:07:34,861 [INFO] [VERIFY-ECONOMY] 朴: standard=frugal, deposit 260 → 160, material -5
2026-07-17 09:07:35,210 [INFO] [VERIFY-ECONOMY] 朴正浩: standard=moderate, deposit 960 → 760, material +0
2026-07-17 09:07:35,833 [INFO] [VERIFY-ECONOMY] 李健: standard=moderate, deposit 5250 → 5050, material +0
2026-07-17 09:07:36,323 [INFO] [VERIFY-ECONOMY] 方开来: standard=moderate, deposit 725 → 525, material +0
2026-07-17 09:07:40,374 [INFO] [VERIFY-ECONOMY] 李峥: standard=moderate, deposit 740 → 540, material +0
2026-07-17 09:07:44,355 [INFO] [VERIFY-ECONOMY] 林嘉禾: standard=moderate, deposit 5709 → 5509, material +0
2026-07-17 09:07:46,834 [INFO] [VERIFY-ECONOMY] 林颂: standard=moderate, deposit 720 → 520, material +0
2026-07-17 09:07:47,365 [INFO] [VERIFY-ECONOMY] 林屿: standard=comfortable, deposit 320 → 20, material +5
2026-07-17 09:07:48,701 [INFO] [VERIFY-ECONOMY] 林珈: standard=moderate, deposit 425 → 225, material +0
2026-07-17 09:07:51,694 [INFO] [VERIFY-ECONOMY] 江若晚: standard=moderate, deposit 10500 → 10300, material +0
2026-07-17 09:07:52,720 [INFO] [VERIFY-ECONOMY] 江哲远: standard=moderate, deposit 12100 → 11900, material +0
2026-07-17 09:07:53,364 [INFO] [VERIFY-ECONOMY] 杰: standard=moderate, deposit 8133 → 7933, material +0
2026-07-17 09:07:53,735 [INFO] [VERIFY-ECONOMY] 柳波: standard=moderate, deposit 1300 → 1100, material +0
2026-07-17 09:07:58,297 [INFO] [VERIFY-ECONOMY] 汤瑶: standard=moderate, deposit 2250 → 2050, material +0
2026-07-17 09:08:03,894 [INFO] [VERIFY-ECONOMY] 沈吟: standard=moderate, deposit 8100 → 7900, material +0
2026-07-17 09:08:04,477 [INFO] [VERIFY-ECONOMY] 沈敏: standard=moderate, deposit 7250 → 7050, material +0
2026-07-17 09:08:06,433 [INFO] [VERIFY-ECONOMY] 沈阑: standard=frugal, deposit 255 → 155, material -5
2026-07-17 09:08:06,854 [INFO] [VERIFY-ECONOMY] 沈弦: standard=moderate, deposit 965 → 765, material +0
2026-07-17 09:08:12,060 [INFO] [VERIFY-ECONOMY] 温霁: standard=moderate, deposit 315 → 115, material +0
2026-07-17 09:08:12,233 [INFO] [VERIFY-ECONOMY] 海: standard=moderate, deposit 3720 → 3520, material +0
2026-07-17 09:08:14,316 [INFO] [VERIFY-ECONOMY] 沈珩: standard=frugal, deposit 2955 → 2855, material -5
2026-07-17 09:08:17,446 [INFO] [VERIFY-ECONOMY] 沐澈: standard=frugal, deposit 420 → 320, material -5
2026-07-17 09:08:17,523 [INFO] [VERIFY-ECONOMY] 潇: standard=moderate, deposit 420 → 220, material +0
2026-07-17 09:08:18,070 [INFO] [VERIFY-ECONOMY] 牛广原: standard=moderate, deposit 10322 → 10122, material +0
2026-07-17 09:08:22,637 [INFO] [VERIFY-ECONOMY] 珂: standard=frugal, deposit 745 → 645, material -5
2026-07-17 09:08:22,675 [INFO] [VERIFY-ECONOMY] 白惟庸: standard=moderate, deposit 10211 → 10011, material +0
2026-07-17 09:08:26,101 [INFO] [VERIFY-ECONOMY] 牛淑芬: standard=moderate, deposit 85100 → 84900, material +0
2026-07-17 09:08:28,435 [INFO] [VERIFY-ECONOMY] 祁望舒: standard=moderate, deposit 355 → 155, material +0
2026-07-17 09:08:31,255 [INFO] [VERIFY-ECONOMY] 白凪: standard=frugal, deposit 268 → 168, material -5
2026-07-17 09:08:31,358 [INFO] [VERIFY-ECONOMY] 程吟: standard=moderate, deposit 955 → 755, material +0
2026-07-17 09:08:32,532 [INFO] [VERIFY-ECONOMY] 秋: standard=moderate, deposit 928 → 728, material +0
2026-07-17 09:08:33,790 [INFO] [VERIFY-ECONOMY] 瞿泽安: standard=moderate, deposit 415 → 215, material +0
2026-07-17 09:08:38,864 [INFO] [VERIFY-ECONOMY] 程羲: standard=frugal, deposit 955 → 855, material -5
2026-07-17 09:08:38,961 [INFO] [VERIFY-ECONOMY] 宁颂: standard=moderate, deposit 425 → 225, material +0
2026-07-17 09:08:46,495 [INFO] [VERIFY-ECONOMY] 程遥: standard=frugal, deposit 335 → 235, material -5
2026-07-17 09:08:46,690 [INFO] [VERIFY-ECONOMY] 罗守正: standard=moderate, deposit 8122 → 7922, material +0
2026-07-17 09:08:46,950 [INFO] [VERIFY-ECONOMY] 程汐: standard=frugal, deposit 312 → 212, material -5
2026-07-17 09:09:00,335 [INFO] [VERIFY-ECONOMY] 林澜: standard=moderate, deposit 975 → 775, material +0
