2026-07-17 09:42:47,517 [INFO] [VERIFY-ENCOUNTER] Created encounter on D1: 君 meets 周悠 at 心理咨询室
2026-07-17 09:42:47,517 [INFO]   Scene: Both enter the心理咨询室 at 16:48 — 周悠 with her student ID card already swiped at the access panel, 君 holding a crumpled English tutoring schedule slip — and find the door slightly ajar despite the 'In Session' light being off; the interior is silent, the couch cushion still indented from a recent occupant.
2026-07-17 09:42:47,518 [INFO] [VERIFY-ENCOUNTER] Created encounter on D1: 何敏 meets 叶 at 宿舍楼公共盥洗间
2026-07-17 09:42:47,518 [INFO]   Scene: At 21:17, both stand at adjacent sinks under flickering fluorescent lights; 叶 holds a damp towel over her hair while drying it, and 何敏 places three folded laundry items on the narrow ledge between sinks — the only dry surface available — just as 叶’s dripping towel brushes one corner.
2026-07-17 09:42:47,518 [INFO] [VERIFY-ENCOUNTER] Created encounter on D2: 刘凡 meets 吕谦 at 化学实验室A
2026-07-17 09:42:47,518 [INFO]   Scene: At 9:03 AM, 吕谦 unlocks 化学实验室A using his master key ring while 刘凡 waits outside with a laminated lab safety checklist in hand; the door swings open to reveal the main fume hood fan running unexpectedly, its indicator light glowing green despite the room being unbooked and all chemical cabinets sealed.
2026-07-17 09:42:47,518 [INFO] [VERIFY-ENCOUNTER] Created encounter on D2: 刘世刚 meets 刘铭 at 食堂一层取餐区
2026-07-17 09:42:47,518 [INFO]   Scene: During the 12:15–12:20 lull after lunch rush, both stand at opposite ends of the same stainless-steel serving counter — 刘世刚 wiping down the rice dispenser chute with a blue rag, 刘铭 placing a single steamed bun on a paper tray beside the condiment station where the soy sauce dispenser has run dry.
2026-07-17 10:01:57,788 [INFO] [VERIFY-ENCOUNTER] Created encounter on D1: 丛雪薇 meets 刘世刚 at 食堂一层取餐区
2026-07-17 10:01:57,789 [INFO]   Scene: Both are standing at the same self-service beverage station during lunch peak — the dispenser for chilled green tea is temporarily out of order, and the only working spout dispenses lukewarm water; they simultaneously notice the 'Out of Service' tag taped crookedly over the green tea button.
2026-07-17 10:01:57,789 [INFO] [VERIFY-ENCOUNTER] Created encounter on D2: 刘凡 meets 君 at 化学实验室A
2026-07-17 10:01:57,789 [INFO]   Scene: The lab’s main door is propped open with a chemistry textbook wedged under the handle; both enter at the same moment —君 carrying a worn English vocabulary notebook, 刘凡 holding a sealed box labeled 'New pH Sensor Kits' — and pause as the overhead fluorescent light flickers twice before stabilizing.
2026-07-17 10:01:57,789 [INFO] [VERIFY-ENCOUNTER] Created encounter on D3: 何敏 meets 叶 at 宿舍楼公共盥洗间
2026-07-17 10:01:57,789 [INFO]   Scene: Three of the four sinks are occupied by other students washing lunch trays; the fourth sink has its hot-water tap fully open but producing only a weak, intermittent trickle — both arrive at the same time holding identical blue plastic laundry baskets marked with class numbers, one basket slightly tilted so a folded towel slips toward the edge.
2026-07-17 10:01:57,790 [INFO] [VERIFY-ENCOUNTER] Created encounter on D4: 吕谦 meets 周悠 at 辅导教室（302室）
2026-07-17 10:01:57,790 [INFO]   Scene: The classroom door is ajar —吕谦 is inserting his master key into the lock while周悠 stands just outside holding a crumpled permission slip stamped 'Psychological Support Access'; the interior light is off, but the digital clock above the whiteboard reads 14:07 and blinks erratically.
2026-07-17 10:01:57,790 [INFO] [VERIFY-ENCOUNTER] Created encounter on D4: 丛雪薇 meets 刘铭 at 地下自行车棚
2026-07-17 10:01:57,790 [INFO]   Scene: Rainwater drips steadily from a cracked section of the concrete ceiling onto the only dry patch of floor — both approach that spot from opposite ends of the narrow aisle, each wheeling a bicycle with mismatched front tires (one patched with black electrical tape, the other wrapped with frayed red cord).
2026-07-17 10:01:57,791 [INFO] [VERIFY-ENCOUNTER] Created encounter on D5: 君 meets 周原 at 实验楼连廊桥
2026-07-17 10:01:57,791 [INFO]   Scene: A sudden gust lifts loose pages from君’s open English workbook and sends them fluttering sideways; three sheets land on the glass walkway surface directly in周原’s path as he walks briskly across the bridge, their edges curling slightly in the draft.
2026-07-17 10:01:57,791 [INFO] [VERIFY-ENCOUNTER] Created encounter on D5: 何敏 meets 周悠 at 心理咨询室
2026-07-17 10:01:57,791 [INFO]   Scene: The waiting area bench seats exactly two people; both sit down at the same instant —何敏 places a small stack of tissue-wrapped sanitary pads beside her backpack, while周悠 sets down a thermos wrapped in faded floral cloth, its lid unscrewed just enough to emit a faint herbal steam.
2026-07-17 10:01:57,791 [INFO] [VERIFY-ENCOUNTER] Created encounter on D5: 刘世刚 meets 刘凡 at 教工活动中心
2026-07-17 10:01:57,791 [INFO]   Scene: The center’s single microwave displays 'ERROR E3' and emits a low hum; both stand before it holding identical insulated lunch containers labeled with handwritten teacher codes ('LJ-202' and 'LF-198'), neither pressing the start button as the display flashes amber.
