2026-07-17 09:39:38,700 [INFO] [VERIFY-FULFILLMENT] 丛雪薇.mood: 50 → 43 (-7)
2026-07-17 09:39:38,700 [INFO] [VERIFY-FULFILLMENT] 丛雪薇.material: 50 → 50 (-0)
2026-07-17 09:39:38,700 [INFO] [VERIFY-FULFILLMENT] 丛雪薇.social: 50 → 43 (-7)
2026-07-17 09:39:38,700 [INFO] [VERIFY-FULFILLMENT] 丛雪薇.esteem: 50 → 43 (-7)
2026-07-17 09:39:38,700 [INFO] [VERIFY-FULFILLMENT] 何敏.mood: 50 → 43 (-7)
2026-07-17 09:39:38,700 [INFO] [VERIFY-FULFILLMENT] 何敏.material: 50 → 50 (-0)
2026-07-17 09:39:38,700 [INFO] [VERIFY-FULFILLMENT] 何敏.social: 50 → 43 (-7)
2026-07-17 09:39:38,700 [INFO] [VERIFY-FULFILLMENT] 何敏.esteem: 50 → 43 (-7)
2026-07-17 09:39:38,700 [INFO] [VERIFY-FULFILLMENT] 刘世刚.mood: 50 → 43 (-7)
2026-07-17 09:39:38,700 [INFO] [VERIFY-FULFILLMENT] 刘世刚.material: 50 → 50 (-0)
2026-07-17 09:39:38,700 [INFO] [VERIFY-FULFILLMENT] 刘世刚.social: 50 → 43 (-7)
2026-07-17 09:39:38,700 [INFO] [VERIFY-FULFILLMENT] 刘世刚.esteem: 50 → 43 (-7)
2026-07-17 09:39:38,701 [INFO] [VERIFY-FULFILLMENT] 刘凡.mood: 50 → 43 (-7)
2026-07-17 09:39:38,701 [INFO] [VERIFY-FULFILLMENT] 刘凡.material: 50 → 50 (-0)
2026-07-17 09:39:38,701 [INFO] [VERIFY-FULFILLMENT] 刘凡.social: 50 → 43 (-7)
2026-07-17 09:39:38,701 [INFO] [VERIFY-FULFILLMENT] 刘凡.esteem: 50 → 43 (-7)
2026-07-17 09:39:38,701 [INFO] [VERIFY-FULFILLMENT] 刘铭.mood: 50 → 43 (-7)
2026-07-17 09:39:38,701 [INFO] [VERIFY-FULFILLMENT] 刘铭.material: 50 → 50 (-0)
2026-07-17 09:39:38,701 [INFO] [VERIFY-FULFILLMENT] 刘铭.social: 50 → 43 (-7)
2026-07-17 09:39:38,701 [INFO] [VERIFY-FULFILLMENT] 刘铭.esteem: 50 → 43 (-7)
2026-07-17 09:39:38,701 [INFO] [VERIFY-FULFILLMENT] 叶.mood: 50 → 43 (-7)
2026-07-17 09:39:38,701 [INFO] [VERIFY-FULFILLMENT] 叶.material: 50 → 50 (-0)
2026-07-17 09:39:38,701 [INFO] [VERIFY-FULFILLMENT] 叶.social: 50 → 43 (-7)
2026-07-17 09:39:38,701 [INFO] [VERIFY-FULFILLMENT] 叶.esteem: 50 → 43 (-7)
2026-07-17 09:39:38,701 [INFO] [VERIFY-FULFILLMENT] 吕谦.mood: 50 → 43 (-7)
2026-07-17 09:39:38,701 [INFO] [VERIFY-FULFILLMENT] 吕谦.material: 50 → 50 (-0)
2026-07-17 09:39:38,701 [INFO] [VERIFY-FULFILLMENT] 吕谦.social: 50 → 43 (-7)
2026-07-17 09:39:38,701 [INFO] [VERIFY-FULFILLMENT] 吕谦.esteem: 50 → 43 (-7)
2026-07-17 09:39:38,702 [INFO] [VERIFY-FULFILLMENT] 君.mood: 50 → 43 (-7)
2026-07-17 09:39:38,702 [INFO] [VERIFY-FULFILLMENT] 君.material: 50 → 50 (-0)
2026-07-17 09:39:38,702 [INFO] [VERIFY-FULFILLMENT] 君.social: 50 → 43 (-7)
2026-07-17 09:39:38,702 [INFO] [VERIFY-FULFILLMENT] 君.esteem: 50 → 43 (-7)
2026-07-17 09:39:38,702 [INFO] [VERIFY-FULFILLMENT] 周原.mood: 50 → 43 (-7)
2026-07-17 09:39:38,702 [INFO] [VERIFY-FULFILLMENT] 周原.material: 50 → 50 (-0)
2026-07-17 09:39:38,702 [INFO] [VERIFY-FULFILLMENT] 周原.social: 50 → 43 (-7)
2026-07-17 09:39:38,702 [INFO] [VERIFY-FULFILLMENT] 周原.esteem: 50 → 43 (-7)
2026-07-17 09:39:38,702 [INFO] [VERIFY-FULFILLMENT] 周悠.mood: 50 → 43 (-7)
2026-07-17 09:39:38,702 [INFO] [VERIFY-FULFILLMENT] 周悠.material: 50 → 50 (-0)
2026-07-17 09:39:38,702 [INFO] [VERIFY-FULFILLMENT] 周悠.social: 50 → 43 (-7)
2026-07-17 09:39:38,702 [INFO] [VERIFY-FULFILLMENT] 周悠.esteem: 50 → 43 (-7)
2026-07-17 09:57:36,134 [INFO] [VERIFY-FULFILLMENT] 丛雪薇.mood: 50 → 43 (-7)
2026-07-17 09:57:36,134 [INFO] [VERIFY-FULFILLMENT] 丛雪薇.material: 50 → 50 (-0)
2026-07-17 09:57:36,134 [INFO] [VERIFY-FULFILLMENT] 丛雪薇.social: 50 → 43 (-7)
2026-07-17 09:57:36,134 [INFO] [VERIFY-FULFILLMENT] 丛雪薇.esteem: 50 → 43 (-7)
2026-07-17 09:57:36,135 [INFO] [VERIFY-FULFILLMENT] 何敏.mood: 50 → 43 (-7)
2026-07-17 09:57:36,135 [INFO] [VERIFY-FULFILLMENT] 何敏.material: 50 → 50 (-0)
2026-07-17 09:57:36,135 [INFO] [VERIFY-FULFILLMENT] 何敏.social: 50 → 43 (-7)
2026-07-17 09:57:36,135 [INFO] [VERIFY-FULFILLMENT] 何敏.esteem: 50 → 43 (-7)
2026-07-17 09:57:36,135 [INFO] [VERIFY-FULFILLMENT] 刘世刚.mood: 50 → 43 (-7)
2026-07-17 09:57:36,135 [INFO] [VERIFY-FULFILLMENT] 刘世刚.material: 50 → 50 (-0)
2026-07-17 09:57:36,135 [INFO] [VERIFY-FULFILLMENT] 刘世刚.social: 50 → 43 (-7)
2026-07-17 09:57:36,135 [INFO] [VERIFY-FULFILLMENT] 刘世刚.esteem: 50 → 43 (-7)
2026-07-17 09:57:36,135 [INFO] [VERIFY-FULFILLMENT] 刘凡.mood: 50 → 43 (-7)
2026-07-17 09:57:36,135 [INFO] [VERIFY-FULFILLMENT] 刘凡.material: 50 → 50 (-0)
2026-07-17 09:57:36,135 [INFO] [VERIFY-FULFILLMENT] 刘凡.social: 50 → 43 (-7)
2026-07-17 09:57:36,135 [INFO] [VERIFY-FULFILLMENT] 刘凡.esteem: 50 → 43 (-7)
2026-07-17 09:57:36,135 [INFO] [VERIFY-FULFILLMENT] 刘铭.mood: 50 → 43 (-7)
2026-07-17 09:57:36,135 [INFO] [VERIFY-FULFILLMENT] 刘铭.material: 50 → 50 (-0)
2026-07-17 09:57:36,135 [INFO] [VERIFY-FULFILLMENT] 刘铭.social: 50 → 43 (-7)
2026-07-17 09:57:36,135 [INFO] [VERIFY-FULFILLMENT] 刘铭.esteem: 50 → 43 (-7)
2026-07-17 09:57:36,136 [INFO] [VERIFY-FULFILLMENT] 叶.mood: 50 → 43 (-7)
2026-07-17 09:57:36,136 [INFO] [VERIFY-FULFILLMENT] 叶.material: 50 → 50 (-0)
2026-07-17 09:57:36,136 [INFO] [VERIFY-FULFILLMENT] 叶.social: 50 → 43 (-7)
2026-07-17 09:57:36,136 [INFO] [VERIFY-FULFILLMENT] 叶.esteem: 50 → 43 (-7)
2026-07-17 09:57:36,136 [INFO] [VERIFY-FULFILLMENT] 吕谦.mood: 50 → 43 (-7)
2026-07-17 09:57:36,136 [INFO] [VERIFY-FULFILLMENT] 吕谦.material: 50 → 50 (-0)
2026-07-17 09:57:36,136 [INFO] [VERIFY-FULFILLMENT] 吕谦.social: 50 → 43 (-7)
2026-07-17 09:57:36,136 [INFO] [VERIFY-FULFILLMENT] 吕谦.esteem: 50 → 43 (-7)
2026-07-17 09:57:36,136 [INFO] [VERIFY-FULFILLMENT] 君.mood: 50 → 43 (-7)
2026-07-17 09:57:36,136 [INFO] [VERIFY-FULFILLMENT] 君.material: 50 → 50 (-0)
2026-07-17 09:57:36,136 [INFO] [VERIFY-FULFILLMENT] 君.social: 50 → 43 (-7)
2026-07-17 09:57:36,136 [INFO] [VERIFY-FULFILLMENT] 君.esteem: 50 → 43 (-7)
2026-07-17 09:57:36,136 [INFO] [VERIFY-FULFILLMENT] 周原.mood: 50 → 43 (-7)
2026-07-17 09:57:36,136 [INFO] [VERIFY-FULFILLMENT] 周原.material: 50 → 50 (-0)
2026-07-17 09:57:36,136 [INFO] [VERIFY-FULFILLMENT] 周原.social: 50 → 43 (-7)
2026-07-17 09:57:36,136 [INFO] [VERIFY-FULFILLMENT] 周原.esteem: 50 → 43 (-7)
2026-07-17 09:57:36,137 [INFO] [VERIFY-FULFILLMENT] 周悠.mood: 50 → 43 (-7)
2026-07-17 09:57:36,137 [INFO] [VERIFY-FULFILLMENT] 周悠.material: 50 → 50 (-0)
2026-07-17 09:57:36,137 [INFO] [VERIFY-FULFILLMENT] 周悠.social: 50 → 43 (-7)
2026-07-17 09:57:36,137 [INFO] [VERIFY-FULFILLMENT] 周悠.esteem: 50 → 43 (-7)
