2026-07-17 09:42:47,520 [INFO] [VERIFY-JOINT] ========== Starting joint activity at Y2020-W01-activity-D1 ==========
2026-07-17 09:42:47,520 [INFO] [VERIFY-JOINT] ========== Starting joint activity at Y2020-W01-activity-D1 ==========
2026-07-17 09:42:47,521 [INFO] [VERIFY-JOINT] ========== Starting joint activity at Y2020-W01-activity-D1 ==========
2026-07-17 09:42:47,521 [INFO] [VERIFY-JOINT] ========== Starting joint activity at Y2020-W01-activity-D1 ==========
2026-07-17 09:42:47,521 [INFO] [VERIFY-JOINT] Activity: Encounter-君-周悠, Location: 心理咨询室
2026-07-17 09:42:47,521 [INFO] [VERIFY-JOINT] Activity: Encounter-君-周悠, Location: 心理咨询室
2026-07-17 09:42:47,521 [INFO] [VERIFY-JOINT] Activity: Encounter-何敏-叶, Location: 宿舍楼公共盥洗间
2026-07-17 09:42:47,521 [INFO] [VERIFY-JOINT] Activity: Encounter-何敏-叶, Location: 宿舍楼公共盥洗间
2026-07-17 09:42:47,521 [INFO] [VERIFY-JOINT] Participants: ['君', '周悠']
2026-07-17 09:42:47,521 [INFO] [VERIFY-JOINT] Participants: ['君', '周悠']
2026-07-17 09:42:47,523 [INFO] [VERIFY-JOINT] Participants: ['何敏', '叶']
2026-07-17 09:42:47,523 [INFO] [VERIFY-JOINT] Participants: ['何敏', '叶']
2026-07-17 09:42:47,523 [INFO] [VERIFY-JOINT] Proposer: None
2026-07-17 09:42:47,523 [INFO] [VERIFY-JOINT] Proposer: None
2026-07-17 09:42:47,524 [INFO] [VERIFY-JOINT] Proposer: None
2026-07-17 09:42:47,524 [INFO] [VERIFY-JOINT] Proposer: None
2026-07-17 09:42:47,525 [INFO] [VERIFY-JOINT-STATE] 君 before: vitality=70, fulfillment={'mood': 43, 'material': 50, 'social': 43, 'esteem': 43}, possessions=5
2026-07-17 09:42:47,525 [INFO] [VERIFY-JOINT-STATE] 君 before: vitality=70, fulfillment={'mood': 43, 'material': 50, 'social': 43, 'esteem': 43}, possessions=5
2026-07-17 09:42:47,525 [INFO] [VERIFY-JOINT-STATE] 何敏 before: vitality=70, fulfillment={'mood': 43, 'material': 50, 'social': 43, 'esteem': 43}, possessions=4
2026-07-17 09:42:47,525 [INFO] [VERIFY-JOINT-STATE] 何敏 before: vitality=70, fulfillment={'mood': 43, 'material': 50, 'social': 43, 'esteem': 43}, possessions=4
2026-07-17 09:42:47,526 [INFO] [VERIFY-JOINT-STATE] 周悠 before: vitality=70, fulfillment={'mood': 43, 'material': 50, 'social': 43, 'esteem': 43}, possessions=4
2026-07-17 09:42:47,526 [INFO] [VERIFY-JOINT-STATE] 周悠 before: vitality=70, fulfillment={'mood': 43, 'material': 50, 'social': 43, 'esteem': 43}, possessions=4
2026-07-17 09:42:47,527 [INFO] [VERIFY-JOINT-STATE] 叶 before: vitality=70, fulfillment={'mood': 43, 'material': 55, 'social': 43, 'esteem': 43}, possessions=4
2026-07-17 09:42:47,527 [INFO] [VERIFY-JOINT-STATE] 叶 before: vitality=70, fulfillment={'mood': 43, 'material': 55, 'social': 43, 'esteem': 43}, possessions=4
2026-07-17 09:45:09,314 [INFO] [VERIFY-JOINT-GIFTS] Gift executed: 叶 → 何敏: 手工饰品工具箱
2026-07-17 09:45:09,314 [INFO] [VERIFY-JOINT-GIFTS] Gift executed: 叶 → 何敏: 手工饰品工具箱
2026-07-17 09:45:13,082 [INFO] [VERIFY-REJECT] 叶: REJECT: The action <role_action>gift(to="何敏", item="手工饰品工具箱")</role_action> contradicts the described gift—a “moon-shaped bookmark”—and misrepresents the item actually given. This is a hallucination (violation #3): the text explicitly states she hands over a handmade moon bookmarker, yet the role_action claims she gifts a “handicraft jewelry toolbox”, which neither appears in context nor matches her stated action or possessions. Additionally, no prior mention suggests 叶 owns or has access to such a toolbox.
2026-07-17 09:45:13,082 [INFO] [VERIFY-REJECT] 叶: REJECT: The action <role_action>gift(to="何敏", item="手工饰品工具箱")</role_action> contradicts the described gift—a “moon-shaped bookmark”—and misrepresents the item actually given. This is a hallucination (violation #3): the text explicitly states she hands over a handmade moon bookmarker, yet the role_action claims she gifts a “handicraft jewelry toolbox”, which neither appears in context nor matches her stated action or possessions. Additionally, no prior mention suggests 叶 owns or has access to such a toolbox.
2026-07-17 09:45:16,066 [INFO] [VERIFY-JOINT-EXIT] 君 exited activity. Remaining: ['周悠']
2026-07-17 09:45:16,066 [INFO] [VERIFY-JOINT-EXIT] 君 exited activity. Remaining: ['周悠']
2026-07-17 09:45:16,066 [INFO] [VERIFY-JOINT-EXIT] Activity ending early: only 1 participant(s) left
2026-07-17 09:45:16,066 [INFO] [VERIFY-JOINT-EXIT] Activity ending early: only 1 participant(s) left
2026-07-17 09:45:16,066 [INFO] [VERIFY-JOINT-GIFTS] Recording 0 gift transactions for outcome
2026-07-17 09:45:16,066 [INFO] [VERIFY-JOINT-GIFTS] Recording 0 gift transactions for outcome
2026-07-17 09:45:16,067 [INFO] [VERIFY-JOINT-STEP1] ========== EVALUATE: GodModel evaluates all participants ==========
2026-07-17 09:45:16,067 [INFO] [VERIFY-JOINT-STEP1] ========== EVALUATE: GodModel evaluates all participants ==========
2026-07-17 09:45:16,067 [INFO] [VERIFY-JOINT-STEP1] Dialog turns: 15
2026-07-17 09:45:16,067 [INFO] [VERIFY-JOINT-STEP1] Dialog turns: 15
2026-07-17 09:45:18,551 [INFO] [VERIFY-JOINT-STEP1] Evaluation completed, 2 outcomes generated
2026-07-17 09:45:18,551 [INFO] [VERIFY-JOINT-STEP1] Evaluation completed, 2 outcomes generated
2026-07-17 09:45:18,551 [INFO] [VERIFY-JOINT-STEP1] 君: delta_vitality=-1, delta_fulfillment={'mood': 3, 'social': 4, 'esteem': 2}, delta_skills={}, items_sent=[], items_received=[]
2026-07-17 09:45:18,551 [INFO] [VERIFY-JOINT-STEP1] 君: delta_vitality=-1, delta_fulfillment={'mood': 3, 'social': 4, 'esteem': 2}, delta_skills={}, items_sent=[], items_received=[]
2026-07-17 09:45:18,551 [INFO] [VERIFY-JOINT-STEP1] 周悠: delta_vitality=-2, delta_fulfillment={'mood': 4, 'social': 5, 'esteem': 2}, delta_skills={}, items_sent=[], items_received=[]
2026-07-17 09:45:18,551 [INFO] [VERIFY-JOINT-STEP1] 周悠: delta_vitality=-2, delta_fulfillment={'mood': 4, 'social': 5, 'esteem': 2}, delta_skills={}, items_sent=[], items_received=[]
2026-07-17 09:45:18,551 [INFO] [VERIFY-JOINT-STEP2] ========== RECEIVE: each agent receives outcome ==========
2026-07-17 09:45:18,551 [INFO] [VERIFY-JOINT-STEP2] ========== RECEIVE: each agent receives outcome ==========
2026-07-17 09:45:18,551 [INFO] [VERIFY-JOINT-STEP2] 君 received outcome message
2026-07-17 09:45:18,551 [INFO] [VERIFY-JOINT-STEP2] 君 received outcome message
2026-07-17 09:45:18,551 [INFO] [VERIFY-JOINT-STEP2] 周悠 received outcome message
2026-07-17 09:45:18,551 [INFO] [VERIFY-JOINT-STEP2] 周悠 received outcome message
2026-07-17 09:45:18,551 [INFO] [VERIFY-JOINT-STEP3] ========== EXIT: generate summary ==========
2026-07-17 09:45:18,551 [INFO] [VERIFY-JOINT-STEP3] ========== EXIT: generate summary ==========
2026-07-17 09:45:23,657 [INFO] [VERIFY-JOINT-STEP3] 君 summary length: 480
2026-07-17 09:45:23,657 [INFO] [VERIFY-JOINT-STEP3] 君 summary length: 480
2026-07-17 09:45:23,657 [INFO] [VERIFY-JOINT-STEP3] 君 reflection length: 650
2026-07-17 09:45:23,657 [INFO] [VERIFY-JOINT-STEP3] 君 reflection length: 650
2026-07-17 09:45:29,281 [INFO] [VERIFY-JOINT-STEP3] 周悠 summary length: 189
2026-07-17 09:45:29,281 [INFO] [VERIFY-JOINT-STEP3] 周悠 summary length: 189
2026-07-17 09:45:29,281 [INFO] [VERIFY-JOINT-STEP3] 周悠 reflection length: 256
2026-07-17 09:45:29,281 [INFO] [VERIFY-JOINT-STEP3] 周悠 reflection length: 256
2026-07-17 09:45:29,281 [INFO] [VERIFY-JOINT-STEP4] ========== APPLY: apply state changes ==========
2026-07-17 09:45:29,281 [INFO] [VERIFY-JOINT-STEP4] ========== APPLY: apply state changes ==========
2026-07-17 09:45:29,282 [INFO] [VERIFY-JOINT-STEP4] Applied all changes for 君 (possessions=5, vitality_delta=-1)
2026-07-17 09:45:29,282 [INFO] [VERIFY-JOINT-STEP4] Applied all changes for 君 (possessions=5, vitality_delta=-1)
2026-07-17 09:45:29,282 [INFO] [VERIFY-JOINT-STEP4] Applied all changes for 周悠 (possessions=4, vitality_delta=-2)
2026-07-17 09:45:29,282 [INFO] [VERIFY-JOINT-STEP4] Applied all changes for 周悠 (possessions=4, vitality_delta=-2)
2026-07-17 09:45:29,282 [INFO] [VERIFY-JOINT-STEP5] ========== CONSISTENCY: verify state changes ==========
2026-07-17 09:45:29,282 [INFO] [VERIFY-JOINT-STEP5] ========== CONSISTENCY: verify state changes ==========
2026-07-17 09:45:29,282 [INFO] [VERIFY-JOINT-STEP5] 君 vitality delta verified: -1
2026-07-17 09:45:29,282 [INFO] [VERIFY-JOINT-STEP5] 君 vitality delta verified: -1
2026-07-17 09:45:29,282 [INFO] [VERIFY-JOINT-STEP5] 君 mood delta verified: 3
2026-07-17 09:45:29,282 [INFO] [VERIFY-JOINT-STEP5] 君 mood delta verified: 3
2026-07-17 09:45:29,282 [INFO] [VERIFY-JOINT-STEP5] 君 social delta verified: 4
2026-07-17 09:45:29,282 [INFO] [VERIFY-JOINT-STEP5] 君 social delta verified: 4
2026-07-17 09:45:29,282 [INFO] [VERIFY-JOINT-STEP5] 君 esteem delta verified: 2
2026-07-17 09:45:29,282 [INFO] [VERIFY-JOINT-STEP5] 君 esteem delta verified: 2
2026-07-17 09:45:29,282 [INFO] [VERIFY-JOINT-STEP5] 周悠 vitality delta verified: -2
2026-07-17 09:45:29,282 [INFO] [VERIFY-JOINT-STEP5] 周悠 vitality delta verified: -2
2026-07-17 09:45:29,282 [INFO] [VERIFY-JOINT-STEP5] 周悠 mood delta verified: 4
2026-07-17 09:45:29,282 [INFO] [VERIFY-JOINT-STEP5] 周悠 mood delta verified: 4
2026-07-17 09:45:29,282 [INFO] [VERIFY-JOINT-STEP5] 周悠 social delta verified: 5
2026-07-17 09:45:29,282 [INFO] [VERIFY-JOINT-STEP5] 周悠 social delta verified: 5
2026-07-17 09:45:29,282 [INFO] [VERIFY-JOINT-STEP5] 周悠 esteem delta verified: 2
2026-07-17 09:45:29,282 [INFO] [VERIFY-JOINT-STEP5] 周悠 esteem delta verified: 2
2026-07-17 09:45:29,282 [INFO] [VERIFY-JOINT-STEP6] ========== RECORD: save records ==========
2026-07-17 09:45:29,282 [INFO] [VERIFY-JOINT-STEP6] ========== RECORD: save records ==========
2026-07-17 09:45:29,283 [INFO] [VERIFY-JOINT-STEP6] Saved record for 君
2026-07-17 09:45:29,283 [INFO] [VERIFY-JOINT-STEP6] Saved record for 君
2026-07-17 09:45:29,283 [INFO] [VERIFY-JOINT-STEP6] Saved record for 周悠
2026-07-17 09:45:29,283 [INFO] [VERIFY-JOINT-STEP6] Saved record for 周悠
2026-07-17 09:45:29,283 [INFO] [VERIFY-JOINT] ========== Joint activity completed for all 2 participants ==========
2026-07-17 09:45:29,283 [INFO] [VERIFY-JOINT] ========== Joint activity completed for all 2 participants ==========
2026-07-17 09:46:14,231 [INFO] [VERIFY-JOINT-GIFTS] Gift executed: 叶 → 何敏: 日常文具
2026-07-17 09:46:14,231 [INFO] [VERIFY-JOINT-GIFTS] Gift executed: 叶 → 何敏: 日常文具
2026-07-17 09:48:13,771 [INFO] [VERIFY-JOINT-GIFTS] Recording 4 gift transactions for outcome
2026-07-17 09:48:13,771 [INFO] [VERIFY-JOINT-GIFTS] Recording 4 gift transactions for outcome
2026-07-17 09:48:13,772 [INFO] [VERIFY-JOINT-GIFTS] 叶 → 何敏: 手工饰品工具箱
2026-07-17 09:48:13,772 [INFO] [VERIFY-JOINT-GIFTS] 叶 → 何敏: 手工饰品工具箱
2026-07-17 09:48:13,772 [INFO] [VERIFY-JOINT-GIFTS] 叶 → 何敏: 日常文具
2026-07-17 09:48:13,772 [INFO] [VERIFY-JOINT-GIFTS] 叶 → 何敏: 日常文具
2026-07-17 09:48:13,772 [INFO] [VERIFY-JOINT-GIFTS] 何敏 ← 叶: 手工饰品工具箱
2026-07-17 09:48:13,772 [INFO] [VERIFY-JOINT-GIFTS] 何敏 ← 叶: 手工饰品工具箱
2026-07-17 09:48:13,772 [INFO] [VERIFY-JOINT-GIFTS] 何敏 ← 叶: 日常文具
2026-07-17 09:48:13,772 [INFO] [VERIFY-JOINT-GIFTS] 何敏 ← 叶: 日常文具
2026-07-17 09:48:13,772 [INFO] [VERIFY-JOINT-STEP1] ========== EVALUATE: GodModel evaluates all participants ==========
2026-07-17 09:48:13,772 [INFO] [VERIFY-JOINT-STEP1] ========== EVALUATE: GodModel evaluates all participants ==========
2026-07-17 09:48:13,772 [INFO] [VERIFY-JOINT-STEP1] Dialog turns: 39
2026-07-17 09:48:13,772 [INFO] [VERIFY-JOINT-STEP1] Dialog turns: 39
2026-07-17 09:48:16,930 [INFO] [VERIFY-JOINT-STEP1] Evaluation completed, 2 outcomes generated
2026-07-17 09:48:16,930 [INFO] [VERIFY-JOINT-STEP1] Evaluation completed, 2 outcomes generated
2026-07-17 09:48:16,930 [INFO] [VERIFY-JOINT-STEP1] 何敏: delta_vitality=0, delta_fulfillment={'mood': 4, 'social': 5, 'esteem': 2}, delta_skills={'interpersonal_trust_building': 3, 'emotional_expression': 2}, items_sent=[], items_received=[{'name': '手工饰品工具箱', 'description': '一个粉色塑料收纳盒，里面装满了串珠、细铁丝、钳子、彩色丝线和各种小配件，盖子上贴着自己设计的贴纸', 'from': '叶', 'action': 'received'}, {'name': '日常文具', 'description': '从自家文具店里拿的各种笔和本子，笔袋鼓鼓囊囊塞了十几支不同颜色的中性笔', 'from': '叶', 'action': 'received'}]
2026-07-17 09:48:16,930 [INFO] [VERIFY-JOINT-STEP1] 何敏: delta_vitality=0, delta_fulfillment={'mood': 4, 'social': 5, 'esteem': 2}, delta_skills={'interpersonal_trust_building': 3, 'emotional_expression': 2}, items_sent=[], items_received=[{'name': '手工饰品工具箱', 'description': '一个粉色塑料收纳盒，里面装满了串珠、细铁丝、钳子、彩色丝线和各种小配件，盖子上贴着自己设计的贴纸', 'from': '叶', 'action': 'received'}, {'name': '日常文具', 'description': '从自家文具店里拿的各种笔和本子，笔袋鼓鼓囊囊塞了十几支不同颜色的中性笔', 'from': '叶', 'action': 'received'}]
2026-07-17 09:48:16,930 [INFO] [VERIFY-JOINT-STEP1] 叶: delta_vitality=-1, delta_fulfillment={'mood': 4, 'social': 5, 'esteem': 2}, delta_skills={'supportive_communication': 2, 'attunement_to_subtle_cues': 1}, items_sent=[{'name': '手工饰品工具箱', 'description': '一个粉色塑料收纳盒，里面装满了串珠、细铁丝、钳子、彩色丝线和各种小配件，盖子上贴着自己设计的贴纸', 'to': '何敏', 'action': 'sent'}, {'name': '日常文具', 'description': '从自家文具店里拿的各种笔和本子，笔袋鼓鼓囊囊塞了十几支不同颜色的中性笔', 'to': '何敏', 'action': 'sent'}], items_received=[]
2026-07-17 09:48:16,930 [INFO] [VERIFY-JOINT-STEP1] 叶: delta_vitality=-1, delta_fulfillment={'mood': 4, 'social': 5, 'esteem': 2}, delta_skills={'supportive_communication': 2, 'attunement_to_subtle_cues': 1}, items_sent=[{'name': '手工饰品工具箱', 'description': '一个粉色塑料收纳盒，里面装满了串珠、细铁丝、钳子、彩色丝线和各种小配件，盖子上贴着自己设计的贴纸', 'to': '何敏', 'action': 'sent'}, {'name': '日常文具', 'description': '从自家文具店里拿的各种笔和本子，笔袋鼓鼓囊囊塞了十几支不同颜色的中性笔', 'to': '何敏', 'action': 'sent'}], items_received=[]
2026-07-17 09:48:16,930 [INFO] [VERIFY-JOINT-STEP2] ========== RECEIVE: each agent receives outcome ==========
2026-07-17 09:48:16,930 [INFO] [VERIFY-JOINT-STEP2] ========== RECEIVE: each agent receives outcome ==========
2026-07-17 09:48:16,930 [INFO] [VERIFY-JOINT-STEP2] 何敏 received outcome message
2026-07-17 09:48:16,930 [INFO] [VERIFY-JOINT-STEP2] 何敏 received outcome message
2026-07-17 09:48:16,931 [INFO] [VERIFY-JOINT-STEP2] 叶 received outcome message
2026-07-17 09:48:16,931 [INFO] [VERIFY-JOINT-STEP2] 叶 received outcome message
2026-07-17 09:48:16,931 [INFO] [VERIFY-JOINT-STEP3] ========== EXIT: generate summary ==========
2026-07-17 09:48:16,931 [INFO] [VERIFY-JOINT-STEP3] ========== EXIT: generate summary ==========
2026-07-17 09:48:23,316 [INFO] [VERIFY-JOINT-STEP3] 何敏 summary length: 193
2026-07-17 09:48:23,316 [INFO] [VERIFY-JOINT-STEP3] 何敏 summary length: 193
2026-07-17 09:48:23,316 [INFO] [VERIFY-JOINT-STEP3] 何敏 reflection length: 231
2026-07-17 09:48:23,316 [INFO] [VERIFY-JOINT-STEP3] 何敏 reflection length: 231
2026-07-17 09:48:30,782 [INFO] [VERIFY-JOINT-STEP3] 叶 summary length: 594
2026-07-17 09:48:30,782 [INFO] [VERIFY-JOINT-STEP3] 叶 summary length: 594
2026-07-17 09:48:30,782 [INFO] [VERIFY-JOINT-STEP3] 叶 reflection length: 694
2026-07-17 09:48:30,782 [INFO] [VERIFY-JOINT-STEP3] 叶 reflection length: 694
2026-07-17 09:48:30,782 [INFO] [VERIFY-JOINT-STEP4] ========== APPLY: apply state changes ==========
2026-07-17 09:48:30,782 [INFO] [VERIFY-JOINT-STEP4] ========== APPLY: apply state changes ==========
2026-07-17 09:48:30,782 [INFO] [VERIFY-JOINT-STEP4] Applied all changes for 何敏 (possessions=6, vitality_delta=0)
2026-07-17 09:48:30,782 [INFO] [VERIFY-JOINT-STEP4] Applied all changes for 何敏 (possessions=6, vitality_delta=0)
2026-07-17 09:48:30,783 [INFO] [VERIFY-JOINT-STEP4] Applied all changes for 叶 (possessions=2, vitality_delta=-1)
2026-07-17 09:48:30,783 [INFO] [VERIFY-JOINT-STEP4] Applied all changes for 叶 (possessions=2, vitality_delta=-1)
2026-07-17 09:48:30,783 [INFO] [VERIFY-JOINT-STEP5] ========== CONSISTENCY: verify state changes ==========
2026-07-17 09:48:30,783 [INFO] [VERIFY-JOINT-STEP5] ========== CONSISTENCY: verify state changes ==========
2026-07-17 09:48:30,783 [INFO] [VERIFY-JOINT-STEP5] 何敏 vitality delta verified: 0
2026-07-17 09:48:30,783 [INFO] [VERIFY-JOINT-STEP5] 何敏 vitality delta verified: 0
2026-07-17 09:48:30,783 [INFO] [VERIFY-JOINT-STEP5] 何敏 mood delta verified: 4
2026-07-17 09:48:30,783 [INFO] [VERIFY-JOINT-STEP5] 何敏 mood delta verified: 4
2026-07-17 09:48:30,783 [INFO] [VERIFY-JOINT-STEP5] 何敏 social delta verified: 5
2026-07-17 09:48:30,783 [INFO] [VERIFY-JOINT-STEP5] 何敏 social delta verified: 5
2026-07-17 09:48:30,783 [INFO] [VERIFY-JOINT-STEP5] 何敏 esteem delta verified: 2
2026-07-17 09:48:30,783 [INFO] [VERIFY-JOINT-STEP5] 何敏 esteem delta verified: 2
2026-07-17 09:48:30,783 [INFO] [VERIFY-JOINT-STEP5] 叶 vitality delta verified: -1
2026-07-17 09:48:30,783 [INFO] [VERIFY-JOINT-STEP5] 叶 vitality delta verified: -1
2026-07-17 09:48:30,783 [INFO] [VERIFY-JOINT-STEP5] 叶 mood delta verified: 4
2026-07-17 09:48:30,783 [INFO] [VERIFY-JOINT-STEP5] 叶 mood delta verified: 4
2026-07-17 09:48:30,783 [INFO] [VERIFY-JOINT-STEP5] 叶 social delta verified: 5
2026-07-17 09:48:30,783 [INFO] [VERIFY-JOINT-STEP5] 叶 social delta verified: 5
2026-07-17 09:48:30,783 [INFO] [VERIFY-JOINT-STEP5] 叶 esteem delta verified: 2
2026-07-17 09:48:30,783 [INFO] [VERIFY-JOINT-STEP5] 叶 esteem delta verified: 2
2026-07-17 09:48:30,783 [INFO] [VERIFY-JOINT-STEP6] ========== RECORD: save records ==========
2026-07-17 09:48:30,783 [INFO] [VERIFY-JOINT-STEP6] ========== RECORD: save records ==========
2026-07-17 09:48:30,783 [INFO] [VERIFY-JOINT-STEP6] Saved record for 何敏
2026-07-17 09:48:30,783 [INFO] [VERIFY-JOINT-STEP6] Saved record for 何敏
2026-07-17 09:48:30,783 [INFO] [VERIFY-JOINT-STEP6] Saved record for 叶
2026-07-17 09:48:30,783 [INFO] [VERIFY-JOINT-STEP6] Saved record for 叶
2026-07-17 09:48:30,783 [INFO] [VERIFY-JOINT] ========== Joint activity completed for all 2 participants ==========
2026-07-17 09:48:30,783 [INFO] [VERIFY-JOINT] ========== Joint activity completed for all 2 participants ==========
2026-07-17 09:48:30,785 [INFO] [VERIFY-JOINT] ========== Starting joint activity at Y2020-W01-activity-D2 ==========
2026-07-17 09:48:30,785 [INFO] [VERIFY-JOINT] ========== Starting joint activity at Y2020-W01-activity-D2 ==========
2026-07-17 09:48:30,785 [INFO] [VERIFY-JOINT] ========== Starting joint activity at Y2020-W01-activity-D2 ==========
2026-07-17 09:48:30,785 [INFO] [VERIFY-JOINT] ========== Starting joint activity at Y2020-W01-activity-D2 ==========
2026-07-17 09:48:30,785 [INFO] [VERIFY-JOINT] Activity: Encounter-刘凡-吕谦, Location: 化学实验室A
2026-07-17 09:48:30,785 [INFO] [VERIFY-JOINT] Activity: Encounter-刘凡-吕谦, Location: 化学实验室A
2026-07-17 09:48:30,785 [INFO] [VERIFY-JOINT] Activity: Encounter-刘世刚-刘铭, Location: 食堂一层取餐区
2026-07-17 09:48:30,785 [INFO] [VERIFY-JOINT] Activity: Encounter-刘世刚-刘铭, Location: 食堂一层取餐区
2026-07-17 09:48:30,785 [INFO] [VERIFY-JOINT] Participants: ['刘凡', '吕谦']
2026-07-17 09:48:30,785 [INFO] [VERIFY-JOINT] Participants: ['刘凡', '吕谦']
2026-07-17 09:48:30,786 [INFO] [VERIFY-JOINT] Participants: ['刘世刚', '刘铭']
2026-07-17 09:48:30,786 [INFO] [VERIFY-JOINT] Participants: ['刘世刚', '刘铭']
2026-07-17 09:48:30,786 [INFO] [VERIFY-JOINT] Proposer: None
2026-07-17 09:48:30,786 [INFO] [VERIFY-JOINT] Proposer: None
2026-07-17 09:48:30,786 [INFO] [VERIFY-JOINT] Proposer: None
2026-07-17 09:48:30,786 [INFO] [VERIFY-JOINT] Proposer: None
2026-07-17 09:48:30,787 [INFO] [VERIFY-JOINT-STATE] 刘世刚 before: vitality=67, fulfillment={'mood': 44, 'material': 50, 'social': 43, 'esteem': 44}, possessions=5
2026-07-17 09:48:30,787 [INFO] [VERIFY-JOINT-STATE] 刘世刚 before: vitality=67, fulfillment={'mood': 44, 'material': 50, 'social': 43, 'esteem': 44}, possessions=5
2026-07-17 09:48:30,787 [INFO] [VERIFY-JOINT-STATE] 刘凡 before: vitality=67, fulfillment={'mood': 45, 'material': 50, 'social': 43, 'esteem': 44}, possessions=3
2026-07-17 09:48:30,787 [INFO] [VERIFY-JOINT-STATE] 刘凡 before: vitality=67, fulfillment={'mood': 45, 'material': 50, 'social': 43, 'esteem': 44}, possessions=3
2026-07-17 09:48:30,788 [INFO] [VERIFY-JOINT-STATE] 刘铭 before: vitality=67, fulfillment={'mood': 46, 'material': 45, 'social': 43, 'esteem': 44}, possessions=4
2026-07-17 09:48:30,788 [INFO] [VERIFY-JOINT-STATE] 刘铭 before: vitality=67, fulfillment={'mood': 46, 'material': 45, 'social': 43, 'esteem': 44}, possessions=4
2026-07-17 09:48:30,788 [INFO] [VERIFY-JOINT-STATE] 吕谦 before: vitality=68, fulfillment={'mood': 40, 'material': 50, 'social': 43, 'esteem': 43}, possessions=5
2026-07-17 09:48:30,788 [INFO] [VERIFY-JOINT-STATE] 吕谦 before: vitality=68, fulfillment={'mood': 40, 'material': 50, 'social': 43, 'esteem': 43}, possessions=5
2026-07-17 09:49:01,704 [INFO] [VERIFY-REJECT] 刘世刚: REJECT: The action “劈它.三毫米厚，斜刀，别碎，也别连着” violates physical plausibility and activity constraints — there is no knife, cutting board, or food prep equipment present at the serving counter; the scene explicitly states刘世刚 is *wiping down the rice dispenser chute*, not preparing meat for cooking. Additionally, “今早挑的那块五花肉” hallucinates an item not previously mentioned or logically present in a school cafeteria’s take-out area (where pre-portioned meals are served, not raw butcher cuts). No inventory or context supports possession of raw pork by a student during lunch service.
2026-07-17 09:49:01,704 [INFO] [VERIFY-REJECT] 刘世刚: REJECT: The action “劈它.三毫米厚，斜刀，别碎，也别连着” violates physical plausibility and activity constraints — there is no knife, cutting board, or food prep equipment present at the serving counter; the scene explicitly states刘世刚 is *wiping down the rice dispenser chute*, not preparing meat for cooking. Additionally, “今早挑的那块五花肉” hallucinates an item not previously mentioned or logically present in a school cafeteria’s take-out area (where pre-portioned meals are served, not raw butcher cuts). No inventory or context supports possession of raw pork by a student during lunch service.
2026-07-17 09:49:09,789 [INFO] [VERIFY-REJECT] 刘铭: REJECT: “叔” violates character consistency — context establishes both as *students* at Jinhai Middle School (2020s, same grade level implied by shared lunchtime presence and peer-like tension); addressing each other as “uncle” contradicts age, social role, and school setting. No prior indication of familial relation or mentorship dynamic exists in scene setup. Also, “明早六点到菜市场门口” hallucinates external locations and activities outside the constrained activity scope (no consumption/work allowed), and implies刘铭 has agency/access to off-campus markets—a detail unsupported by setting or rules.
2026-07-17 09:49:09,789 [INFO] [VERIFY-REJECT] 刘铭: REJECT: “叔” violates character consistency — context establishes both as *students* at Jinhai Middle School (2020s, same grade level implied by shared lunchtime presence and peer-like tension); addressing each other as “uncle” contradicts age, social role, and school setting. No prior indication of familial relation or mentorship dynamic exists in scene setup. Also, “明早六点到菜市场门口” hallucinates external locations and activities outside the constrained activity scope (no consumption/work allowed), and implies刘铭 has agency/access to off-campus markets—a detail unsupported by setting or rules.
2026-07-17 09:49:26,326 [INFO] [VERIFY-REJECT] 刘世刚: REJECT: Multiple violations. First, “围裙兜里摸出一副崭新的蓝胶手套” hallucinates an item not established in the scene —刘世刚 is described only as wiping the rice dispenser with a blue rag; no围裙, no glove supply, and no functional rationale for gloves in a student-serving context (neither staff nor culinary trainee). Second, “钥匙串上解下一把小铜匙” introduces ungrounded props — no prior mention of keys or copper tools; school students don’t carry functional lock-keys or ceremonial utensils in cafeteria settings. Third, the instruction set (“watch flies”, “count fan rotations”, “wait for call”) imposes arbitrary, non-consensual behavioral control — violating scope of control (dictating刘铭’s perception, attention, and physiological regulation) while mimicking authoritarian training alien to peer-level high school interaction. Finally, “今儿不看你切肉——我看你站得直不直” reinforces the earlier mischaracterization of activity as vocational drill, breaching joint activity constraints (no work activities allowed).
2026-07-17 09:49:26,326 [INFO] [VERIFY-REJECT] 刘世刚: REJECT: Multiple violations. First, “围裙兜里摸出一副崭新的蓝胶手套” hallucinates an item not established in the scene —刘世刚 is described only as wiping the rice dispenser with a blue rag; no围裙, no glove supply, and no functional rationale for gloves in a student-serving context (neither staff nor culinary trainee). Second, “钥匙串上解下一把小铜匙” introduces ungrounded props — no prior mention of keys or copper tools; school students don’t carry functional lock-keys or ceremonial utensils in cafeteria settings. Third, the instruction set (“watch flies”, “count fan rotations”, “wait for call”) imposes arbitrary, non-consensual behavioral control — violating scope of control (dictating刘铭’s perception, attention, and physiological regulation) while mimicking authoritarian training alien to peer-level high school interaction. Finally, “今儿不看你切肉——我看你站得直不直” reinforces the earlier mischaracterization of activity as vocational drill, breaching joint activity constraints (no work activities allowed).
2026-07-17 09:49:36,704 [INFO] [VERIFY-REJECT] 刘铭: REJECT: “咯噔… 咯噔… 第三圈，第七次” violates cognitive boundary — counting precise mechanical cycles of a ceiling fan (including identifying *which* blade and tracking cumulative rotations) requires sustained auditory-visual-motor synchronization far beyond typical adolescent attention span or real-world cafeteria ambient awareness; such hyper-precise sensory calibration is inconsistent with a high school student’s neurotypical perception in a noisy, transient lunch setting. Also, “烫疤新旧交叠，最深那道像被火燎过的麦茬” hallucinates detailed scar morphology not previously described —刘世刚’s wrist injury was only generically noted as “烫疤”, with no texture, layering, or agricultural metaphor established. Finally, “余光扫向二楼——辅导教室那扇窗框空着，玻璃反着光，照不见人” introduces ungrounded spatial knowledge (specific identification of “辅导教室”) and visual access (line-of-sight from first-floor cafeteria to second-floor tutoring room windows) unsupported by scene description.
2026-07-17 09:49:36,704 [INFO] [VERIFY-REJECT] 刘铭: REJECT: “咯噔… 咯噔… 第三圈，第七次” violates cognitive boundary — counting precise mechanical cycles of a ceiling fan (including identifying *which* blade and tracking cumulative rotations) requires sustained auditory-visual-motor synchronization far beyond typical adolescent attention span or real-world cafeteria ambient awareness; such hyper-precise sensory calibration is inconsistent with a high school student’s neurotypical perception in a noisy, transient lunch setting. Also, “烫疤新旧交叠，最深那道像被火燎过的麦茬” hallucinates detailed scar morphology not previously described —刘世刚’s wrist injury was only generically noted as “烫疤”, with no texture, layering, or agricultural metaphor established. Finally, “余光扫向二楼——辅导教室那扇窗框空着，玻璃反着光，照不见人” introduces ungrounded spatial knowledge (specific identification of “辅导教室”) and visual access (line-of-sight from first-floor cafeteria to second-floor tutoring room windows) unsupported by scene description.
2026-07-17 09:49:48,071 [INFO] [VERIFY-REJECT] 刘世刚: REJECT: Multiple violations. First, “从调味台底下抽出一张皱巴巴的进货单” hallucinates an item (detailed meat delivery slip with vendor name, date, weight, and handwritten annotation) not established in the scene — no paperwork, no storage space under the condiment station, and no logistical basis for a *student* possessing or accessing supplier documentation in a school cafeteria. Second, “李记今早宰的猪…柳树梢一晃，他就开始剁” fabricates off-site events with cinematic specificity (vendor routine, geographic landmarks, causal timing) far exceeding plausible student knowledge or observational capacity — violates cognitive boundary and introduces ungrounded narrative authority. Third, “明早六点，你去菜市场” repeats prohibited work/consumption activity (off-campus errand tied to procurement), directly breaching Joint Activity Constraints. Fourth, equating spoon taps to distant chopping sound violates physical plausibility — sound transmission over three city blocks is acoustically impossible indoors, especially masked by cafeteria ambient noise.
2026-07-17 09:49:48,071 [INFO] [VERIFY-REJECT] 刘世刚: REJECT: Multiple violations. First, “从调味台底下抽出一张皱巴巴的进货单” hallucinates an item (detailed meat delivery slip with vendor name, date, weight, and handwritten annotation) not established in the scene — no paperwork, no storage space under the condiment station, and no logistical basis for a *student* possessing or accessing supplier documentation in a school cafeteria. Second, “李记今早宰的猪…柳树梢一晃，他就开始剁” fabricates off-site events with cinematic specificity (vendor routine, geographic landmarks, causal timing) far exceeding plausible student knowledge or observational capacity — violates cognitive boundary and introduces ungrounded narrative authority. Third, “明早六点，你去菜市场” repeats prohibited work/consumption activity (off-campus errand tied to procurement), directly breaching Joint Activity Constraints. Fourth, equating spoon taps to distant chopping sound violates physical plausibility — sound transmission over three city blocks is acoustically impossible indoors, especially masked by cafeteria ambient noise.
2026-07-17 09:49:59,024 [INFO] [VERIFY-REJECT] 刘铭: REJECT: “叔” repeats the earlier violation — no canonical or contextual basis for刘铭 addressing刘世刚 as “uncle”; both are established as peers at京海中学, making the term sociolinguistically inconsistent and relationally unsubstantiated. “李记剁骨刀，柄上缠黑胶布” hallucinates hyper-specific vendor tool detail with zero prior grounding — no mention of李记’s tools, no visual access to them, and no plausible way for a student to know such minutiae. “我听见了.” ambiguously claims synesthetic integration of unrelated sensory inputs (spoon taps, fan noise, heartbeat) without physiological or perceptual basis — violates cognitive boundary (realistic adolescent auditory processing doesn’t fuse discrete rhythms into unified perception without training or instrumentation). Folding the tray into “a small coffin” introduces emotionally charged symbolism inconsistent with neutral peer interaction in a school cafeteria — violates emotional continuity and character consistency (no prior grief/morbidity cues).
2026-07-17 09:49:59,024 [INFO] [VERIFY-REJECT] 刘铭: REJECT: “叔” repeats the earlier violation — no canonical or contextual basis for刘铭 addressing刘世刚 as “uncle”; both are established as peers at京海中学, making the term sociolinguistically inconsistent and relationally unsubstantiated. “李记剁骨刀，柄上缠黑胶布” hallucinates hyper-specific vendor tool detail with zero prior grounding — no mention of李记’s tools, no visual access to them, and no plausible way for a student to know such minutiae. “我听见了.” ambiguously claims synesthetic integration of unrelated sensory inputs (spoon taps, fan noise, heartbeat) without physiological or perceptual basis — violates cognitive boundary (realistic adolescent auditory processing doesn’t fuse discrete rhythms into unified perception without training or instrumentation). Folding the tray into “a small coffin” introduces emotionally charged symbolism inconsistent with neutral peer interaction in a school cafeteria — violates emotional continuity and character consistency (no prior grief/morbidity cues).
2026-07-17 09:50:11,208 [INFO] [VERIFY-REJECT] 刘世刚: REJECT: Multiple violations. First, “铝制小盆——里面泡着半块豆腐，水清，豆腐嫩白，浮着几星葱花” hallucinates an unestablished prop — no prior mention of a soaking basin, fresh tofu, or garnish in the cafeteria’s take-out zone; school cafeterias serve pre-portioned, plated food—not raw ingredients stored under counters. Second, “后厨的火候，交给你盯” violates activity constraints — assigning kitchen operational responsibility breaches the “no work activities” rule and presumes刘铭 has staff access/authority he does not possess as a student. Third, “右手拇指抹过自己左手无名指上那枚磨亮的金戒指” introduces ungrounded personal artifact — no earlier reference to jewelry; high school students in contemporary Chinese public schools rarely wear wedding/gold rings, especially during lunch service, and its sudden appearance contradicts established minimalism of道具 (only blue rag, paper tray, soy sauce bottle). Fourth, “小时候在机械厂学钳工” hallucinates刘世刚’s backstory — scene defines him solely as a student at京海中学; no vocational history is supported.
2026-07-17 09:50:11,208 [INFO] [VERIFY-REJECT] 刘世刚: REJECT: Multiple violations. First, “铝制小盆——里面泡着半块豆腐，水清，豆腐嫩白，浮着几星葱花” hallucinates an unestablished prop — no prior mention of a soaking basin, fresh tofu, or garnish in the cafeteria’s take-out zone; school cafeterias serve pre-portioned, plated food—not raw ingredients stored under counters. Second, “后厨的火候，交给你盯” violates activity constraints — assigning kitchen operational responsibility breaches the “no work activities” rule and presumes刘铭 has staff access/authority he does not possess as a student. Third, “右手拇指抹过自己左手无名指上那枚磨亮的金戒指” introduces ungrounded personal artifact — no earlier reference to jewelry; high school students in contemporary Chinese public schools rarely wear wedding/gold rings, especially during lunch service, and its sudden appearance contradicts established minimalism of道具 (only blue rag, paper tray, soy sauce bottle). Fourth, “小时候在机械厂学钳工” hallucinates刘世刚’s backstory — scene defines him solely as a student at京海中学; no vocational history is supported.
2026-07-17 09:50:23,779 [INFO] [VERIFY-REJECT] 刘铭: REJECT: Repeats “叔” — persistent violation of character relationship consistency (peer students ≠ familial/mentor title); no contextual justification exists. “去年搬冻肉箱时擦的” hallucinates ungrounded backstory — no prior mention of刘铭 working in cold storage or handling frozen goods, violating activity constraints (no work allowed) and introducing implausible labor for a high school student. “金戒指……边沿有道细痕，像常年蹭着什么硬物” over-specifies unobserved detail — the ring was introduced abruptly in Turn 7 with no description of wear patterns; microscopic inspection of a ring’s edge exceeds realistic visual acuity at arm’s length in cafeteria lighting. “豆腐不咬刀” misuses culinary terminology — “bite the knife” is not standard Chinese cooking idiom; proper phrasing would be “豆腐易碎，不抗刀” or similar — reflects linguistic inconsistency. Finally, palm-up gesture directly mirroring the ring’s reflection introduces symbolic framing inconsistent with neutral peer dynamics — veers into stylized theatricality unsupported by setting.
2026-07-17 09:50:23,779 [INFO] [VERIFY-REJECT] 刘铭: REJECT: Repeats “叔” — persistent violation of character relationship consistency (peer students ≠ familial/mentor title); no contextual justification exists. “去年搬冻肉箱时擦的” hallucinates ungrounded backstory — no prior mention of刘铭 working in cold storage or handling frozen goods, violating activity constraints (no work allowed) and introducing implausible labor for a high school student. “金戒指……边沿有道细痕，像常年蹭着什么硬物” over-specifies unobserved detail — the ring was introduced abruptly in Turn 7 with no description of wear patterns; microscopic inspection of a ring’s edge exceeds realistic visual acuity at arm’s length in cafeteria lighting. “豆腐不咬刀” misuses culinary terminology — “bite the knife” is not standard Chinese cooking idiom; proper phrasing would be “豆腐易碎，不抗刀” or similar — reflects linguistic inconsistency. Finally, palm-up gesture directly mirroring the ring’s reflection introduces symbolic framing inconsistent with neutral peer dynamics — veers into stylized theatricality unsupported by setting.
2026-07-17 09:50:35,964 [INFO] [VERIFY-REJECT] 刘世刚: REJECT: Multiple critical violations. First, “结婚那天戴上的，三十一年” hallucinates刘世刚’s age and biography — he is established as a *high school student* at京海 Middle School in the 2020s; thirty-one years of marriage would make him ~50+, contradicting all setting parameters. Second, “掏下水道” and “洗碗、剁肉” depict sustained domestic/manual labor incompatible with a student’s life — violates activity constraints (no work) and character consistency. Third, “老式柳叶刀……柄是磨得发乌的枣木，缠着褪色红布” introduces an ungrounded, highly specific culinary tool with artisanal detail absent from scene setup — no knives exist in the described environment (only rice dispenser, soy sauce bottle, paper tray, blue rag). Fourth, “掂三分钟” imposes timed physical compliance without consent or context — violates scope of control by dictating刘铭’s bodily action duration and purpose. Fifth, “like handing over an untold story” anthropomorphizes the knife — inappropriate metaphorical framing inconsistent with peer-level realism. All violations compound systemic misalignment with world rules.
2026-07-17 09:50:35,964 [INFO] [VERIFY-REJECT] 刘世刚: REJECT: Multiple critical violations. First, “结婚那天戴上的，三十一年” hallucinates刘世刚’s age and biography — he is established as a *high school student* at京海 Middle School in the 2020s; thirty-one years of marriage would make him ~50+, contradicting all setting parameters. Second, “掏下水道” and “洗碗、剁肉” depict sustained domestic/manual labor incompatible with a student’s life — violates activity constraints (no work) and character consistency. Third, “老式柳叶刀……柄是磨得发乌的枣木，缠着褪色红布” introduces an ungrounded, highly specific culinary tool with artisanal detail absent from scene setup — no knives exist in the described environment (only rice dispenser, soy sauce bottle, paper tray, blue rag). Fourth, “掂三分钟” imposes timed physical compliance without consent or context — violates scope of control by dictating刘铭’s bodily action duration and purpose. Fifth, “like handing over an untold story” anthropomorphizes the knife — inappropriate metaphorical framing inconsistent with peer-level realism. All violations compound systemic misalignment with world rules.
2026-07-17 09:50:46,926 [INFO] [VERIFY-REJECT] 刘铭: REJECT: Repeats “叔” — persistent, unjustified familial address violating peer-student framing. “这刀……剁过多少骨头？” presumes刘世刚 possesses or controls a professional cleaver used for bone-cutting — hallucinates occupational context (butcher/chef role) incompatible with his established identity as a high school student. “手汗浸出来的年轮” over-attributes organic aging to wood grain via sweat — physically implausible (sweat doesn’t etch wood纹路 in minutes); also projects poetic subjectivity onto inert object, breaching realism. “刃面微斜，映出自己瞳仁里两点极黑的光” demands impossible optical precision — a narrow blade edge cannot produce a clear, focused retinal reflection under cafeteria lighting; violates physical plausibility. “托着一截刚劈好的柴” inserts ungrounded rural imagery inconsistent with urban school setting. All violations confirm deepening deviation from constraints.
2026-07-17 09:50:46,926 [INFO] [VERIFY-REJECT] 刘铭: REJECT: Repeats “叔” — persistent, unjustified familial address violating peer-student framing. “这刀……剁过多少骨头？” presumes刘世刚 possesses or controls a professional cleaver used for bone-cutting — hallucinates occupational context (butcher/chef role) incompatible with his established identity as a high school student. “手汗浸出来的年轮” over-attributes organic aging to wood grain via sweat — physically implausible (sweat doesn’t etch wood纹路 in minutes); also projects poetic subjectivity onto inert object, breaching realism. “刃面微斜，映出自己瞳仁里两点极黑的光” demands impossible optical precision — a narrow blade edge cannot produce a clear, focused retinal reflection under cafeteria lighting; violates physical plausibility. “托着一截刚劈好的柴” inserts ungrounded rural imagery inconsistent with urban school setting. All violations confirm deepening deviation from constraints.
2026-07-17 09:50:59,057 [INFO] [VERIFY-REJECT] 刘世刚: REJECT: Multiple severe violations. First, “第一根猪脊骨崩出来的” / “牛腿骨。剁歪了，刀弹回来，划的” hallucinates traumatic occupational injuries — impossible for a high school student; violates age, legal labor restrictions (China’s minimum working age is 16, and bone-splitting is prohibited for minors), and activity constraints (no work). Second, “明早六点，菜市场南门” repeats prohibited off-campus work-related instruction — direct breach of Joint Activity Rules. Third, “李记剁骨刀，第一声，是不是和这声儿，一个调” falsely asserts acoustic equivalence between a handheld kitchen knife tap and a commercial cleaver striking dense bone — physically implausible due to mass, material, force, and damping differences; violates physical plausibility. Fourth, “围裙” reappears ungrounded — no围裙 was described in initial scene or prior turns;刘世刚 is wiping a rice dispenser with a blue rag, not dressed as kitchen staff. Fifth, ear-scar + arm-scar backstory fabricates unverified trauma history inconsistent with teenage student identity. All violations confirm systemic failure to adhere to world rules.
2026-07-17 09:50:59,057 [INFO] [VERIFY-REJECT] 刘世刚: REJECT: Multiple severe violations. First, “第一根猪脊骨崩出来的” / “牛腿骨。剁歪了，刀弹回来，划的” hallucinates traumatic occupational injuries — impossible for a high school student; violates age, legal labor restrictions (China’s minimum working age is 16, and bone-splitting is prohibited for minors), and activity constraints (no work). Second, “明早六点，菜市场南门” repeats prohibited off-campus work-related instruction — direct breach of Joint Activity Rules. Third, “李记剁骨刀，第一声，是不是和这声儿，一个调” falsely asserts acoustic equivalence between a handheld kitchen knife tap and a commercial cleaver striking dense bone — physically implausible due to mass, material, force, and damping differences; violates physical plausibility. Fourth, “围裙” reappears ungrounded — no围裙 was described in initial scene or prior turns;刘世刚 is wiping a rice dispenser with a blue rag, not dressed as kitchen staff. Fifth, ear-scar + arm-scar backstory fabricates unverified trauma history inconsistent with teenage student identity. All violations confirm systemic failure to adhere to world rules.
2026-07-17 09:51:10,196 [INFO] [VERIFY-REJECT] 刘铭: REJECT: Repeats “叔” — continues unjustified familial address violating peer-student reality. “围裙下摆……几点暗红血渍” hallucinates ungrounded, medically significant detail (blood) in a school cafeteria setting with no injury event, trauma source, or forensic plausibility — violates physical plausibility and introduces alarming content inconsistent with safe, everyday high school environment. “李记剁骨刀……第一声，是不是也得等雾散透?” fabricates meteorological dependency for a butcher’s action — no basis in real-world meat processing (weather doesn’t govern cleaver acoustics) and extends earlier hallucinated vendor lore. “雾没散透，刀声就发闷” misattributes sound physics — humidity affects high-frequency attenuation minimally; “muffled” cleaver strikes result from technique or surface contact, not fog — violates cognitive boundary (misapplied pseudo-acoustics). “干涸的麦浆” metaphorically conflates blood with plant matter — inappropriate, culturally dissonant imagery for Chinese urban school context. All violations compound irreconcilable deviation.
2026-07-17 09:51:10,196 [INFO] [VERIFY-REJECT] 刘铭: REJECT: Repeats “叔” — continues unjustified familial address violating peer-student reality. “围裙下摆……几点暗红血渍” hallucinates ungrounded, medically significant detail (blood) in a school cafeteria setting with no injury event, trauma source, or forensic plausibility — violates physical plausibility and introduces alarming content inconsistent with safe, everyday high school environment. “李记剁骨刀……第一声，是不是也得等雾散透?” fabricates meteorological dependency for a butcher’s action — no basis in real-world meat processing (weather doesn’t govern cleaver acoustics) and extends earlier hallucinated vendor lore. “雾没散透，刀声就发闷” misattributes sound physics — humidity affects high-frequency attenuation minimally; “muffled” cleaver strikes result from technique or surface contact, not fog — violates cognitive boundary (misapplied pseudo-acoustics). “干涸的麦浆” metaphorically conflates blood with plant matter — inappropriate, culturally dissonant imagery for Chinese urban school context. All violations compound irreconcilable deviation.
2026-07-17 09:51:27,136 [INFO] [VERIFY-REJECT] 刘世刚: REJECT: Multiple foundational violations. First, “你爹当年在矿上，也是等雾散透了，才敢点第一炮” hallucinates刘铭’s father’s occupation (coal miner), ungrounded trauma history (“first blast”), and dangerous industrial context — no prior mention, inconsistent with urban high school student background, and violates safety norms for minor characters. Second, “调味台底下抽出一张皱得不成样的菜市场地图” introduces another unestablished prop — maps aren’t stored in cafeteria condiment stations; moreover, hand-drawn mining-adjacent annotations (“矿道B7”, “雾压巷口”) imply illicit or hazardous off-campus knowledge incompatible with setting. Third, “雾一动，风就来；风一来，刀声才真正落地——不是靠耳朵，是靠脚底下这地，震不震” misrepresents seismic/acoustic physics — human feet cannot detect sub-threshold ground vibrations from distant cleaver strikes; violates physical plausibility and cognitive boundary. Fourth, “围裙下摆……往里掖了掖” reaffirms the ungrounded围裙 — absent from initial scene description and inconsistent with student attire. Fifth, “喝口热的.豆腐水凉，人不能凉.” shifts into paternalistic caregiving role with no relational basis — violates character consistency and emotional discontinuity (no prior warmth or concern established). All violations confirm irreversible divergence from world rules.
2026-07-17 09:51:27,136 [INFO] [VERIFY-REJECT] 刘世刚: REJECT: Multiple foundational violations. First, “你爹当年在矿上，也是等雾散透了，才敢点第一炮” hallucinates刘铭’s father’s occupation (coal miner), ungrounded trauma history (“first blast”), and dangerous industrial context — no prior mention, inconsistent with urban high school student background, and violates safety norms for minor characters. Second, “调味台底下抽出一张皱得不成样的菜市场地图” introduces another unestablished prop — maps aren’t stored in cafeteria condiment stations; moreover, hand-drawn mining-adjacent annotations (“矿道B7”, “雾压巷口”) imply illicit or hazardous off-campus knowledge incompatible with setting. Third, “雾一动，风就来；风一来，刀声才真正落地——不是靠耳朵，是靠脚底下这地，震不震” misrepresents seismic/acoustic physics — human feet cannot detect sub-threshold ground vibrations from distant cleaver strikes; violates physical plausibility and cognitive boundary. Fourth, “围裙下摆……往里掖了掖” reaffirms the ungrounded围裙 — absent from initial scene description and inconsistent with student attire. Fifth, “喝口热的.豆腐水凉，人不能凉.” shifts into paternalistic caregiving role with no relational basis — violates character consistency and emotional discontinuity (no prior warmth or concern established). All violations confirm irreversible divergence from world rules.
2026-07-17 09:51:38,778 [INFO] [VERIFY-REJECT] 刘铭: REJECT: Repeats “叔” — persistent, unsupported familial address violating peer-student framing. “我妈割麦子那天，雾也厚” hallucinates rural agrarian backstory (mother as wheat harvester) with no grounding —刘铭 is a student at urban京海中学; seasonal farm labor by parents is unmentioned and socioeconomically inconsistent with typical 2020s urban family profiles. “镰刀疤” introduces medically implausible injury — a harvest wound would be superficial or scabbed, not a permanent, anatomically precise “crescent-shaped scar” on clavicle — violates physical plausibility and medical realism. “盯李记手腕……手肘是不是先沉半寸” presumes observational expertise in professional butchery technique far beyond adolescent capability — violates cognitive boundary (no training, access, or context for biomechanical analysis of commercial meat-cutting). “明早六点……站柳树底下” repeats prohibited off-campus activity — direct breach of Joint Activity Constraints. All violations confirm continued systemic noncompliance.
2026-07-17 09:51:38,778 [INFO] [VERIFY-REJECT] 刘铭: REJECT: Repeats “叔” — persistent, unsupported familial address violating peer-student framing. “我妈割麦子那天，雾也厚” hallucinates rural agrarian backstory (mother as wheat harvester) with no grounding —刘铭 is a student at urban京海中学; seasonal farm labor by parents is unmentioned and socioeconomically inconsistent with typical 2020s urban family profiles. “镰刀疤” introduces medically implausible injury — a harvest wound would be superficial or scabbed, not a permanent, anatomically precise “crescent-shaped scar” on clavicle — violates physical plausibility and medical realism. “盯李记手腕……手肘是不是先沉半寸” presumes observational expertise in professional butchery technique far beyond adolescent capability — violates cognitive boundary (no training, access, or context for biomechanical analysis of commercial meat-cutting). “明早六点……站柳树底下” repeats prohibited off-campus activity — direct breach of Joint Activity Constraints. All violations confirm continued systemic noncompliance.
2026-07-17 09:51:51,900 [INFO] [VERIFY-REJECT] 刘世刚: REJECT: Multiple critical violations. First, “京海中学后勤处·1998”搪瓷缸 hallucinates institutional artifact — no prior mention of后勤处 (logistics department) involvement, nor any 24-year-old relic in a student-run cafeteria zone; such vintage staff ware wouldn’t be accessible or present among student lunch service areas. Second, “右太阳穴……旧淤青，早褪成淡黄，像块陈年姜皮” introduces ungrounded injury history — no context for head trauma, and “1998” + “2020s” timeline implies刘世刚 is ~40+, contradicting his identity as a high school student. Third, “逼自己醒” and “那股‘呛’劲儿” imposes abstract motivational framing inconsistent with peer-level realism — veers into didactic adult voice, violating character consistency. Fourth, “我盯你眼睛——看你眼里，有没有那股‘呛’劲儿” exercises inappropriate surveillance/control over刘铭’s internal state — violates scope of control and emotional boundaries. Fifth, “李记剁骨，肘不沉，肩先塌…” presumes expert biomechanical knowledge of professional butchery — cognitively implausible for a teenager with no training. All violations confirm irrecoverable deviation from world rules.
2026-07-17 09:51:51,900 [INFO] [VERIFY-REJECT] 刘世刚: REJECT: Multiple critical violations. First, “京海中学后勤处·1998”搪瓷缸 hallucinates institutional artifact — no prior mention of后勤处 (logistics department) involvement, nor any 24-year-old relic in a student-run cafeteria zone; such vintage staff ware wouldn’t be accessible or present among student lunch service areas. Second, “右太阳穴……旧淤青，早褪成淡黄，像块陈年姜皮” introduces ungrounded injury history — no context for head trauma, and “1998” + “2020s” timeline implies刘世刚 is ~40+, contradicting his identity as a high school student. Third, “逼自己醒” and “那股‘呛’劲儿” imposes abstract motivational framing inconsistent with peer-level realism — veers into didactic adult voice, violating character consistency. Fourth, “我盯你眼睛——看你眼里，有没有那股‘呛’劲儿” exercises inappropriate surveillance/control over刘铭’s internal state — violates scope of control and emotional boundaries. Fifth, “李记剁骨，肘不沉，肩先塌…” presumes expert biomechanical knowledge of professional butchery — cognitively implausible for a teenager with no training. All violations confirm irrecoverable deviation from world rules.
2026-07-17 09:52:03,142 [INFO] [VERIFY-REJECT] 刘铭: REJECT: Repeats “叔” — persistent, unjustified title violating peer-student relationship. “数他剁刀时，脚后跟抬几次” hallucinates hyper-precise biomechanical observation skill (tracking micro-movements of a distant butcher’s gait during cleaving) with zero grounding — exceeds realistic visual acuity, attention span, and domain knowledge for a high school student; violates cognitive boundary. “我妈说，辣酱拌馒头，越嚼越香” fabricates unverified familial dialogue — no prior establishment of mother’s voice, culinary habits, or rural foodways; inconsistent with urban京海中学 context. “校服领口往上拉……像合上一本旧账” employs literary metaphor inappropriate to neutral peer interaction — violates character consistency and emotional continuity (no prior narrative framing of “accounts” or intergenerational ledger). “看不见的刀” introduces abstract, symbolic gesturing alien to grounded cafeteria realism — breaches physical plausibility and activity constraints (no imaginary props). All violations confirm ongoing noncompliance.
2026-07-17 09:52:03,142 [INFO] [VERIFY-REJECT] 刘铭: REJECT: Repeats “叔” — persistent, unjustified title violating peer-student relationship. “数他剁刀时，脚后跟抬几次” hallucinates hyper-precise biomechanical observation skill (tracking micro-movements of a distant butcher’s gait during cleaving) with zero grounding — exceeds realistic visual acuity, attention span, and domain knowledge for a high school student; violates cognitive boundary. “我妈说，辣酱拌馒头，越嚼越香” fabricates unverified familial dialogue — no prior establishment of mother’s voice, culinary habits, or rural foodways; inconsistent with urban京海中学 context. “校服领口往上拉……像合上一本旧账” employs literary metaphor inappropriate to neutral peer interaction — violates character consistency and emotional continuity (no prior narrative framing of “accounts” or intergenerational ledger). “看不见的刀” introduces abstract, symbolic gesturing alien to grounded cafeteria realism — breaches physical plausibility and activity constraints (no imaginary props). All violations confirm ongoing noncompliance.
2026-07-17 09:52:16,711 [INFO] [VERIFY-REJECT] 刘世刚: REJECT: Multiple violations. First, “李记剁骨，左脚后跟抬三次，右脚一次” hallucinates hyper-specific, unverifiable biomechanical choreography — no basis for claiming exact foot-lift counts during professional butchery; violates cognitive boundary (implies insider knowledge inaccessible to student observer). Second, “数你眨眼次数——数多了，说明雾太厚；数少了……说明你眼里，已经没雾了” imposes pseudoscientific physiological interpretation (blinking rate ↔ atmospheric clarity) with no medical or perceptual validity — violates physical plausibility and cognitive consistency. Third, “旧搪瓷杯……杯底磕了个坑，盛着半杯凉白开，水面浮着两片蔫了的茶叶” introduces yet another ungrounded prop — no prior mention of tea, cups, or hydration station; inconsistent with cafeteria take-out zone inventory. Fourth, “黄牙” stereotypically assigns dental detail without basis — violates character consistency and risks gratuitous physical judgment. Fifth, “眼里，已经没雾了” uses metaphorical abstraction (“fog in eyes”) inconsistent with grounded peer interaction — breaches emotional and linguistic realism. All violations confirm sustained noncompliance.
2026-07-17 09:52:16,711 [INFO] [VERIFY-REJECT] 刘世刚: REJECT: Multiple violations. First, “李记剁骨，左脚后跟抬三次，右脚一次” hallucinates hyper-specific, unverifiable biomechanical choreography — no basis for claiming exact foot-lift counts during professional butchery; violates cognitive boundary (implies insider knowledge inaccessible to student observer). Second, “数你眨眼次数——数多了，说明雾太厚；数少了……说明你眼里，已经没雾了” imposes pseudoscientific physiological interpretation (blinking rate ↔ atmospheric clarity) with no medical or perceptual validity — violates physical plausibility and cognitive consistency. Third, “旧搪瓷杯……杯底磕了个坑，盛着半杯凉白开，水面浮着两片蔫了的茶叶” introduces yet another ungrounded prop — no prior mention of tea, cups, or hydration station; inconsistent with cafeteria take-out zone inventory. Fourth, “黄牙” stereotypically assigns dental detail without basis — violates character consistency and risks gratuitous physical judgment. Fifth, “眼里，已经没雾了” uses metaphorical abstraction (“fog in eyes”) inconsistent with grounded peer interaction — breaches emotional and linguistic realism. All violations confirm sustained noncompliance.
2026-07-17 09:52:30,167 [INFO] [VERIFY-REJECT] 刘铭: REJECT: Repeats “叔” — persistent, unsupported familial address violating peer-student framing. “我妈在厂里站十二小时” hallucinates ungrounded parental labor history (factory worker) with no contextual basis — inconsistent with京海中学’s urban student profile and violates activity constraints (no work references allowed). “眨眼比钟摆还匀” misattributes biological reflex to mechanical precision — blink rate is involuntary, variable, and cannot be consciously regulated like clockwork; violates physical plausibility and cognitive boundary. “冻伤后遗症，冬天总僵” introduces chronic medical condition without prior establishment or clinical plausibility for mild cold exposure in modern school settings — violates physical realism. “纸托……折一次，就定型。人也一样.” imposes deterministic philosophical claim about human malleability — inappropriate abstraction for peer-level dialogue; breaches emotional and linguistic consistency. All violations confirm irreparable deviation from world rules.
2026-07-17 09:52:30,167 [INFO] [VERIFY-REJECT] 刘铭: REJECT: Repeats “叔” — persistent, unsupported familial address violating peer-student framing. “我妈在厂里站十二小时” hallucinates ungrounded parental labor history (factory worker) with no contextual basis — inconsistent with京海中学’s urban student profile and violates activity constraints (no work references allowed). “眨眼比钟摆还匀” misattributes biological reflex to mechanical precision — blink rate is involuntary, variable, and cannot be consciously regulated like clockwork; violates physical plausibility and cognitive boundary. “冻伤后遗症，冬天总僵” introduces chronic medical condition without prior establishment or clinical plausibility for mild cold exposure in modern school settings — violates physical realism. “纸托……折一次，就定型。人也一样.” imposes deterministic philosophical claim about human malleability — inappropriate abstraction for peer-level dialogue; breaches emotional and linguistic consistency. All violations confirm irreparable deviation from world rules.
2026-07-17 09:52:42,556 [INFO] [VERIFY-REJECT] 刘世刚: REJECT: Multiple grave violations. First, “工资条——上周的，45块” directly breaches *all* Joint Activity Constraints — introduces paid labor, monetary compensation, and workplace hierarchy (student receiving wages) in a school cafeteria during lunchtime; strictly prohibited. Second, “后厨小灶” and “开后厨冰柜的” keys hallucinate unauthorized staff access and infrastructure not part of student-accessible areas — violates setting logic and safety protocols. Third, “鸡腿，我给你留着” implies food preparation/reservation privileges inconsistent with student status — breaches activity rules (no consumption arrangements). Fourth, “你这周工钱” presumes ongoing employment — contradicts刘世刚’s identity as a peer student and violates Chinese minor labor laws. Fifth, “骨头往哪边长” misuses anatomy metaphorically to suggest skeletal development direction — biologically nonsensical (bones grow via epiphyseal plates, not directional “growth paths”) — violates physical plausibility and cognitive boundary. All violations confirm total collapse of adherence to world rules.
2026-07-17 09:52:42,556 [INFO] [VERIFY-REJECT] 刘世刚: REJECT: Multiple grave violations. First, “工资条——上周的，45块” directly breaches *all* Joint Activity Constraints — introduces paid labor, monetary compensation, and workplace hierarchy (student receiving wages) in a school cafeteria during lunchtime; strictly prohibited. Second, “后厨小灶” and “开后厨冰柜的” keys hallucinate unauthorized staff access and infrastructure not part of student-accessible areas — violates setting logic and safety protocols. Third, “鸡腿，我给你留着” implies food preparation/reservation privileges inconsistent with student status — breaches activity rules (no consumption arrangements). Fourth, “你这周工钱” presumes ongoing employment — contradicts刘世刚’s identity as a peer student and violates Chinese minor labor laws. Fifth, “骨头往哪边长” misuses anatomy metaphorically to suggest skeletal development direction — biologically nonsensical (bones grow via epiphyseal plates, not directional “growth paths”) — violates physical plausibility and cognitive boundary. All violations confirm total collapse of adherence to world rules.
2026-07-17 09:52:42,556 [INFO] [VERIFY-JOINT-GIFTS] Recording 0 gift transactions for outcome
2026-07-17 09:52:42,556 [INFO] [VERIFY-JOINT-GIFTS] Recording 0 gift transactions for outcome
2026-07-17 09:52:42,556 [INFO] [VERIFY-JOINT-STEP1] ========== EVALUATE: GodModel evaluates all participants ==========
2026-07-17 09:52:42,556 [INFO] [VERIFY-JOINT-STEP1] ========== EVALUATE: GodModel evaluates all participants ==========
2026-07-17 09:52:42,556 [INFO] [VERIFY-JOINT-STEP1] Dialog turns: 39
2026-07-17 09:52:42,556 [INFO] [VERIFY-JOINT-STEP1] Dialog turns: 39
2026-07-17 09:52:45,138 [INFO] [VERIFY-JOINT-STEP1] Evaluation completed, 2 outcomes generated
2026-07-17 09:52:45,138 [INFO] [VERIFY-JOINT-STEP1] Evaluation completed, 2 outcomes generated
2026-07-17 09:52:45,138 [INFO] [VERIFY-JOINT-STEP1] 刘世刚: delta_vitality=-1, delta_fulfillment={'mood': 2, 'social': 3, 'esteem': 1}, delta_skills={}, items_sent=[], items_received=[]
2026-07-17 09:52:45,138 [INFO] [VERIFY-JOINT-STEP1] 刘世刚: delta_vitality=-1, delta_fulfillment={'mood': 2, 'social': 3, 'esteem': 1}, delta_skills={}, items_sent=[], items_received=[]
2026-07-17 09:52:45,138 [INFO] [VERIFY-JOINT-STEP1] 刘铭: delta_vitality=-2, delta_fulfillment={'mood': 1, 'social': 2, 'esteem': 0}, delta_skills={}, items_sent=[], items_received=[]
2026-07-17 09:52:45,138 [INFO] [VERIFY-JOINT-STEP1] 刘铭: delta_vitality=-2, delta_fulfillment={'mood': 1, 'social': 2, 'esteem': 0}, delta_skills={}, items_sent=[], items_received=[]
2026-07-17 09:52:45,138 [INFO] [VERIFY-JOINT-STEP2] ========== RECEIVE: each agent receives outcome ==========
2026-07-17 09:52:45,138 [INFO] [VERIFY-JOINT-STEP2] ========== RECEIVE: each agent receives outcome ==========
2026-07-17 09:52:45,138 [INFO] [VERIFY-JOINT-STEP2] 刘世刚 received outcome message
2026-07-17 09:52:45,138 [INFO] [VERIFY-JOINT-STEP2] 刘世刚 received outcome message
2026-07-17 09:52:45,138 [INFO] [VERIFY-JOINT-STEP2] 刘铭 received outcome message
2026-07-17 09:52:45,138 [INFO] [VERIFY-JOINT-STEP2] 刘铭 received outcome message
2026-07-17 09:52:45,138 [INFO] [VERIFY-JOINT-STEP3] ========== EXIT: generate summary ==========
2026-07-17 09:52:45,138 [INFO] [VERIFY-JOINT-STEP3] ========== EXIT: generate summary ==========
2026-07-17 09:52:54,915 [INFO] [VERIFY-JOINT-STEP3] 刘世刚 summary length: 533
2026-07-17 09:52:54,915 [INFO] [VERIFY-JOINT-STEP3] 刘世刚 summary length: 533
2026-07-17 09:52:54,915 [INFO] [VERIFY-JOINT-STEP3] 刘世刚 reflection length: 243
2026-07-17 09:52:54,915 [INFO] [VERIFY-JOINT-STEP3] 刘世刚 reflection length: 243
2026-07-17 09:53:00,662 [INFO] [VERIFY-JOINT-GIFTS] Recording 0 gift transactions for outcome
2026-07-17 09:53:00,662 [INFO] [VERIFY-JOINT-GIFTS] Recording 0 gift transactions for outcome
2026-07-17 09:53:00,662 [INFO] [VERIFY-JOINT-STEP1] ========== EVALUATE: GodModel evaluates all participants ==========
2026-07-17 09:53:00,662 [INFO] [VERIFY-JOINT-STEP1] ========== EVALUATE: GodModel evaluates all participants ==========
2026-07-17 09:53:00,663 [INFO] [VERIFY-JOINT-STEP1] Dialog turns: 39
2026-07-17 09:53:00,663 [INFO] [VERIFY-JOINT-STEP1] Dialog turns: 39
2026-07-17 09:53:00,965 [INFO] [VERIFY-JOINT-STEP3] 刘铭 summary length: 613
2026-07-17 09:53:00,965 [INFO] [VERIFY-JOINT-STEP3] 刘铭 summary length: 613
2026-07-17 09:53:00,965 [INFO] [VERIFY-JOINT-STEP3] 刘铭 reflection length: 738
2026-07-17 09:53:00,965 [INFO] [VERIFY-JOINT-STEP3] 刘铭 reflection length: 738
2026-07-17 09:53:00,965 [INFO] [VERIFY-JOINT-STEP4] ========== APPLY: apply state changes ==========
2026-07-17 09:53:00,965 [INFO] [VERIFY-JOINT-STEP4] ========== APPLY: apply state changes ==========
2026-07-17 09:53:00,965 [INFO] [VERIFY-JOINT-STEP4] Applied all changes for 刘世刚 (possessions=5, vitality_delta=-1)
2026-07-17 09:53:00,965 [INFO] [VERIFY-JOINT-STEP4] Applied all changes for 刘世刚 (possessions=5, vitality_delta=-1)
2026-07-17 09:53:00,966 [INFO] [VERIFY-JOINT-STEP4] Applied all changes for 刘铭 (possessions=4, vitality_delta=-2)
2026-07-17 09:53:00,966 [INFO] [VERIFY-JOINT-STEP4] Applied all changes for 刘铭 (possessions=4, vitality_delta=-2)
2026-07-17 09:53:00,966 [INFO] [VERIFY-JOINT-STEP5] ========== CONSISTENCY: verify state changes ==========
2026-07-17 09:53:00,966 [INFO] [VERIFY-JOINT-STEP5] ========== CONSISTENCY: verify state changes ==========
2026-07-17 09:53:00,966 [INFO] [VERIFY-JOINT-STEP5] 刘世刚 vitality delta verified: -1
2026-07-17 09:53:00,966 [INFO] [VERIFY-JOINT-STEP5] 刘世刚 vitality delta verified: -1
2026-07-17 09:53:00,966 [INFO] [VERIFY-JOINT-STEP5] 刘世刚 mood delta verified: 2
2026-07-17 09:53:00,966 [INFO] [VERIFY-JOINT-STEP5] 刘世刚 mood delta verified: 2
2026-07-17 09:53:00,966 [INFO] [VERIFY-JOINT-STEP5] 刘世刚 social delta verified: 3
2026-07-17 09:53:00,966 [INFO] [VERIFY-JOINT-STEP5] 刘世刚 social delta verified: 3
2026-07-17 09:53:00,966 [INFO] [VERIFY-JOINT-STEP5] 刘世刚 esteem delta verified: 1
2026-07-17 09:53:00,966 [INFO] [VERIFY-JOINT-STEP5] 刘世刚 esteem delta verified: 1
2026-07-17 09:53:00,966 [INFO] [VERIFY-JOINT-STEP5] 刘铭 vitality delta verified: -2
2026-07-17 09:53:00,966 [INFO] [VERIFY-JOINT-STEP5] 刘铭 vitality delta verified: -2
2026-07-17 09:53:00,966 [INFO] [VERIFY-JOINT-STEP5] 刘铭 mood delta verified: 1
2026-07-17 09:53:00,966 [INFO] [VERIFY-JOINT-STEP5] 刘铭 mood delta verified: 1
2026-07-17 09:53:00,966 [INFO] [VERIFY-JOINT-STEP5] 刘铭 social delta verified: 2
2026-07-17 09:53:00,966 [INFO] [VERIFY-JOINT-STEP5] 刘铭 social delta verified: 2
2026-07-17 09:53:00,966 [INFO] [VERIFY-JOINT-STEP5] 刘铭 esteem delta verified: 0
2026-07-17 09:53:00,966 [INFO] [VERIFY-JOINT-STEP5] 刘铭 esteem delta verified: 0
2026-07-17 09:53:00,966 [INFO] [VERIFY-JOINT-STEP6] ========== RECORD: save records ==========
2026-07-17 09:53:00,966 [INFO] [VERIFY-JOINT-STEP6] ========== RECORD: save records ==========
2026-07-17 09:53:00,966 [INFO] [VERIFY-JOINT-STEP6] Saved record for 刘世刚
2026-07-17 09:53:00,966 [INFO] [VERIFY-JOINT-STEP6] Saved record for 刘世刚
2026-07-17 09:53:00,966 [INFO] [VERIFY-JOINT-STEP6] Saved record for 刘铭
2026-07-17 09:53:00,966 [INFO] [VERIFY-JOINT-STEP6] Saved record for 刘铭
2026-07-17 09:53:00,966 [INFO] [VERIFY-JOINT] ========== Joint activity completed for all 2 participants ==========
2026-07-17 09:53:00,966 [INFO] [VERIFY-JOINT] ========== Joint activity completed for all 2 participants ==========
2026-07-17 09:53:03,745 [INFO] [VERIFY-JOINT-STEP1] Evaluation completed, 2 outcomes generated
2026-07-17 09:53:03,745 [INFO] [VERIFY-JOINT-STEP1] Evaluation completed, 2 outcomes generated
2026-07-17 09:53:03,745 [INFO] [VERIFY-JOINT-STEP1] 刘凡: delta_vitality=-2, delta_fulfillment={'mood': 3, 'social': 5, 'esteem': 2}, delta_skills={'experiment_operation': 1, 'investigation_reasoning': 2}, items_sent=[], items_received=[]
2026-07-17 09:53:03,745 [INFO] [VERIFY-JOINT-STEP1] 刘凡: delta_vitality=-2, delta_fulfillment={'mood': 3, 'social': 5, 'esteem': 2}, delta_skills={'experiment_operation': 1, 'investigation_reasoning': 2}, items_sent=[], items_received=[]
2026-07-17 09:53:03,745 [INFO] [VERIFY-JOINT-STEP1] 吕谦: delta_vitality=-3, delta_fulfillment={'mood': 2, 'social': 5, 'esteem': 2}, delta_skills={'facilities_maintenance_record': 2, 'investigation_reasoning': 2}, items_sent=[], items_received=[]
2026-07-17 09:53:03,745 [INFO] [VERIFY-JOINT-STEP1] 吕谦: delta_vitality=-3, delta_fulfillment={'mood': 2, 'social': 5, 'esteem': 2}, delta_skills={'facilities_maintenance_record': 2, 'investigation_reasoning': 2}, items_sent=[], items_received=[]
2026-07-17 09:53:03,746 [INFO] [VERIFY-JOINT-STEP2] ========== RECEIVE: each agent receives outcome ==========
2026-07-17 09:53:03,746 [INFO] [VERIFY-JOINT-STEP2] ========== RECEIVE: each agent receives outcome ==========
2026-07-17 09:53:03,746 [INFO] [VERIFY-JOINT-STEP2] 刘凡 received outcome message
2026-07-17 09:53:03,746 [INFO] [VERIFY-JOINT-STEP2] 刘凡 received outcome message
2026-07-17 09:53:03,746 [INFO] [VERIFY-JOINT-STEP2] 吕谦 received outcome message
2026-07-17 09:53:03,746 [INFO] [VERIFY-JOINT-STEP2] 吕谦 received outcome message
2026-07-17 09:53:03,746 [INFO] [VERIFY-JOINT-STEP3] ========== EXIT: generate summary ==========
2026-07-17 09:53:03,746 [INFO] [VERIFY-JOINT-STEP3] ========== EXIT: generate summary ==========
2026-07-17 09:53:09,856 [INFO] [VERIFY-JOINT-STEP3] 刘凡 summary length: 216
2026-07-17 09:53:09,856 [INFO] [VERIFY-JOINT-STEP3] 刘凡 summary length: 216
2026-07-17 09:53:09,856 [INFO] [VERIFY-JOINT-STEP3] 刘凡 reflection length: 255
2026-07-17 09:53:09,856 [INFO] [VERIFY-JOINT-STEP3] 刘凡 reflection length: 255
2026-07-17 09:53:15,952 [INFO] [VERIFY-JOINT-STEP3] 吕谦 summary length: 210
2026-07-17 09:53:15,952 [INFO] [VERIFY-JOINT-STEP3] 吕谦 summary length: 210
2026-07-17 09:53:15,952 [INFO] [VERIFY-JOINT-STEP3] 吕谦 reflection length: 237
2026-07-17 09:53:15,952 [INFO] [VERIFY-JOINT-STEP3] 吕谦 reflection length: 237
2026-07-17 09:53:15,952 [INFO] [VERIFY-JOINT-STEP4] ========== APPLY: apply state changes ==========
2026-07-17 09:53:15,952 [INFO] [VERIFY-JOINT-STEP4] ========== APPLY: apply state changes ==========
2026-07-17 09:53:15,952 [INFO] [VERIFY-JOINT-STEP4] Applied all changes for 刘凡 (possessions=3, vitality_delta=-2)
2026-07-17 09:53:15,952 [INFO] [VERIFY-JOINT-STEP4] Applied all changes for 刘凡 (possessions=3, vitality_delta=-2)
2026-07-17 09:53:15,952 [INFO] [VERIFY-JOINT-STEP4] Applied all changes for 吕谦 (possessions=5, vitality_delta=-3)
2026-07-17 09:53:15,952 [INFO] [VERIFY-JOINT-STEP4] Applied all changes for 吕谦 (possessions=5, vitality_delta=-3)
2026-07-17 09:53:15,952 [INFO] [VERIFY-JOINT-STEP5] ========== CONSISTENCY: verify state changes ==========
2026-07-17 09:53:15,952 [INFO] [VERIFY-JOINT-STEP5] ========== CONSISTENCY: verify state changes ==========
2026-07-17 09:53:15,953 [INFO] [VERIFY-JOINT-STEP5] 刘凡 vitality delta verified: -2
2026-07-17 09:53:15,953 [INFO] [VERIFY-JOINT-STEP5] 刘凡 vitality delta verified: -2
2026-07-17 09:53:15,953 [INFO] [VERIFY-JOINT-STEP5] 刘凡 mood delta verified: 3
2026-07-17 09:53:15,953 [INFO] [VERIFY-JOINT-STEP5] 刘凡 mood delta verified: 3
2026-07-17 09:53:15,953 [INFO] [VERIFY-JOINT-STEP5] 刘凡 social delta verified: 5
2026-07-17 09:53:15,953 [INFO] [VERIFY-JOINT-STEP5] 刘凡 social delta verified: 5
2026-07-17 09:53:15,953 [INFO] [VERIFY-JOINT-STEP5] 刘凡 esteem delta verified: 2
2026-07-17 09:53:15,953 [INFO] [VERIFY-JOINT-STEP5] 刘凡 esteem delta verified: 2
2026-07-17 09:53:15,953 [INFO] [VERIFY-JOINT-STEP5] 吕谦 vitality delta verified: -3
2026-07-17 09:53:15,953 [INFO] [VERIFY-JOINT-STEP5] 吕谦 vitality delta verified: -3
2026-07-17 09:53:15,953 [INFO] [VERIFY-JOINT-STEP5] 吕谦 mood delta verified: 2
2026-07-17 09:53:15,953 [INFO] [VERIFY-JOINT-STEP5] 吕谦 mood delta verified: 2
2026-07-17 09:53:15,953 [INFO] [VERIFY-JOINT-STEP5] 吕谦 social delta verified: 5
2026-07-17 09:53:15,953 [INFO] [VERIFY-JOINT-STEP5] 吕谦 social delta verified: 5
2026-07-17 09:53:15,953 [INFO] [VERIFY-JOINT-STEP5] 吕谦 esteem delta verified: 2
2026-07-17 09:53:15,953 [INFO] [VERIFY-JOINT-STEP5] 吕谦 esteem delta verified: 2
2026-07-17 09:53:15,953 [INFO] [VERIFY-JOINT-STEP6] ========== RECORD: save records ==========
2026-07-17 09:53:15,953 [INFO] [VERIFY-JOINT-STEP6] ========== RECORD: save records ==========
2026-07-17 09:53:15,953 [INFO] [VERIFY-JOINT-STEP6] Saved record for 刘凡
2026-07-17 09:53:15,953 [INFO] [VERIFY-JOINT-STEP6] Saved record for 刘凡
2026-07-17 09:53:15,953 [INFO] [VERIFY-JOINT-STEP6] Saved record for 吕谦
2026-07-17 09:53:15,953 [INFO] [VERIFY-JOINT-STEP6] Saved record for 吕谦
2026-07-17 09:53:15,953 [INFO] [VERIFY-JOINT] ========== Joint activity completed for all 2 participants ==========
2026-07-17 09:53:15,953 [INFO] [VERIFY-JOINT] ========== Joint activity completed for all 2 participants ==========
2026-07-17 10:01:57,793 [INFO] [VERIFY-JOINT] ========== Starting joint activity at Y2020-W01-activity-D1 ==========
2026-07-17 10:01:57,793 [INFO] [VERIFY-JOINT] Activity: Encounter-丛雪薇-刘世刚, Location: 食堂一层取餐区
2026-07-17 10:01:57,794 [INFO] [VERIFY-JOINT] Participants: ['丛雪薇', '刘世刚']
2026-07-17 10:01:57,795 [INFO] [VERIFY-JOINT] Proposer: None
2026-07-17 10:01:57,798 [INFO] [VERIFY-JOINT-STATE] 丛雪薇 before: vitality=70, fulfillment={'mood': 43, 'material': 50, 'social': 43, 'esteem': 43}, possessions=5
2026-07-17 10:01:57,798 [INFO] [VERIFY-JOINT-STATE] 刘世刚 before: vitality=70, fulfillment={'mood': 43, 'material': 50, 'social': 43, 'esteem': 43}, possessions=5
2026-07-17 10:04:22,255 [WARNING] [VERIFY-JOINT-GIFTS] Gift failed: 刘世刚 → 丛雪薇: 薄荷糖 - System Notification: You attempted to give '薄荷糖' to 丛雪薇, but you don't own this item.
2026-07-17 10:07:55,080 [INFO] [VERIFY-JOINT-GIFTS] Recording 0 gift transactions for outcome
2026-07-17 10:07:55,082 [INFO] [VERIFY-JOINT-STEP1] ========== EVALUATE: GodModel evaluates all participants ==========
2026-07-17 10:07:55,082 [INFO] [VERIFY-JOINT-STEP1] Dialog turns: 39
2026-07-17 10:07:58,205 [INFO] [VERIFY-JOINT-STEP1] Evaluation completed, 2 outcomes generated
2026-07-17 10:07:58,205 [INFO] [VERIFY-JOINT-STEP1] 丛雪薇: delta_vitality=-1, delta_fulfillment={'mood': 3, 'social': 4, 'esteem': 2}, delta_skills={'观察与共情': 2}, items_sent=[], items_received=[]
2026-07-17 10:07:58,205 [INFO] [VERIFY-JOINT-STEP1] 刘世刚: delta_vitality=-2, delta_fulfillment={'mood': 2, 'social': 5, 'esteem': 2}, delta_skills={'人际沟通': 1, '食品安全': 1}, items_sent=[], items_received=[]
2026-07-17 10:07:58,205 [INFO] [VERIFY-JOINT-STEP2] ========== RECEIVE: each agent receives outcome ==========
2026-07-17 10:07:58,205 [INFO] [VERIFY-JOINT-STEP2] 丛雪薇 received outcome message
2026-07-17 10:07:58,205 [INFO] [VERIFY-JOINT-STEP2] 刘世刚 received outcome message
2026-07-17 10:07:58,205 [INFO] [VERIFY-JOINT-STEP3] ========== EXIT: generate summary ==========
2026-07-17 10:08:05,126 [INFO] [VERIFY-JOINT-STEP3] 丛雪薇 summary length: 803
2026-07-17 10:08:05,126 [INFO] [VERIFY-JOINT-STEP3] 丛雪薇 reflection length: 650
2026-07-17 10:08:12,392 [INFO] [VERIFY-JOINT-STEP3] 刘世刚 summary length: 174
2026-07-17 10:08:12,392 [INFO] [VERIFY-JOINT-STEP3] 刘世刚 reflection length: 276
2026-07-17 10:08:12,392 [INFO] [VERIFY-JOINT-STEP4] ========== APPLY: apply state changes ==========
2026-07-17 10:08:12,393 [INFO] [VERIFY-JOINT-STEP4] Applied all changes for 丛雪薇 (possessions=5, vitality_delta=-1)
2026-07-17 10:08:12,393 [INFO] [VERIFY-JOINT-STEP4] Applied all changes for 刘世刚 (possessions=5, vitality_delta=-2)
2026-07-17 10:08:12,393 [INFO] [VERIFY-JOINT-STEP5] ========== CONSISTENCY: verify state changes ==========
2026-07-17 10:08:12,393 [INFO] [VERIFY-JOINT-STEP5] 丛雪薇 vitality delta verified: -1
2026-07-17 10:08:12,393 [INFO] [VERIFY-JOINT-STEP5] 丛雪薇 mood delta verified: 3
2026-07-17 10:08:12,393 [INFO] [VERIFY-JOINT-STEP5] 丛雪薇 social delta verified: 4
2026-07-17 10:08:12,393 [INFO] [VERIFY-JOINT-STEP5] 丛雪薇 esteem delta verified: 2
2026-07-17 10:08:12,393 [INFO] [VERIFY-JOINT-STEP5] 刘世刚 vitality delta verified: -2
2026-07-17 10:08:12,393 [INFO] [VERIFY-JOINT-STEP5] 刘世刚 mood delta verified: 2
2026-07-17 10:08:12,393 [INFO] [VERIFY-JOINT-STEP5] 刘世刚 social delta verified: 5
2026-07-17 10:08:12,393 [INFO] [VERIFY-JOINT-STEP5] 刘世刚 esteem delta verified: 2
2026-07-17 10:08:12,393 [INFO] [VERIFY-JOINT-STEP6] ========== RECORD: save records ==========
2026-07-17 10:08:12,394 [INFO] [VERIFY-JOINT-STEP6] Saved record for 丛雪薇
2026-07-17 10:08:12,394 [INFO] [VERIFY-JOINT-STEP6] Saved record for 刘世刚
2026-07-17 10:08:12,394 [INFO] [VERIFY-JOINT] ========== Joint activity completed for all 2 participants ==========
2026-07-17 10:08:12,396 [INFO] [VERIFY-JOINT] ========== Starting joint activity at Y2020-W01-activity-D2 ==========
2026-07-17 10:08:12,396 [INFO] [VERIFY-JOINT] Activity: Encounter-刘凡-君, Location: 化学实验室A
2026-07-17 10:08:12,396 [INFO] [VERIFY-JOINT] Participants: ['刘凡', '君']
2026-07-17 10:08:12,396 [INFO] [VERIFY-JOINT] Proposer: None
2026-07-17 10:08:12,397 [INFO] [VERIFY-JOINT-STATE] 刘凡 before: vitality=70, fulfillment={'mood': 46, 'material': 50, 'social': 45, 'esteem': 44}, possessions=3
2026-07-17 10:08:12,398 [INFO] [VERIFY-JOINT-STATE] 君 before: vitality=71, fulfillment={'mood': 47, 'material': 50, 'social': 45, 'esteem': 44.5}, possessions=5
2026-07-17 10:11:35,447 [INFO] [VERIFY-JOINT-GIFTS] Recording 0 gift transactions for outcome
2026-07-17 10:11:35,447 [INFO] [VERIFY-JOINT-STEP1] ========== EVALUATE: GodModel evaluates all participants ==========
2026-07-17 10:11:35,447 [INFO] [VERIFY-JOINT-STEP1] Dialog turns: 39
2026-07-17 10:11:38,679 [INFO] [VERIFY-JOINT-STEP1] Evaluation completed, 2 outcomes generated
2026-07-17 10:11:38,679 [INFO] [VERIFY-JOINT-STEP1] 刘凡: delta_vitality=1, delta_fulfillment={'mood': 5, 'social': 5, 'esteem': 2}, delta_skills={'teaching': 2, 'mindfulness_practice': 1}, items_sent=[], items_received=[]
2026-07-17 10:11:38,679 [INFO] [VERIFY-JOINT-STEP1] 君: delta_vitality=0, delta_fulfillment={'mood': 5, 'social': 5, 'esteem': 2}, delta_skills={'focus_regulation': 1, 'emotional_self_containment': 1, 'chemistry': 1}, items_sent=[], items_received=[]
2026-07-17 10:11:38,679 [INFO] [VERIFY-JOINT-STEP2] ========== RECEIVE: each agent receives outcome ==========
2026-07-17 10:11:38,679 [INFO] [VERIFY-JOINT-STEP2] 刘凡 received outcome message
2026-07-17 10:11:38,679 [INFO] [VERIFY-JOINT-STEP2] 君 received outcome message
2026-07-17 10:11:38,679 [INFO] [VERIFY-JOINT-STEP3] ========== EXIT: generate summary ==========
2026-07-17 10:11:47,635 [INFO] [VERIFY-JOINT-STEP3] 刘凡 summary length: 212
2026-07-17 10:11:47,635 [INFO] [VERIFY-JOINT-STEP3] 刘凡 reflection length: 185
2026-07-17 10:11:54,574 [INFO] [VERIFY-JOINT-STEP3] 君 summary length: 204
2026-07-17 10:11:54,574 [INFO] [VERIFY-JOINT-STEP3] 君 reflection length: 191
2026-07-17 10:11:54,574 [INFO] [VERIFY-JOINT-STEP4] ========== APPLY: apply state changes ==========
2026-07-17 10:11:54,575 [INFO] [VERIFY-JOINT-STEP4] Applied all changes for 刘凡 (possessions=3, vitality_delta=1)
2026-07-17 10:11:54,575 [INFO] [VERIFY-JOINT-STEP4] Applied all changes for 君 (possessions=5, vitality_delta=0)
2026-07-17 10:11:54,575 [INFO] [VERIFY-JOINT-STEP5] ========== CONSISTENCY: verify state changes ==========
2026-07-17 10:11:54,575 [INFO] [VERIFY-JOINT-STEP5] 刘凡 vitality delta verified: 1
2026-07-17 10:11:54,575 [INFO] [VERIFY-JOINT-STEP5] 刘凡 mood delta verified: 5
2026-07-17 10:11:54,575 [INFO] [VERIFY-JOINT-STEP5] 刘凡 social delta verified: 5
2026-07-17 10:11:54,575 [INFO] [VERIFY-JOINT-STEP5] 刘凡 esteem delta verified: 2
2026-07-17 10:11:54,575 [INFO] [VERIFY-JOINT-STEP5] 君 vitality delta verified: 0
2026-07-17 10:11:54,575 [INFO] [VERIFY-JOINT-STEP5] 君 mood delta verified: 5
2026-07-17 10:11:54,575 [INFO] [VERIFY-JOINT-STEP5] 君 social delta verified: 5
2026-07-17 10:11:54,575 [INFO] [VERIFY-JOINT-STEP5] 君 esteem delta verified: 2.0
2026-07-17 10:11:54,575 [INFO] [VERIFY-JOINT-STEP6] ========== RECORD: save records ==========
2026-07-17 10:11:54,575 [INFO] [VERIFY-JOINT-STEP6] Saved record for 刘凡
2026-07-17 10:11:54,576 [INFO] [VERIFY-JOINT-STEP6] Saved record for 君
2026-07-17 10:11:54,576 [INFO] [VERIFY-JOINT] ========== Joint activity completed for all 2 participants ==========
2026-07-17 10:11:54,577 [INFO] [VERIFY-JOINT] ========== Starting joint activity at Y2020-W01-activity-D3 ==========
2026-07-17 10:11:54,578 [INFO] [VERIFY-JOINT] Activity: Encounter-何敏-叶, Location: 宿舍楼公共盥洗间
2026-07-17 10:11:54,578 [INFO] [VERIFY-JOINT] Participants: ['何敏', '叶']
2026-07-17 10:11:54,578 [INFO] [VERIFY-JOINT] Proposer: None
2026-07-17 10:11:54,578 [INFO] [VERIFY-JOINT-STATE] 何敏 before: vitality=68, fulfillment={'mood': 45, 'material': 50, 'social': 45, 'esteem': 44.5}, possessions=4
2026-07-17 10:11:54,579 [INFO] [VERIFY-JOINT-STATE] 叶 before: vitality=70, fulfillment={'mood': 51, 'material': 55, 'social': 46, 'esteem': 45}, possessions=4
