2026-07-16 14:13:34,650 - cleanup - INFO - [CLEANUP SUMMARY] start_time=Y2020-W01-begin | scanned=493, trimmed=0, deleted=0, untouched=493
2026-07-16 14:23:05,712 - cleanup - WARNING - deleted data/apartment_07161413/god/position_application/year=2020/week=1.jsonl: all 1 records removed (time >= Y2020-W01-begin)
2026-07-16 14:23:05,712 - cleanup - WARNING - deleted data/apartment_07161413/god/profile_update/year=2020/week=1.jsonl: all 1 records removed (time >= Y2020-W01-begin)
2026-07-16 14:23:05,712 - cleanup - WARNING - deleted data/apartment_07161413/god/public_activity/year=2020/week=1.jsonl: all 3 records removed (time >= Y2020-W01-begin)
2026-07-16 14:23:05,713 - cleanup - WARNING - deleted data/apartment_07161413/god/solo_activity/year=2020/week=1.jsonl: all 3 records removed (time >= Y2020-W01-begin)
2026-07-16 14:23:05,713 - cleanup - WARNING - deleted data/apartment_07161413/persona/Aaron Whitfield/achievement.jsonl: all 1 records removed (time >= Y2020-W01-begin)
2026-07-16 14:23:05,713 - cleanup - WARNING - deleted data/apartment_07161413/persona/Aaron Whitfield/activity.jsonl: all 5 records removed (time >= Y2020-W01-begin)
2026-07-16 14:23:05,713 - cleanup - WARNING - deleted data/apartment_07161413/persona/Aaron Whitfield/contact/Jamal Osei.jsonl: all 1 records removed (time >= Y2020-W01-begin)
2026-07-16 14:23:05,714 - cleanup - WARNING - deleted data/apartment_07161413/persona/Aaron Whitfield/contact/Julian Reyes.jsonl: all 1 records removed (time >= Y2020-W01-begin)
2026-07-16 14:23:05,714 - cleanup - WARNING - deleted data/apartment_07161413/persona/Aaron Whitfield/contact/Leo.jsonl: all 1 records removed (time >= Y2020-W01-begin)
2026-07-16 14:23:05,714 - cleanup - WARNING - deleted data/apartment_07161413/persona/Aaron Whitfield/contact/Simon Delacroix.jsonl: all 1 records removed (time >= Y2020-W01-begin)
2026-07-16 14:23:05,715 - cleanup - WARNING - deleted data/apartment_07161413/persona/Aaron Whitfield/contact/sig.jsonl: all 4 records removed (time >= Y2020-W01-begin)
2026-07-16 14:23:05,717 - cleanup - WARNING - deleted data/apartment_07161413/persona/Aaron Whitfield/generation/year=2020/week=1.jsonl: all 28 records removed (time >= Y2020-W01-begin)
2026-07-16 14:23:05,718 - cleanup - WARNING - deleted data/apartment_07161413/persona/Aaron Whitfield/memory/weekly_diary.jsonl: all 1 records removed (time >= Y2020-W01-begin)
2026-07-16 14:23:05,718 - cleanup - WARNING - deleted data/apartment_07161413/persona/Aaron Whitfield/schedule.jsonl: all 2 records removed (time >= Y2020-W01-begin)
2026-07-16 14:23:05,719 - cleanup - INFO - trimmed data/apartment_07161413/persona/Aaron Whitfield/state.jsonl: kept=2, removed=8
2026-07-16 14:23:05,731 - cleanup - WARNING - deleted data/apartment_07161413/persona/Jamal Osei/contact/Aaron Whitfield.jsonl: all 1 records removed (time >= Y2020-W01-begin)
2026-07-16 14:23:05,732 - cleanup - WARNING - deleted data/apartment_07161413/persona/Jamal Osei/contact/sig.jsonl: all 1 records removed (time >= Y2020-W01-begin)
2026-07-16 14:23:05,733 - cleanup - WARNING - deleted data/apartment_07161413/persona/Julian Reyes/contact/Aaron Whitfield.jsonl: all 1 records removed (time >= Y2020-W01-begin)
2026-07-16 14:23:05,733 - cleanup - WARNING - deleted data/apartment_07161413/persona/Julian Reyes/contact/sig.jsonl: all 1 records removed (time >= Y2020-W01-begin)
2026-07-16 14:23:05,734 - cleanup - WARNING - deleted data/apartment_07161413/persona/Leo/contact/Aaron Whitfield.jsonl: all 1 records removed (time >= Y2020-W01-begin)
2026-07-16 14:23:05,734 - cleanup - WARNING - deleted data/apartment_07161413/persona/Leo/contact/sig.jsonl: all 1 records removed (time >= Y2020-W01-begin)
2026-07-16 14:23:05,744 - cleanup - WARNING - deleted data/apartment_07161413/persona/Simon Delacroix/contact/Aaron Whitfield.jsonl: all 1 records removed (time >= Y2020-W01-begin)
2026-07-16 14:23:05,744 - cleanup - WARNING - deleted data/apartment_07161413/persona/Simon Delacroix/contact/sig.jsonl: all 1 records removed (time >= Y2020-W01-begin)
2026-07-16 14:23:05,747 - cleanup - WARNING - deleted data/apartment_07161413/position_application_log.jsonl: all 1 records removed (time >= Y2020-W01-begin)
2026-07-16 14:23:05,747 - cleanup - WARNING - deleted data/apartment_07161413/public_events.jsonl: all 6 records removed (time >= Y2020-W01-begin)
2026-07-16 14:23:05,747 - cleanup - INFO - [CLEANUP SUMMARY] start_time=Y2020-W01-begin | scanned=522, trimmed=1, deleted=24, untouched=497
