2026-07-16 14:16:00,567 [INFO] [POSITION_APPLICATION] Designed 10 positions for 1 agents
2026-07-16 14:21:37,435 [INFO] [POSITION_APPLICATION] ========== POSITION APPLICATION SEASON START ========== Y2020-W01-settle
2026-07-16 14:21:37,435 [INFO] [POSITION_APPLICATION] 1 agents, 11 positions available
2026-07-16 14:21:37,435 [INFO] [POSITION_APPLICATION] === COLLECT WISHES START === 1 agents, 11 positions available
2026-07-16 14:21:37,435 [INFO] [POSITION_APPLICATION] Position: Bremer Apartment Building/Night Shift Super Assistant (capacity=1, income=195)
2026-07-16 14:21:37,435 [INFO] [POSITION_APPLICATION] Position: Brooklyn Music Conservatory Extension/Community Ensemble Coordinator (capacity=1, income=310)
2026-07-16 14:21:37,435 [INFO] [POSITION_APPLICATION] Position: Café Sonrisa (Bilingual After-School Program)/Mentor-Tutor (capacity=1, income=165)
2026-07-16 14:21:37,435 [INFO] [POSITION_APPLICATION] Position: Corner Coffee Shop/Barista (capacity=1, income=180)
2026-07-16 14:21:37,435 [INFO] [POSITION_APPLICATION] Position: Greenwich Village Community Garden Co-op/Steward (capacity=1, income=220)
2026-07-16 14:21:37,435 [INFO] [POSITION_APPLICATION] Position: NYU Tisch School of the Arts/Undergraduate Acting Student (capacity=1, income=120)
2026-07-16 14:21:37,435 [INFO] [POSITION_APPLICATION] Position: New York Public Library – Greenwich Branch/Digital Literacy Volunteer Trainer (capacity=1, income=95)
2026-07-16 14:21:37,435 [INFO] [POSITION_APPLICATION] Position: Rooftop Water Tower Restoration Project/Historic Preservation Apprentice (capacity=1, income=233)
2026-07-16 14:21:37,435 [INFO] [POSITION_APPLICATION] Position: Self-employed (contributes to The Atlantic, New York Magazine, various outlets)/Freelance journalist and novelist (capacity=1, income=350)
2026-07-16 14:21:37,435 [INFO] [POSITION_APPLICATION] Position: The Atlantic / New York Magazine Freelance Network/Editorial Research Fellow (capacity=1, income=420)
2026-07-16 14:21:37,435 [INFO] [POSITION_APPLICATION] Position: The Bremer Tenant Association/Building Archivist (capacity=1, income=200)
2026-07-16 14:21:37,435 [INFO] [POSITION_APPLICATION] Aaron Whitfield express_wishes INPUT: current_position=Self-employed (contributes to The Atlantic, New York Magazine, various outlets)/Freelance journalist and novelist, n_positions=10
2026-07-16 14:21:52,849 [INFO] [POSITION_APPLICATION] Aaron Whitfield express_wishes OUTPUT: wishes=['The Atlantic / New York Magazine Freelance Network/Editorial Research Fellow', 'The Bremer Tenant Association/Building Archivist', 'Self-employed (contributes to The Atlantic, New York Magazine, various outlets)/Freelance journalist and novelist'], response_preview='I stare at the list of positions, leaning back in my chair, fingers tracing the scar through my left eyebrow. The radiator ticks softly beside me. $350 a week keeps me afloat—but barely. Ramen nights ...'
2026-07-16 14:21:52,849 [INFO] [POSITION_APPLICATION] --- Per-Agent Wishes ---
2026-07-16 14:21:52,849 [INFO] [POSITION_APPLICATION] Aaron Whitfield INPUT: original=Self-employed (contributes to The Atlantic, New York Magazine, various outlets)/Freelance journalist and novelist, wishes=['The Atlantic / New York Magazine Freelance Network/Editorial Research Fellow', 'The Bremer Tenant Association/Building Archivist', 'Self-employed (contributes to The Atlantic, New York Magazine, various outlets)/Freelance journalist and novelist']
2026-07-16 14:21:52,849 [INFO] [POSITION_APPLICATION] === COLLECT WISHES COMPLETE === 1 agents collected
2026-07-16 14:21:52,849 [INFO] [POSITION_APPLICATION] === Round 1: Wish Round ===
2026-07-16 14:21:52,849 [INFO] [POSITION_APPLICATION] --- Sub-round 1 ---
2026-07-16 14:21:52,849 [INFO] [POSITION_APPLICATION] Sub-round 1: 1 positions, 1 batches
2026-07-16 14:21:52,849 [INFO] [POSITION_APPLICATION] _process_batch_round1 sub1: positions=['The Atlantic / New York Magazine Freelance Network/Editorial Research Fellow'], applicants=['Aaron Whitfield']
2026-07-16 14:21:52,850 [INFO] [POSITION_APPLICATION] god_evaluate_position_application INPUT: round=1, sub_round=1, positions=[('The Atlantic / New York Magazine Freelance Network/Editorial Research Fellow', 1)], candidates=['Aaron Whitfield']
2026-07-16 14:21:55,119 [INFO] [POSITION_APPLICATION] Round 1 Sub-1 - Positions: ['The Atlantic / New York Magazine Freelance Network/Editorial Research Fellow'], Candidates: 1, Results: {'The Atlantic / New York Magazine Freelance Network/Editorial Research Fellow': ['Aaron Whitfield']}
2026-07-16 14:21:55,119 [INFO] [POSITION_APPLICATION] God Model results: {'The Atlantic / New York Magazine Freelance Network/Editorial Research Fellow': ['Aaron Whitfield']}
2026-07-16 14:21:55,119 [INFO] [POSITION_APPLICATION] ACCEPTED: Aaron Whitfield → The Atlantic / New York Magazine Freelance Network/Editorial Research Fellow (sub_round=1)
2026-07-16 14:21:55,119 [INFO] [POSITION_APPLICATION] --- Sub-round 2 ---
2026-07-16 14:21:55,119 [INFO] [POSITION_APPLICATION] Sub-round 2: no wishes to process
2026-07-16 14:21:55,119 [INFO] [POSITION_APPLICATION] --- Sub-round 3 ---
2026-07-16 14:21:55,119 [INFO] [POSITION_APPLICATION] Sub-round 3: no wishes to process
2026-07-16 14:21:55,119 [INFO] [POSITION_APPLICATION] Round 1 complete: 1 matched
2026-07-16 14:21:55,119 [INFO] [POSITION_APPLICATION] === FINALIZE START ===
2026-07-16 14:21:55,119 [INFO] [POSITION_APPLICATION] --- Per-Agent Results ---
2026-07-16 14:21:55,119 [INFO] [POSITION_APPLICATION] Aaron Whitfield OUTPUT: CHANGED original=Self-employed (contributes to The Atlantic, New York Magazine, various outlets)/Freelance journalist and novelist, new=The Atlantic / New York Magazine Freelance Network/Editorial Research Fellow, wishes=['The Atlantic / New York Magazine Freelance Network/Editorial Research Fellow', 'The Bremer Tenant Association/Building Archivist', 'Self-employed (contributes to The Atlantic, New York Magazine, various outlets)/Freelance journalist and novelist']
2026-07-16 14:21:55,119 [INFO] [POSITION_APPLICATION] === FINALIZE COMPLETE === 1 accepted (0 stayed, 1 changed, 0 fallback)
2026-07-16 14:21:55,119 [INFO] [POSITION_APPLICATION] Updating colleague relationships
2026-07-16 14:21:55,120 [INFO] [ACHIEVEMENT] 1 agents. Top3: [('Aaron Whitfield', 400, '100.0')], Bottom3: [('Aaron Whitfield', 400, '100.0')]
2026-07-16 14:21:55,120 [INFO] [POSITION_APPLICATION] ========== POSITION APPLICATION SEASON COMPLETE ========== 1 agents processed
2026-07-16 14:28:40,121 [INFO] [POSITION_APPLICATION] ========== POSITION APPLICATION SEASON START ========== Y2020-W01-settle
2026-07-16 14:28:40,121 [INFO] [POSITION_APPLICATION] 1 agents, 11 positions available
2026-07-16 14:28:40,121 [INFO] [POSITION_APPLICATION] === COLLECT WISHES START === 1 agents, 11 positions available
2026-07-16 14:28:40,121 [INFO] [POSITION_APPLICATION] Position: Bremer Apartment Building/Night Shift Super Assistant (capacity=1, income=195)
2026-07-16 14:28:40,121 [INFO] [POSITION_APPLICATION] Position: Brooklyn Music Conservatory Extension/Community Ensemble Coordinator (capacity=1, income=310)
2026-07-16 14:28:40,121 [INFO] [POSITION_APPLICATION] Position: Café Sonrisa (Bilingual After-School Program)/Mentor-Tutor (capacity=1, income=165)
2026-07-16 14:28:40,122 [INFO] [POSITION_APPLICATION] Position: Corner Coffee Shop/Barista (capacity=1, income=180)
2026-07-16 14:28:40,122 [INFO] [POSITION_APPLICATION] Position: Greenwich Village Community Garden Co-op/Steward (capacity=1, income=220)
2026-07-16 14:28:40,122 [INFO] [POSITION_APPLICATION] Position: NYU Tisch School of the Arts/Undergraduate Acting Student (capacity=1, income=120)
2026-07-16 14:28:40,122 [INFO] [POSITION_APPLICATION] Position: New York Public Library – Greenwich Branch/Digital Literacy Volunteer Trainer (capacity=1, income=95)
2026-07-16 14:28:40,122 [INFO] [POSITION_APPLICATION] Position: Rooftop Water Tower Restoration Project/Historic Preservation Apprentice (capacity=1, income=233)
2026-07-16 14:28:40,122 [INFO] [POSITION_APPLICATION] Position: Self-employed (contributes to The Atlantic, New York Magazine, various outlets)/Freelance journalist and novelist (capacity=1, income=350)
2026-07-16 14:28:40,122 [INFO] [POSITION_APPLICATION] Position: The Atlantic / New York Magazine Freelance Network/Editorial Research Fellow (capacity=1, income=420)
2026-07-16 14:28:40,122 [INFO] [POSITION_APPLICATION] Position: The Bremer Tenant Association/Building Archivist (capacity=1, income=200)
2026-07-16 14:28:40,122 [INFO] [POSITION_APPLICATION] Aaron Whitfield express_wishes INPUT: current_position=Self-employed (contributes to The Atlantic, New York Magazine, various outlets)/Freelance journalist and novelist, n_positions=10
2026-07-16 14:29:04,000 [INFO] [POSITION_APPLICATION] Aaron Whitfield express_wishes OUTPUT: wishes=['The Atlantic / New York Magazine Freelance Network/Editorial Research Fellow', 'Self-employed (contributes to The Atlantic, New York Magazine, various outlets)/Freelance journalist and novelist', 'The Bremer Tenant Association/Building Archivist'], response_preview='I stare at the list of positions, tapping my pen against the edge of my notebook — a nervous habit I thought I’d broken years ago. The numbers jump out first: $420. $310. $350. My deposit’s at $2,050....'
2026-07-16 14:29:04,001 [INFO] [POSITION_APPLICATION] --- Per-Agent Wishes ---
2026-07-16 14:29:04,001 [INFO] [POSITION_APPLICATION] Aaron Whitfield INPUT: original=Self-employed (contributes to The Atlantic, New York Magazine, various outlets)/Freelance journalist and novelist, wishes=['The Atlantic / New York Magazine Freelance Network/Editorial Research Fellow', 'Self-employed (contributes to The Atlantic, New York Magazine, various outlets)/Freelance journalist and novelist', 'The Bremer Tenant Association/Building Archivist']
2026-07-16 14:29:04,001 [INFO] [POSITION_APPLICATION] === COLLECT WISHES COMPLETE === 1 agents collected
2026-07-16 14:29:04,001 [INFO] [POSITION_APPLICATION] === Round 1: Wish Round ===
2026-07-16 14:29:04,001 [INFO] [POSITION_APPLICATION] --- Sub-round 1 ---
2026-07-16 14:29:04,001 [INFO] [POSITION_APPLICATION] Sub-round 1: 1 positions, 1 batches
2026-07-16 14:29:04,001 [INFO] [POSITION_APPLICATION] --- Sub-round 2 ---
2026-07-16 14:29:04,001 [INFO] [POSITION_APPLICATION] Sub-round 2: no wishes to process
2026-07-16 14:29:04,001 [INFO] [POSITION_APPLICATION] --- Sub-round 3 ---
2026-07-16 14:29:04,001 [INFO] [POSITION_APPLICATION] Sub-round 3: no wishes to process
2026-07-16 14:29:04,001 [INFO] [POSITION_APPLICATION] Round 1 complete: 1 matched
2026-07-16 14:29:04,001 [INFO] [POSITION_APPLICATION] === FINALIZE START ===
2026-07-16 14:29:04,001 [INFO] [POSITION_APPLICATION] --- Per-Agent Results ---
2026-07-16 14:29:04,001 [INFO] [POSITION_APPLICATION] Aaron Whitfield OUTPUT: STAYED original=Self-employed (contributes to The Atlantic, New York Magazine, various outlets)/Freelance journalist and novelist, new=Self-employed (contributes to The Atlantic, New York Magazine, various outlets)/Freelance journalist and novelist, wishes=['The Atlantic / New York Magazine Freelance Network/Editorial Research Fellow', 'Self-employed (contributes to The Atlantic, New York Magazine, various outlets)/Freelance journalist and novelist', 'The Bremer Tenant Association/Building Archivist']
2026-07-16 14:29:04,001 [INFO] [POSITION_APPLICATION] === FINALIZE COMPLETE === 1 accepted (1 stayed, 0 changed, 0 fallback)
2026-07-16 14:29:04,001 [INFO] [POSITION_APPLICATION] Updating colleague relationships
2026-07-16 14:29:04,002 [INFO] [ACHIEVEMENT] 1 agents. Top3: [('Aaron Whitfield', 0, '100.0')], Bottom3: [('Aaron Whitfield', 0, '100.0')]
2026-07-16 14:29:04,002 [INFO] [POSITION_APPLICATION] ========== POSITION APPLICATION SEASON COMPLETE ========== 1 agents processed
