2026-07-16 14:16:18,927 [INFO] [VERIFY-PUBLIC] Loaded 0 active events from file
2026-07-16 14:16:33,154 [INFO] [VERIFY-PUBLIC] Generated 6 new events: ['Rooftop Stargazing & Sketching', 'Community Zine-Making Workshop', 'Silent Bookbinding Circle', 'Greenwich Village Soundwalk', 'Window-Garden Seed-Starting Station', 'Typewriter Poetry Hour']
2026-07-16 14:16:50,659 [INFO] [VERIFY-PUBLIC] Aaron Whitfield: signed up for 2 events: ['public-Y2020-W01-activity-D2-Typewriter_Poetry_Hour', 'public-Y2020-W01-activity-D4-Greenwich_Village_Soundwalk']
2026-07-16 14:19:12,458 [INFO] [VERIFY-PUBLIC-ACT] ========== Starting public activity at Y2020-W01-activity-D2 ==========
2026-07-16 14:19:12,458 [INFO] [VERIFY-PUBLIC-ACT] Activity: Typewriter Poetry Hour, Participants: ['Aaron Whitfield'], parallel=False, internal_parallelism=1
2026-07-16 14:19:12,458 [INFO] [VERIFY-PUBLIC-ACT-STEP1] ===== ENTER =====
2026-07-16 14:19:12,460 [INFO] [VERIFY-PUBLIC-ACT-STEP2] ===== ACT (with function calling) =====
2026-07-16 14:19:20,360 [INFO] [VERIFY-PUBLIC-ACT-STEP2] Aaron Whitfield participated, response length: 1305
2026-07-16 14:19:20,360 [INFO] [VERIFY-PUBLIC-ACT-STEP3] ===== EVALUATE =====
2026-07-16 14:19:23,270 [INFO] [VERIFY-PUBLIC-ACT-STEP3] Aaron Whitfield: delta_vitality=-3, delta_fulfillment={'mood': 4, 'social': 2, 'esteem': 1.8}, delta_skills={'creative_writing': 2}
2026-07-16 14:19:23,270 [INFO] [VERIFY-PUBLIC-ACT-STEP4+5] ===== RECEIVE + APPLY =====
2026-07-16 14:19:23,270 [INFO] [VERIFY-PUBLIC-ACT-STEP4+5] Aaron Whitfield received + applied: vitality_delta=-3
2026-07-16 14:19:23,270 [INFO] [VERIFY-PUBLIC-ACT-STEP6] ===== EXIT =====
2026-07-16 14:19:29,349 [INFO] [VERIFY-PUBLIC-ACT-STEP6] Aaron Whitfield EXIT, reflection length: 824
2026-07-16 14:19:29,349 [INFO] [VERIFY-PUBLIC-ACT-STEP7] ===== RECORD =====
2026-07-16 14:19:29,349 [INFO] [VERIFY-PUBLIC-ACT-STEP7] Saved record for Aaron Whitfield
2026-07-16 14:19:29,349 [INFO] [VERIFY-PUBLIC-ACT] ========== Public activity completed ==========
2026-07-16 14:19:52,857 [INFO] [VERIFY-PUBLIC-ACT] ========== Starting public activity at Y2020-W01-activity-D4 ==========
2026-07-16 14:19:52,857 [INFO] [VERIFY-PUBLIC-ACT] Activity: Greenwich Village Soundwalk, Participants: ['Aaron Whitfield'], parallel=False, internal_parallelism=1
2026-07-16 14:19:52,857 [INFO] [VERIFY-PUBLIC-ACT-STEP1] ===== ENTER =====
2026-07-16 14:19:52,860 [INFO] [VERIFY-PUBLIC-ACT-STEP2] ===== ACT (with function calling) =====
2026-07-16 14:20:03,133 [INFO] [VERIFY-PUBLIC-ACT-STEP2] Aaron Whitfield participated, response length: 1379
2026-07-16 14:20:03,134 [INFO] [VERIFY-PUBLIC-ACT-STEP3] ===== EVALUATE =====
2026-07-16 14:20:11,424 [INFO] [VERIFY-PUBLIC-ACT-STEP3] Aaron Whitfield: delta_vitality=-2, delta_fulfillment={'mood': 4, 'social': 2, 'esteem': 1.5}, delta_skills={'creative_writing': 2, 'journalism': 1, 'research': 1}
2026-07-16 14:20:11,424 [INFO] [VERIFY-PUBLIC-ACT-STEP4+5] ===== RECEIVE + APPLY =====
2026-07-16 14:20:11,425 [INFO] [VERIFY-PUBLIC-ACT-STEP4+5] Aaron Whitfield received + applied: vitality_delta=-2
2026-07-16 14:20:11,425 [INFO] [VERIFY-PUBLIC-ACT-STEP6] ===== EXIT =====
2026-07-16 14:20:18,025 [INFO] [VERIFY-PUBLIC-ACT-STEP6] Aaron Whitfield EXIT, reflection length: 833
2026-07-16 14:20:18,025 [INFO] [VERIFY-PUBLIC-ACT-STEP7] ===== RECORD =====
2026-07-16 14:20:18,025 [INFO] [VERIFY-PUBLIC-ACT-STEP7] Saved record for Aaron Whitfield
2026-07-16 14:20:18,025 [INFO] [VERIFY-PUBLIC-ACT] ========== Public activity completed ==========
2026-07-16 14:23:27,641 [INFO] [VERIFY-PUBLIC] Loaded 0 active events from file
2026-07-16 14:23:40,821 [INFO] [VERIFY-PUBLIC] Generated 6 new events: ['Rooftop Stargazing & Sketching', 'Neighborhood Story Mapping Workshop', 'Corner Coffee Shop Typewriter Jam', 'Greenwich Village Sidewalk Photography Walk', 'Building-Wide Window Planting Initiative', 'Silent Bookbinding Studio']
2026-07-16 14:24:01,758 [INFO] [VERIFY-PUBLIC] Aaron Whitfield: signed up for 1 events: ['public-Y2020-W01-activity-D1-Rooftop_Stargazing_Sketching']
2026-07-16 14:25:54,605 [INFO] [VERIFY-PUBLIC-ACT] ========== Starting public activity at Y2020-W01-activity-D1 ==========
2026-07-16 14:25:54,605 [INFO] [VERIFY-PUBLIC-ACT] Activity: Rooftop Stargazing & Sketching, Participants: ['Aaron Whitfield'], parallel=False, internal_parallelism=1
2026-07-16 14:25:54,605 [INFO] [VERIFY-PUBLIC-ACT-STEP1] ===== ENTER =====
2026-07-16 14:25:54,608 [INFO] [VERIFY-PUBLIC-ACT-STEP2] ===== ACT (with function calling) =====
2026-07-16 14:26:01,977 [INFO] [VERIFY-PUBLIC-ACT-STEP2] Aaron Whitfield participated, response length: 1280
2026-07-16 14:26:01,978 [INFO] [VERIFY-PUBLIC-ACT-STEP3] ===== EVALUATE =====
2026-07-16 14:26:06,525 [INFO] [VERIFY-PUBLIC-ACT-STEP3] Aaron Whitfield: delta_vitality=-3, delta_fulfillment={'mood': 4, 'social': 2, 'esteem': 1.5}, delta_skills={'creative_writing': 1, 'photography': 0.5}
2026-07-16 14:26:06,525 [INFO] [VERIFY-PUBLIC-ACT-STEP4+5] ===== RECEIVE + APPLY =====
2026-07-16 14:26:06,526 [INFO] [VERIFY-PUBLIC-ACT-STEP4+5] Aaron Whitfield received + applied: vitality_delta=-3
2026-07-16 14:26:06,526 [INFO] [VERIFY-PUBLIC-ACT-STEP6] ===== EXIT =====
2026-07-16 14:26:12,279 [INFO] [VERIFY-PUBLIC-ACT-STEP6] Aaron Whitfield EXIT, reflection length: 798
2026-07-16 14:26:12,279 [INFO] [VERIFY-PUBLIC-ACT-STEP7] ===== RECORD =====
2026-07-16 14:26:12,279 [INFO] [VERIFY-PUBLIC-ACT-STEP7] Saved record for Aaron Whitfield
2026-07-16 14:26:12,279 [INFO] [VERIFY-PUBLIC-ACT] ========== Public activity completed ==========
