2026-07-17 09:37:32,330 - cleanup - INFO - [CLEANUP SUMMARY] start_time=Y2020-W01-begin | scanned=1051, trimmed=0, deleted=0, untouched=1051
2026-07-17 09:57:36,016 - cleanup - WARNING - deleted data/school_07170937/god/encounter_activity/year=2020/week=1.jsonl: all 1 records removed (time >= Y2020-W01-begin)
2026-07-17 09:57:36,019 - cleanup - WARNING - deleted data/school_07170937/god/joint_activity/year=2020/week=1.jsonl: all 71 records removed (time >= Y2020-W01-begin)
2026-07-17 09:57:36,019 - cleanup - WARNING - deleted data/school_07170937/god/public_activity/year=2020/week=1.jsonl: all 1 records removed (time >= Y2020-W01-begin)
2026-07-17 09:57:36,020 - cleanup - WARNING - deleted data/school_07170937/god/solo_activity/year=2020/week=1.jsonl: all 43 records removed (time >= Y2020-W01-begin)
2026-07-17 09:57:36,021 - cleanup - WARNING - deleted data/school_07170937/persona/丛雪薇/activity.jsonl: all 5 records removed (time >= Y2020-W01-begin)
2026-07-17 09:57:36,021 - cleanup - WARNING - deleted data/school_07170937/persona/丛雪薇/contact/sig.jsonl: all 5 records removed (time >= Y2020-W01-begin)
2026-07-17 09:57:36,021 - cleanup - WARNING - deleted data/school_07170937/persona/丛雪薇/contact/珂.jsonl: all 5 records removed (time >= Y2020-W01-begin)
2026-07-17 09:57:36,022 - cleanup - WARNING - deleted data/school_07170937/persona/丛雪薇/generation/year=2020/week=1.jsonl: all 23 records removed (time >= Y2020-W01-begin)
2026-07-17 09:57:36,023 - cleanup - WARNING - deleted data/school_07170937/persona/丛雪薇/memory/weekly_diary.jsonl: all 1 records removed (time >= Y2020-W01-begin)
2026-07-17 09:57:36,023 - cleanup - INFO - trimmed data/school_07170937/persona/丛雪薇/state.jsonl: kept=2, removed=8
2026-07-17 09:57:36,023 - cleanup - WARNING - deleted data/school_07170937/persona/何敏/activity.jsonl: all 5 records removed (time >= Y2020-W01-begin)
2026-07-17 09:57:36,023 - cleanup - WARNING - deleted data/school_07170937/persona/何敏/contact/sig.jsonl: all 4 records removed (time >= Y2020-W01-begin)
2026-07-17 09:57:36,023 - cleanup - WARNING - deleted data/school_07170937/persona/何敏/contact/赵敏.jsonl: all 4 records removed (time >= Y2020-W01-begin)
2026-07-17 09:57:36,026 - cleanup - WARNING - deleted data/school_07170937/persona/何敏/generation/year=2020/week=1.jsonl: all 32 records removed (time >= Y2020-W01-begin)
2026-07-17 09:57:36,026 - cleanup - WARNING - deleted data/school_07170937/persona/何敏/memory/weekly_diary.jsonl: all 1 records removed (time >= Y2020-W01-begin)
2026-07-17 09:57:36,027 - cleanup - WARNING - deleted data/school_07170937/persona/何敏/schedule.jsonl: all 1 records removed (time >= Y2020-W01-begin)
2026-07-17 09:57:36,027 - cleanup - INFO - trimmed data/school_07170937/persona/何敏/state.jsonl: kept=2, removed=8
2026-07-17 09:57:36,027 - cleanup - WARNING - deleted data/school_07170937/persona/刘世刚/activity.jsonl: all 5 records removed (time >= Y2020-W01-begin)
2026-07-17 09:57:36,027 - cleanup - WARNING - deleted data/school_07170937/persona/刘世刚/contact/sig.jsonl: all 14 records removed (time >= Y2020-W01-begin)
2026-07-17 09:57:36,027 - cleanup - WARNING - deleted data/school_07170937/persona/刘世刚/contact/刘铭.jsonl: all 8 records removed (time >= Y2020-W01-begin)
2026-07-17 09:57:36,027 - cleanup - WARNING - deleted data/school_07170937/persona/刘世刚/contact/宋慧平.jsonl: all 2 records removed (time >= Y2020-W01-begin)
2026-07-17 09:57:36,027 - cleanup - WARNING - deleted data/school_07170937/persona/刘世刚/contact/江哲远.jsonl: all 2 records removed (time >= Y2020-W01-begin)
2026-07-17 09:57:36,027 - cleanup - WARNING - deleted data/school_07170937/persona/刘世刚/contact/金守正.jsonl: all 2 records removed (time >= Y2020-W01-begin)
2026-07-17 09:57:36,030 - cleanup - WARNING - deleted data/school_07170937/persona/刘世刚/generation/year=2020/week=1.jsonl: all 33 records removed (time >= Y2020-W01-begin)
2026-07-17 09:57:36,030 - cleanup - WARNING - deleted data/school_07170937/persona/刘世刚/memory/weekly_diary.jsonl: all 1 records removed (time >= Y2020-W01-begin)
2026-07-17 09:57:36,030 - cleanup - WARNING - deleted data/school_07170937/persona/刘世刚/schedule.jsonl: all 1 records removed (time >= Y2020-W01-begin)
2026-07-17 09:57:36,030 - cleanup - INFO - trimmed data/school_07170937/persona/刘世刚/state.jsonl: kept=2, removed=8
2026-07-17 09:57:36,031 - cleanup - WARNING - deleted data/school_07170937/persona/刘凡/activity.jsonl: all 5 records removed (time >= Y2020-W01-begin)
2026-07-17 09:57:36,031 - cleanup - WARNING - deleted data/school_07170937/persona/刘凡/contact/sig.jsonl: all 4 records removed (time >= Y2020-W01-begin)
2026-07-17 09:57:36,031 - cleanup - WARNING - deleted data/school_07170937/persona/刘凡/contact/陈羲.jsonl: all 4 records removed (time >= Y2020-W01-begin)
2026-07-17 09:57:36,033 - cleanup - WARNING - deleted data/school_07170937/persona/刘凡/generation/year=2020/week=1.jsonl: all 32 records removed (time >= Y2020-W01-begin)
2026-07-17 09:57:36,033 - cleanup - WARNING - deleted data/school_07170937/persona/刘凡/memory/scratchpad/.access_log.jsonl: all 1 records removed (time >= Y2020-W01-begin)
2026-07-17 09:57:36,033 - cleanup - WARNING - deleted data/school_07170937/persona/刘凡/memory/scratchpad/characters/吕谦.jsonl: all 1 records removed (time >= Y2020-W01-begin)
2026-07-17 09:57:36,033 - cleanup - WARNING - deleted data/school_07170937/persona/刘凡/memory/weekly_diary.jsonl: all 1 records removed (time >= Y2020-W01-begin)
2026-07-17 09:57:36,033 - cleanup - WARNING - deleted data/school_07170937/persona/刘凡/schedule.jsonl: all 1 records removed (time >= Y2020-W01-begin)
2026-07-17 09:57:36,033 - cleanup - INFO - trimmed data/school_07170937/persona/刘凡/state.jsonl: kept=2, removed=8
2026-07-17 09:57:36,033 - cleanup - WARNING - deleted data/school_07170937/persona/刘铭/activity.jsonl: all 5 records removed (time >= Y2020-W01-begin)
2026-07-17 09:57:36,034 - cleanup - WARNING - deleted data/school_07170937/persona/刘铭/contact/sig.jsonl: all 8 records removed (time >= Y2020-W01-begin)
2026-07-17 09:57:36,034 - cleanup - WARNING - deleted data/school_07170937/persona/刘铭/contact/刘世刚.jsonl: all 8 records removed (time >= Y2020-W01-begin)
2026-07-17 09:57:36,036 - cleanup - WARNING - deleted data/school_07170937/persona/刘铭/generation/year=2020/week=1.jsonl: all 32 records removed (time >= Y2020-W01-begin)
2026-07-17 09:57:36,036 - cleanup - WARNING - deleted data/school_07170937/persona/刘铭/memory/weekly_diary.jsonl: all 1 records removed (time >= Y2020-W01-begin)
2026-07-17 09:57:36,036 - cleanup - WARNING - deleted data/school_07170937/persona/刘铭/schedule.jsonl: all 1 records removed (time >= Y2020-W01-begin)
2026-07-17 09:57:36,036 - cleanup - INFO - trimmed data/school_07170937/persona/刘铭/state.jsonl: kept=2, removed=8
2026-07-17 09:57:36,036 - cleanup - WARNING - deleted data/school_07170937/persona/叶/activity.jsonl: all 5 records removed (time >= Y2020-W01-begin)
2026-07-17 09:57:36,037 - cleanup - WARNING - deleted data/school_07170937/persona/叶/contact/sig.jsonl: all 14 records removed (time >= Y2020-W01-begin)
2026-07-17 09:57:36,037 - cleanup - WARNING - deleted data/school_07170937/persona/叶/contact/君.jsonl: all 3 records removed (time >= Y2020-W01-begin)
2026-07-17 09:57:36,037 - cleanup - WARNING - deleted data/school_07170937/persona/叶/contact/周悠.jsonl: all 10 records removed (time >= Y2020-W01-begin)
2026-07-17 09:57:36,037 - cleanup - WARNING - deleted data/school_07170937/persona/叶/contact/赵敏.jsonl: all 1 records removed (time >= Y2020-W01-begin)
2026-07-17 09:57:36,041 - cleanup - WARNING - deleted data/school_07170937/persona/叶/generation/year=2020/week=1.jsonl: all 34 records removed (time >= Y2020-W01-begin)
2026-07-17 09:57:36,042 - cleanup - WARNING - deleted data/school_07170937/persona/叶/memory/weekly_diary.jsonl: all 1 records removed (time >= Y2020-W01-begin)
2026-07-17 09:57:36,042 - cleanup - WARNING - deleted data/school_07170937/persona/叶/schedule.jsonl: all 1 records removed (time >= Y2020-W01-begin)
2026-07-17 09:57:36,042 - cleanup - INFO - trimmed data/school_07170937/persona/叶/state.jsonl: kept=2, removed=8
2026-07-17 09:57:36,042 - cleanup - WARNING - deleted data/school_07170937/persona/吕谦/activity.jsonl: all 5 records removed (time >= Y2020-W01-begin)
2026-07-17 09:57:36,042 - cleanup - WARNING - deleted data/school_07170937/persona/吕谦/contact/sig.jsonl: all 4 records removed (time >= Y2020-W01-begin)
2026-07-17 09:57:36,042 - cleanup - WARNING - deleted data/school_07170937/persona/吕谦/contact/峰.jsonl: all 4 records removed (time >= Y2020-W01-begin)
2026-07-17 09:57:36,046 - cleanup - WARNING - deleted data/school_07170937/persona/吕谦/generation/year=2020/week=1.jsonl: all 33 records removed (time >= Y2020-W01-begin)
2026-07-17 09:57:36,047 - cleanup - WARNING - deleted data/school_07170937/persona/吕谦/memory/scratchpad/.access_log.jsonl: all 2 records removed (time >= Y2020-W01-begin)
2026-07-17 09:57:36,047 - cleanup - WARNING - deleted data/school_07170937/persona/吕谦/memory/scratchpad/characters/刘凡.jsonl: all 1 records removed (time >= Y2020-W01-begin)
2026-07-17 09:57:36,047 - cleanup - WARNING - deleted data/school_07170937/persona/吕谦/memory/scratchpad/general.jsonl: all 1 records removed (time >= Y2020-W01-begin)
2026-07-17 09:57:36,047 - cleanup - WARNING - deleted data/school_07170937/persona/吕谦/memory/weekly_diary.jsonl: all 1 records removed (time >= Y2020-W01-begin)
2026-07-17 09:57:36,047 - cleanup - WARNING - deleted data/school_07170937/persona/吕谦/schedule.jsonl: all 1 records removed (time >= Y2020-W01-begin)
2026-07-17 09:57:36,047 - cleanup - INFO - trimmed data/school_07170937/persona/吕谦/state.jsonl: kept=2, removed=8
2026-07-17 09:57:36,047 - cleanup - WARNING - deleted data/school_07170937/persona/君/activity.jsonl: all 5 records removed (time >= Y2020-W01-begin)
2026-07-17 09:57:36,048 - cleanup - WARNING - deleted data/school_07170937/persona/君/contact/sig.jsonl: all 9 records removed (time >= Y2020-W01-begin)
2026-07-17 09:57:36,048 - cleanup - WARNING - deleted data/school_07170937/persona/君/contact/叶.jsonl: all 3 records removed (time >= Y2020-W01-begin)
2026-07-17 09:57:36,048 - cleanup - WARNING - deleted data/school_07170937/persona/君/contact/沈阑.jsonl: all 6 records removed (time >= Y2020-W01-begin)
2026-07-17 09:57:36,051 - cleanup - WARNING - deleted data/school_07170937/persona/君/generation/year=2020/week=1.jsonl: all 27 records removed (time >= Y2020-W01-begin)
2026-07-17 09:57:36,051 - cleanup - WARNING - deleted data/school_07170937/persona/君/memory/scratchpad/.access_log.jsonl: all 1 records removed (time >= Y2020-W01-begin)
2026-07-17 09:57:36,051 - cleanup - WARNING - deleted data/school_07170937/persona/君/memory/scratchpad/characters/周悠.jsonl: all 1 records removed (time >= Y2020-W01-begin)
2026-07-17 09:57:36,051 - cleanup - WARNING - deleted data/school_07170937/persona/君/memory/weekly_diary.jsonl: all 1 records removed (time >= Y2020-W01-begin)
2026-07-17 09:57:36,051 - cleanup - WARNING - deleted data/school_07170937/persona/君/schedule.jsonl: all 1 records removed (time >= Y2020-W01-begin)
2026-07-17 09:57:36,051 - cleanup - INFO - trimmed data/school_07170937/persona/君/state.jsonl: kept=2, removed=8
2026-07-17 09:57:36,052 - cleanup - WARNING - deleted data/school_07170937/persona/周原/activity.jsonl: all 5 records removed (time >= Y2020-W01-begin)
2026-07-17 09:57:36,052 - cleanup - WARNING - deleted data/school_07170937/persona/周原/contact/sig.jsonl: all 5 records removed (time >= Y2020-W01-begin)
2026-07-17 09:57:36,052 - cleanup - WARNING - deleted data/school_07170937/persona/周原/contact/沈阑.jsonl: all 3 records removed (time >= Y2020-W01-begin)
2026-07-17 09:57:36,052 - cleanup - WARNING - deleted data/school_07170937/persona/周原/contact/郭明澄.jsonl: all 2 records removed (time >= Y2020-W01-begin)
2026-07-17 09:57:36,054 - cleanup - WARNING - deleted data/school_07170937/persona/周原/generation/year=2020/week=1.jsonl: all 23 records removed (time >= Y2020-W01-begin)
2026-07-17 09:57:36,054 - cleanup - WARNING - deleted data/school_07170937/persona/周原/memory/weekly_diary.jsonl: all 1 records removed (time >= Y2020-W01-begin)
2026-07-17 09:57:36,054 - cleanup - INFO - trimmed data/school_07170937/persona/周原/state.jsonl: kept=2, removed=8
2026-07-17 09:57:36,055 - cleanup - WARNING - deleted data/school_07170937/persona/周悠/activity.jsonl: all 5 records removed (time >= Y2020-W01-begin)
2026-07-17 09:57:36,055 - cleanup - WARNING - deleted data/school_07170937/persona/周悠/contact/sig.jsonl: all 16 records removed (time >= Y2020-W01-begin)
2026-07-17 09:57:36,055 - cleanup - WARNING - deleted data/school_07170937/persona/周悠/contact/叶.jsonl: all 10 records removed (time >= Y2020-W01-begin)
2026-07-17 09:57:36,055 - cleanup - WARNING - deleted data/school_07170937/persona/周悠/contact/林屿.jsonl: all 6 records removed (time >= Y2020-W01-begin)
2026-07-17 09:57:36,056 - cleanup - WARNING - deleted data/school_07170937/persona/周悠/generation/year=2020/week=1.jsonl: all 24 records removed (time >= Y2020-W01-begin)
2026-07-17 09:57:36,057 - cleanup - WARNING - deleted data/school_07170937/persona/周悠/schedule.jsonl: all 1 records removed (time >= Y2020-W01-begin)
2026-07-17 09:57:36,057 - cleanup - INFO - trimmed data/school_07170937/persona/周悠/state.jsonl: kept=2, removed=8
2026-07-17 09:57:36,061 - cleanup - WARNING - deleted data/school_07170937/persona/宋慧平/contact/sig.jsonl: all 2 records removed (time >= Y2020-W01-begin)
2026-07-17 09:57:36,061 - cleanup - WARNING - deleted data/school_07170937/persona/宋慧平/contact/刘世刚.jsonl: all 2 records removed (time >= Y2020-W01-begin)
2026-07-17 09:57:36,064 - cleanup - WARNING - deleted data/school_07170937/persona/峰/contact/sig.jsonl: all 4 records removed (time >= Y2020-W01-begin)
2026-07-17 09:57:36,064 - cleanup - WARNING - deleted data/school_07170937/persona/峰/contact/吕谦.jsonl: all 4 records removed (time >= Y2020-W01-begin)
2026-07-17 09:57:36,076 - cleanup - WARNING - deleted data/school_07170937/persona/林屿/contact/sig.jsonl: all 6 records removed (time >= Y2020-W01-begin)
2026-07-17 09:57:36,076 - cleanup - WARNING - deleted data/school_07170937/persona/林屿/contact/周悠.jsonl: all 6 records removed (time >= Y2020-W01-begin)
2026-07-17 09:57:36,080 - cleanup - WARNING - deleted data/school_07170937/persona/江哲远/contact/sig.jsonl: all 2 records removed (time >= Y2020-W01-begin)
2026-07-17 09:57:36,080 - cleanup - WARNING - deleted data/school_07170937/persona/江哲远/contact/刘世刚.jsonl: all 2 records removed (time >= Y2020-W01-begin)
2026-07-17 09:57:36,084 - cleanup - WARNING - deleted data/school_07170937/persona/沈阑/contact/sig.jsonl: all 9 records removed (time >= Y2020-W01-begin)
2026-07-17 09:57:36,084 - cleanup - WARNING - deleted data/school_07170937/persona/沈阑/contact/君.jsonl: all 6 records removed (time >= Y2020-W01-begin)
2026-07-17 09:57:36,085 - cleanup - WARNING - deleted data/school_07170937/persona/沈阑/contact/周原.jsonl: all 3 records removed (time >= Y2020-W01-begin)
2026-07-17 09:57:36,094 - cleanup - WARNING - deleted data/school_07170937/persona/珂/contact/sig.jsonl: all 5 records removed (time >= Y2020-W01-begin)
2026-07-17 09:57:36,095 - cleanup - WARNING - deleted data/school_07170937/persona/珂/contact/丛雪薇.jsonl: all 5 records removed (time >= Y2020-W01-begin)
2026-07-17 09:57:36,109 - cleanup - WARNING - deleted data/school_07170937/persona/赵敏/contact/sig.jsonl: all 5 records removed (time >= Y2020-W01-begin)
2026-07-17 09:57:36,110 - cleanup - WARNING - deleted data/school_07170937/persona/赵敏/contact/何敏.jsonl: all 4 records removed (time >= Y2020-W01-begin)
2026-07-17 09:57:36,110 - cleanup - WARNING - deleted data/school_07170937/persona/赵敏/contact/叶.jsonl: all 1 records removed (time >= Y2020-W01-begin)
2026-07-17 09:57:36,114 - cleanup - WARNING - deleted data/school_07170937/persona/郭明澄/contact/sig.jsonl: all 2 records removed (time >= Y2020-W01-begin)
2026-07-17 09:57:36,114 - cleanup - WARNING - deleted data/school_07170937/persona/郭明澄/contact/周原.jsonl: all 2 records removed (time >= Y2020-W01-begin)
2026-07-17 09:57:36,116 - cleanup - WARNING - deleted data/school_07170937/persona/金守正/contact/sig.jsonl: all 2 records removed (time >= Y2020-W01-begin)
2026-07-17 09:57:36,116 - cleanup - WARNING - deleted data/school_07170937/persona/金守正/contact/刘世刚.jsonl: all 2 records removed (time >= Y2020-W01-begin)
2026-07-17 09:57:36,123 - cleanup - WARNING - deleted data/school_07170937/persona/陈羲/contact/sig.jsonl: all 4 records removed (time >= Y2020-W01-begin)
2026-07-17 09:57:36,123 - cleanup - WARNING - deleted data/school_07170937/persona/陈羲/contact/刘凡.jsonl: all 4 records removed (time >= Y2020-W01-begin)
2026-07-17 09:57:36,128 - cleanup - WARNING - deleted data/school_07170937/public_events.jsonl: all 5 records removed (time >= Y2020-W01-begin)
2026-07-17 09:57:36,128 - cleanup - INFO - [CLEANUP SUMMARY] start_time=Y2020-W01-begin | scanned=1187, trimmed=10, deleted=99, untouched=1078
